Component: ARM Compiler 5.06 update 4 (build 422) Tool: armlink [4d35d2]

==============================================================================

Section Cross References

    main.o(i.Appli_Exti_CB) refers to main.o(.data) for .data
    main.o(i.Fatal_Error) refers to sdk_eval_led.o(i.SdkEvalLedInit) for SdkEvalLedInit
    main.o(i.Fatal_Error) refers to st_lowlevel_nucleo.o(i.ST_LOWLEVEL_Delay) for ST_LOWLEVEL_Delay
    main.o(i.Fatal_Error) refers to sdk_eval_led.o(i.SdkEvalLedToggle) for SdkEvalLedToggle
    main.o(i.Humidity_Sensor_Handler) refers to x_nucleo_iks01a2_humidity.o(i.BSP_HUMIDITY_Get_Instance) for BSP_HUMIDITY_Get_Instance
    main.o(i.Humidity_Sensor_Handler) refers to x_nucleo_iks01a2_humidity.o(i.BSP_HUMIDITY_IsInitialized) for BSP_HUMIDITY_IsInitialized
    main.o(i.Humidity_Sensor_Handler) refers to x_nucleo_iks01a2_humidity.o(i.BSP_HUMIDITY_Get_Hum) for BSP_HUMIDITY_Get_Hum
    main.o(i.Humidity_Sensor_Handler) refers to main.o(i.floatToInt) for floatToInt
    main.o(i.Humidity_Sensor_Handler) refers to com.o(i.vcom_Send) for vcom_Send
    main.o(i.Humidity_Sensor_Handler) refers to fmul.o(.text) for __aeabi_fmul
    main.o(i.Humidity_Sensor_Handler) refers to ffixi.o(.text) for __aeabi_f2iz
    main.o(i.Humidity_Sensor_Handler) refers to fflti.o(.text) for __aeabi_i2f
    main.o(i.Temperature_Sensor_Handler) refers to x_nucleo_iks01a2_temperature.o(i.BSP_TEMPERATURE_Get_Instance) for BSP_TEMPERATURE_Get_Instance
    main.o(i.Temperature_Sensor_Handler) refers to x_nucleo_iks01a2_temperature.o(i.BSP_TEMPERATURE_IsInitialized) for BSP_TEMPERATURE_IsInitialized
    main.o(i.Temperature_Sensor_Handler) refers to x_nucleo_iks01a2_temperature.o(i.BSP_TEMPERATURE_Get_Temp) for BSP_TEMPERATURE_Get_Temp
    main.o(i.Temperature_Sensor_Handler) refers to main.o(i.floatToInt) for floatToInt
    main.o(i.Temperature_Sensor_Handler) refers to com.o(i.vcom_Send) for vcom_Send
    main.o(i.Temperature_Sensor_Handler) refers to fmul.o(.text) for __aeabi_fmul
    main.o(i.Temperature_Sensor_Handler) refers to ffixi.o(.text) for __aeabi_f2iz
    main.o(i.Temperature_Sensor_Handler) refers to fflti.o(.text) for __aeabi_i2f
    main.o(i.enableAllSensors) refers to x_nucleo_iks01a2_humidity.o(i.BSP_HUMIDITY_Sensor_Enable) for BSP_HUMIDITY_Sensor_Enable
    main.o(i.enableAllSensors) refers to x_nucleo_iks01a2_temperature.o(i.BSP_TEMPERATURE_Sensor_Enable) for BSP_TEMPERATURE_Sensor_Enable
    main.o(i.enableAllSensors) refers to x_nucleo_iks01a2_pressure.o(i.BSP_PRESSURE_Sensor_Enable) for BSP_PRESSURE_Sensor_Enable
    main.o(i.enableAllSensors) refers to sdk_eval_timers.o(i.SdkDelayMs) for SdkDelayMs
    main.o(i.enableAllSensors) refers to main.o(.data) for .data
    main.o(i.enterGpioLowPower) refers to stm32l0xx_hal_gpio.o(i.HAL_GPIO_Init) for HAL_GPIO_Init
    main.o(i.enterGpioLowPower) refers to sdk_eval_spi_driver_dma.o(i.SdkEvalSpiDeinit) for SdkEvalSpiDeinit
    main.o(i.enterGpioLowPower) refers to sdk_eval_button.o(i.SdkEvalPushButtonInit) for SdkEvalPushButtonInit
    main.o(i.enterGpioLowPower) refers to sdk_eval_gpio.o(i.SdkEvalM2SGpioInit) for SdkEvalM2SGpioInit
    main.o(i.enterGpioLowPower) refers to sdk_eval_gpio.o(i.SdkEvalEnterShutdown) for SdkEvalEnterShutdown
    main.o(i.exitGpioLowPower) refers to sdk_eval_gpio.o(i.SdkEvalM2SGpioInit) for SdkEvalM2SGpioInit
    main.o(i.exitGpioLowPower) refers to sdk_eval_spi_driver_dma.o(i.SdkEvalSpiInit) for SdkEvalSpiInit
    main.o(i.floatToInt) refers to ffixi.o(.text) for __aeabi_f2iz
    main.o(i.floatToInt) refers to fflti.o(.text) for __aeabi_i2f
    main.o(i.floatToInt) refers to fadd.o(.text) for __aeabi_frsub
    main.o(i.floatToInt) refers to dflti.o(.text) for __aeabi_i2d
    main.o(i.floatToInt) refers to pow.o(i.pow) for pow
    main.o(i.floatToInt) refers to f2d.o(.text) for __aeabi_f2d
    main.o(i.floatToInt) refers to dmul.o(.text) for __aeabi_dmul
    main.o(i.floatToInt) refers to trunc.o(i.trunc) for trunc
    main.o(i.floatToInt) refers to dfixi.o(.text) for __aeabi_d2iz
    main.o(i.main) refers to memseta.o(.text) for __aeabi_memclr4
    main.o(i.main) refers to stm32l0xx_hal.o(i.HAL_Init) for HAL_Init
    main.o(i.main) refers to st_lowlevel_nucleo.o(i.ST_LOWLEVEL_SetSysClock) for ST_LOWLEVEL_SetSysClock
    main.o(i.main) refers to sdk_eval_config.o(i.SdkEvalIdentification) for SdkEvalIdentification
    main.o(i.main) refers to sdk_eval_gpio.o(i.SdkEvalM2SGpioInit) for SdkEvalM2SGpioInit
    main.o(i.main) refers to sdk_eval_spi_driver_dma.o(i.SdkEvalSpiInit) for SdkEvalSpiInit
    main.o(i.main) refers to sdk_eval_eeprom.o(i.EepromSpiInitialization) for EepromSpiInitialization
    main.o(i.main) refers to com.o(i.USARTConfig) for USARTConfig
    main.o(i.main) refers to x_nucleo_iks01a2_humidity.o(i.BSP_HUMIDITY_DeInit) for BSP_HUMIDITY_DeInit
[...]
    S2LPPktWMbusInit                         0x08004c41   Thumb Code   162  S2LP_PktWMbus.o(.text)
    S2LPPktWMbusGetInfo                      0x08004ce3   Thumb Code    76  S2LP_PktWMbus.o(.text)
    S2LPPktWMbusSetFormat                    0x08004d2f   Thumb Code    34  S2LP_PktWMbus.o(.text)
    S2LPPktWMbusSetPostamble                 0x08004d51   Thumb Code    22  S2LP_PktWMbus.o(.text)
    S2LPPktWMbusGetPostamble                 0x08004d67   Thumb Code    34  S2LP_PktWMbus.o(.text)
    S2LPPktWMbusSetSubmode                   0x08004d89   Thumb Code     6  S2LP_PktWMbus.o(.text)
    S2LPPktWMbusGetSubmode                   0x08004d8f   Thumb Code     6  S2LP_PktWMbus.o(.text)
    S2LPPktWMbusSetPayloadLength             0x08004d95   Thumb Code    28  S2LP_PktWMbus.o(.text)
    S2LPPktWMbusGetPayloadLength             0x08004dbb   Thumb Code    40  S2LP_PktWMbus.o(.text)
    SIGFOX_CRC_crc16                         0x08004df1   Thumb Code    58  sigfox_crc.o(.text)
    SIGFOX_CRC_crc8                          0x08004e31   Thumb Code    52  sigfox_crc.o(.text)
    SIGFOX_HMAC_compute_aes                  0x08004e65   Thumb Code    84  sigfox_hmac.o(.text)
    SIGFOX_SCRAMB_compute                    0x08004eb9   Thumb Code   108  sigfox_scramb.o(.text)
    __aeabi_uidiv                            0x08004f35   Thumb Code     0  uidiv.o(.text)
    __aeabi_uidivmod                         0x08004f35   Thumb Code    44  uidiv.o(.text)
    __aeabi_idiv                             0x08004f61   Thumb Code     0  idiv.o(.text)
    __aeabi_idivmod                          0x08004f61   Thumb Code    40  idiv.o(.text)
    __aeabi_memcpy                           0x08004f89   Thumb Code    36  memcpya.o(.text)
    __aeabi_memcpy4                          0x08004f89   Thumb Code     0  memcpya.o(.text)
    __aeabi_memcpy8                          0x08004f89   Thumb Code     0  memcpya.o(.text)
    __aeabi_memset                           0x08004fad   Thumb Code    14  memseta.o(.text)
    __aeabi_memset4                          0x08004fad   Thumb Code     0  memseta.o(.text)
    __aeabi_memset8                          0x08004fad   Thumb Code     0  memseta.o(.text)
    __aeabi_memclr                           0x08004fbb   Thumb Code     4  memseta.o(.text)
    __aeabi_memclr4                          0x08004fbb   Thumb Code     0  memseta.o(.text)
    __aeabi_memclr8                          0x08004fbb   Thumb Code     0  memseta.o(.text)
    _memset$wrapper                          0x08004fbf   Thumb Code    18  memseta.o(.text)
    __aeabi_fadd                             0x08004fd1   Thumb Code   162  fadd.o(.text)
    __aeabi_fsub                             0x08005073   Thumb Code     8  fadd.o(.text)
    __aeabi_frsub                            0x0800507b   Thumb Code     8  fadd.o(.text)
    __aeabi_fmul                             0x08005083   Thumb Code   122  fmul.o(.text)
    __aeabi_fdiv                             0x080050fd   Thumb Code   124  fdiv.o(.text)
    __aeabi_dadd                             0x08005179   Thumb Code   328  dadd.o(.text)
    __aeabi_dsub                             0x080052c1   Thumb Code    12  dadd.o(.text)
    __aeabi_drsub                            0x080052cd   Thumb Code    12  dadd.o(.text)
    __aeabi_dmul                             0x080052dd   Thumb Code   202  dmul.o(.text)
    __aeabi_ddiv                             0x080053ad   Thumb Code   234  ddiv.o(.text)
    __ARM_scalbn                             0x0800549d   Thumb Code    44  dscalb.o(.text)
    scalbn                                   0x0800549d   Thumb Code     0  dscalb.o(.text)
    __aeabi_i2f                              0x080054c9   Thumb Code    22  fflti.o(.text)
    __aeabi_ui2f                             0x080054df   Thumb Code    14  ffltui.o(.text)
    __aeabi_i2d                              0x080054ed   Thumb Code    34  dflti.o(.text)
    __aeabi_ui2d                             0x08005515   Thumb Code    24  dfltui.o(.text)
    __aeabi_f2iz                             0x08005531   Thumb Code    50  ffixi.o(.text)
    __aeabi_f2uiz                            0x08005563   Thumb Code    40  ffixui.o(.text)
    __aeabi_d2iz                             0x0800558d   Thumb Code    62  dfixi.o(.text)
    __aeabi_d2uiz                            0x080055d5   Thumb Code    50  dfixui.o(.text)
    __aeabi_f2d                              0x08005611   Thumb Code    40  f2d.o(.text)
    __aeabi_d2f                              0x08005639   Thumb Code    56  d2f.o(.text)
    __aeabi_cfrcmple                         0x08005671   Thumb Code    20  cfrcmple.o(.text)
    __aeabi_uldivmod                         0x08005685   Thumb Code    96  uldiv.o(.text)
    __aeabi_llsl                             0x080056e5   Thumb Code    32  llshl.o(.text)
    _ll_shift_l                              0x080056e5   Thumb Code     0  llshl.o(.text)
    __aeabi_llsr                             0x08005705   Thumb Code    34  llushr.o(.text)
    _ll_ushift_r                             0x08005705   Thumb Code     0  llushr.o(.text)
    __aeabi_lasr                             0x08005727   Thumb Code    38  llsshr.o(.text)
    _ll_sshift_r                             0x08005727   Thumb Code     0  llsshr.o(.text)
    __I$use$fp                               0x0800574d   Thumb Code     0  iusefp.o(.text)
    _float_round                             0x0800574d   Thumb Code    16  fepilogue.o(.text)
    _float_epilogue                          0x0800575d   Thumb Code   114  fepilogue.o(.text)
    _double_round                            0x080057cf   Thumb Code    26  depilogue.o(.text)
    _double_epilogue                         0x080057e9   Thumb Code   164  depilogue.o(.text)
    _drnd                                    0x0800588d   Thumb Code   114  drnd.o(.text)
    __aeabi_d2ulz                            0x08005909   Thumb Code    54  dfixul.o(.text)
    __aeabi_cdcmpeq                          0x08005949   Thumb Code     0  cdcmple.o(.text)
    __aeabi_cdcmple                          0x08005949   Thumb Code    38  cdcmple.o(.text)
    __aeabi_cdrcmple                         0x08005971   Thumb Code    38  cdrcmple.o(.text)
    __scatterload                            0x08005999   Thumb Code    28  init.o(.text)
    __scatterload_rt2                        0x08005999   Thumb Code     0  init.o(.text)
    __I$use$semihosting$fputc                0x080059bd   Thumb Code     0  iusesemip.o(.text)
    __semihosting_library_function           0x080059bd   Thumb Code     0  semi.o(.text)
    _dsqrt                                   0x080059bd   Thumb Code   162  dsqrt.o(.text)
    __decompress                             0x08005a5f   Thumb Code     0  __dczerorl2.o(.text)
    __decompress1                            0x08005a5f   Thumb Code    86  __dczerorl2.o(.text)
    Appli_Exti_CB                            0x08005ab5   Thumb Code    16  main.o(i.Appli_Exti_CB)
    BSP_HUMIDITY_DeInit                      0x08005bad   Thumb Code    44  x_nucleo_iks01a2_humidity.o(i.BSP_HUMIDITY_DeInit)
    BSP_HUMIDITY_Get_Hum                     0x08005bd9   Thumb Code    32  x_nucleo_iks01a2_humidity.o(i.BSP_HUMIDITY_Get_Hum)
    BSP_HUMIDITY_Get_Instance                0x08005bf9   Thumb Code    20  x_nucleo_iks01a2_humidity.o(i.BSP_HUMIDITY_Get_Instance)
    BSP_HUMIDITY_Init                        0x08005c0d   Thumb Code    20  x_nucleo_iks01a2_humidity.o(i.BSP_HUMIDITY_Init)
    BSP_HUMIDITY_IsInitialized               0x08005c21   Thumb Code    20  x_nucleo_iks01a2_humidity.o(i.BSP_HUMIDITY_IsInitialized)
    BSP_HUMIDITY_Sensor_Disable              0x08005c35   Thumb Code    28  x_nucleo_iks01a2_humidity.o(i.BSP_HUMIDITY_Sensor_Disable)
    BSP_HUMIDITY_Sensor_Enable               0x08005c51   Thumb Code    28  x_nucleo_iks01a2_humidity.o(i.BSP_HUMIDITY_Sensor_Enable)
    BSP_PRESSURE_DeInit                      0x08005d6d   Thumb Code    44  x_nucleo_iks01a2_pressure.o(i.BSP_PRESSURE_DeInit)
    BSP_PRESSURE_Init                        0x08005d99   Thumb Code    20  x_nucleo_iks01a2_pressure.o(i.BSP_PRESSURE_Init)
    BSP_PRESSURE_Sensor_Disable              0x08005dad   Thumb Code    28  x_nucleo_iks01a2_pressure.o(i.BSP_PRESSURE_Sensor_Disable)
    BSP_PRESSURE_Sensor_Enable               0x08005dc9   Thumb Code    28  x_nucleo_iks01a2_pressure.o(i.BSP_PRESSURE_Sensor_Enable)
    BSP_TEMPERATURE_DeInit                   0x08005de5   Thumb Code    44  x_nucleo_iks01a2_temperature.o(i.BSP_TEMPERATURE_DeInit)
    BSP_TEMPERATURE_Get_Instance             0x08005e11   Thumb Code    20  x_nucleo_iks01a2_temperature.o(i.BSP_TEMPERATURE_Get_Instance)
    BSP_TEMPERATURE_Get_Temp                 0x08005e25   Thumb Code    32  x_nucleo_iks01a2_temperature.o(i.BSP_TEMPERATURE_Get_Temp)
    BSP_TEMPERATURE_Init                     0x08005e45   Thumb Code    48  x_nucleo_iks01a2_temperature.o(i.BSP_TEMPERATURE_Init)
    BSP_TEMPERATURE_IsInitialized            0x08005e75   Thumb Code    20  x_nucleo_iks01a2_temperature.o(i.BSP_TEMPERATURE_IsInitialized)
    BSP_TEMPERATURE_Sensor_Disable           0x08005e89   Thumb Code    28  x_nucleo_iks01a2_temperature.o(i.BSP_TEMPERATURE_Sensor_Disable)
    BSP_TEMPERATURE_Sensor_Enable            0x08005ea5   Thumb Code    28  x_nucleo_iks01a2_temperature.o(i.BSP_TEMPERATURE_Sensor_Enable)
    EXTI0_1_IRQHandler                       0x08005f31   Thumb Code    30  stm32l0xx_it.o(i.EXTI0_1_IRQHandler)
    EXTI2_3_IRQHandler                       0x08005f55   Thumb Code    30  stm32l0xx_it.o(i.EXTI2_3_IRQHandler)
    EXTI4_15_IRQHandler                      0x08005f79   Thumb Code   144  stm32l0xx_it.o(i.EXTI4_15_IRQHandler)
    EepromIdentification                     0x0800600d   Thumb Code    50  s2lp_sdk_util.o(i.EepromIdentification)
    EepromRead                               0x08006041   Thumb Code   108  sdk_eval_eeprom.o(i.EepromRead)
    EepromSetSrwd                            0x080060b1   Thumb Code    60  sdk_eval_eeprom.o(i.EepromSetSrwd)
    EepromSpiInitialization                  0x080060f5   Thumb Code   212  sdk_eval_eeprom.o(i.EepromSpiInitialization)
    EepromStatus                             0x080061d9   Thumb Code    60  sdk_eval_eeprom.o(i.EepromStatus)
    EepromWaitEndWriteOperation              0x0800621d   Thumb Code    82  sdk_eval_eeprom.o(i.EepromWaitEndWriteOperation)
    EepromWriteEnable                        0x08006275   Thumb Code    56  sdk_eval_eeprom.o(i.EepromWriteEnable)
    FLASH_WaitForLastOperation               0x08006329   Thumb Code   122  stm32l0xx_hal_flash.o(i.FLASH_WaitForLastOperation)
    Fatal_Error                              0x080063a9   Thumb Code    20  main.o(i.Fatal_Error)
    HAL_DMA_IRQHandler                       0x080063bd   Thumb Code   634  stm32l0xx_hal_dma.o(i.HAL_DMA_IRQHandler)
    HAL_DMA_Init                             0x0800663d   Thumb Code   254  stm32l0xx_hal_dma.o(i.HAL_DMA_Init)
    HAL_DMA_Start_IT                         0x08006745   Thumb Code    78  stm32l0xx_hal_dma.o(i.HAL_DMA_Start_IT)
    HAL_FLASHEx_DATAEEPROM_Lock              0x08006795   Thumb Code    14  stm32l0xx_hal_flash_ex.o(i.HAL_FLASHEx_DATAEEPROM_Lock)
    HAL_FLASHEx_DATAEEPROM_Program           0x080067a9   Thumb Code    76  stm32l0xx_hal_flash_ex.o(i.HAL_FLASHEx_DATAEEPROM_Program)
    HAL_FLASHEx_DATAEEPROM_Unlock            0x080067fd   Thumb Code    24  stm32l0xx_hal_flash_ex.o(i.HAL_FLASHEx_DATAEEPROM_Unlock)
    HAL_GPIO_EXTI_Callback                   0x08006821   Thumb Code    18  st_lowlevel_nucleo.o(i.HAL_GPIO_EXTI_Callback)
    HAL_GPIO_EXTI_IRQHandler                 0x08006835   Thumb Code    18  stm32l0xx_hal_gpio.o(i.HAL_GPIO_EXTI_IRQHandler)
    HAL_GPIO_Init                            0x0800684d   Thumb Code   312  stm32l0xx_hal_gpio.o(i.HAL_GPIO_Init)
    HAL_GPIO_WritePin                        0x080069a1   Thumb Code    12  stm32l0xx_hal_gpio.o(i.HAL_GPIO_WritePin)
    HAL_GetTick                              0x080069ad   Thumb Code     6  stm32l0xx_hal.o(i.HAL_GetTick)
    HAL_I2C_DeInit                           0x080069b9   Thumb Code    44  stm32l0xx_hal_i2c.o(i.HAL_I2C_DeInit)
    HAL_I2C_GetState                         0x080069e5   Thumb Code     6  stm32l0xx_hal_i2c.o(i.HAL_I2C_GetState)
    HAL_I2C_Init                             0x080069ed   Thumb Code   158  stm32l0xx_hal_i2c.o(i.HAL_I2C_Init)
    HAL_I2C_Mem_Read                         0x08006a91   Thumb Code   272  stm32l0xx_hal_i2c.o(i.HAL_I2C_Mem_Read)
    HAL_I2C_Mem_Write                        0x08006ba5   Thumb Code   258  stm32l0xx_hal_i2c.o(i.HAL_I2C_Mem_Write)
    HAL_I2C_MspDeInit                        0x08006cad   Thumb Code     2  stm32l0xx_hal_i2c.o(i.HAL_I2C_MspDeInit)
    HAL_I2C_MspInit                          0x08006caf   Thumb Code     2  stm32l0xx_hal_i2c.o(i.HAL_I2C_MspInit)
    HAL_Init                                 0x08006cb1   Thumb Code    34  stm32l0xx_hal.o(i.HAL_Init)
    HAL_InitTick                             0x08006cd9   Thumb Code    34  stm32l0xx_hal.o(i.HAL_InitTick)
    HAL_MspInit                              0x08006cfb   Thumb Code     2  stm32l0xx_hal_msp_template.o(i.HAL_MspInit)
    HAL_NVIC_DisableIRQ                      0x08006cfd   Thumb Code    26  stm32l0xx_hal_cortex.o(i.HAL_NVIC_DisableIRQ)
    HAL_NVIC_EnableIRQ                       0x08006d1d   Thumb Code    18  stm32l0xx_hal_cortex.o(i.HAL_NVIC_EnableIRQ)
    HAL_NVIC_SetPriority                     0x08006d35   Thumb Code     8  stm32l0xx_hal_cortex.o(i.HAL_NVIC_SetPriority)
    HAL_PWR_EnableBkUpAccess                 0x08006d3d   Thumb Code    12  stm32l0xx_hal_pwr.o(i.HAL_PWR_EnableBkUpAccess)
    HAL_PWR_EnterSTOPMode                    0x08006d4d   Thumb Code    44  stm32l0xx_hal_pwr.o(i.HAL_PWR_EnterSTOPMode)
    HAL_RCCEx_PeriphCLKConfig                0x08006d81   Thumb Code   376  stm32l0xx_hal_rcc_ex.o(i.HAL_RCCEx_PeriphCLKConfig)
    HAL_RCC_ClockConfig                      0x08006f05   Thumb Code   320  stm32l0xx_hal_rcc.o(i.HAL_RCC_ClockConfig)
    HAL_RCC_GetHCLKFreq                      0x08007051   Thumb Code    26  stm32l0xx_hal_rcc.o(i.HAL_RCC_GetHCLKFreq)
    HAL_RCC_GetPCLK1Freq                     0x08007079   Thumb Code    22  stm32l0xx_hal_rcc.o(i.HAL_RCC_GetPCLK1Freq)
    HAL_RCC_GetPCLK2Freq                     0x08007099   Thumb Code    22  stm32l0xx_hal_rcc.o(i.HAL_RCC_GetPCLK2Freq)
    HAL_RCC_GetSysClockFreq                  0x080070b9   Thumb Code   108  stm32l0xx_hal_rcc.o(i.HAL_RCC_GetSysClockFreq)
    HAL_RCC_OscConfig                        0x0800713d   Thumb Code  1050  stm32l0xx_hal_rcc.o(i.HAL_RCC_OscConfig)
    HAL_RTCEx_DeactivateWakeUpTimer          0x08007557   Thumb Code   122  stm32l0xx_hal_rtc_ex.o(i.HAL_RTCEx_DeactivateWakeUpTimer)
    HAL_RTCEx_SetWakeUpTimer_IT              0x080075d1   Thumb Code   216  stm32l0xx_hal_rtc_ex.o(i.HAL_RTCEx_SetWakeUpTimer_IT)
    HAL_RTCEx_WakeUpTimerEventCallback       0x080076ad   Thumb Code     2  stm32l0xx_hal_rtc_ex.o(i.HAL_RTCEx_WakeUpTimerEventCallback)
    HAL_RTCEx_WakeUpTimerIRQHandler          0x080076b1   Thumb Code    48  stm32l0xx_hal_rtc_ex.o(i.HAL_RTCEx_WakeUpTimerIRQHandler)
    HAL_SPI_ErrorCallback                    0x080076e9   Thumb Code     2  stm32l0xx_hal_spi.o(i.HAL_SPI_ErrorCallback)
    HAL_SPI_GetState                         0x080076eb   Thumb Code     6  stm32l0xx_hal_spi.o(i.HAL_SPI_GetState)
    HAL_SPI_Init                             0x080076f1   Thumb Code   132  stm32l0xx_hal_spi.o(i.HAL_SPI_Init)
    HAL_SPI_MspInit                          0x08007775   Thumb Code     2  stm32l0xx_hal_spi.o(i.HAL_SPI_MspInit)
    HAL_SPI_RxCpltCallback                   0x08007777   Thumb Code     2  stm32l0xx_hal_spi.o(i.HAL_SPI_RxCpltCallback)
    HAL_SPI_RxHalfCpltCallback               0x08007779   Thumb Code     2  stm32l0xx_hal_spi.o(i.HAL_SPI_RxHalfCpltCallback)
    HAL_SPI_TransmitReceive                  0x0800777b   Thumb Code   684  stm32l0xx_hal_spi.o(i.HAL_SPI_TransmitReceive)
    HAL_SPI_TransmitReceive_DMA              0x08007a29   Thumb Code   236  stm32l0xx_hal_spi.o(i.HAL_SPI_TransmitReceive_DMA)
    HAL_SPI_TxRxCpltCallback                 0x08007b29   Thumb Code     2  stm32l0xx_hal_spi.o(i.HAL_SPI_TxRxCpltCallback)
    HAL_SPI_TxRxHalfCpltCallback             0x08007b2b   Thumb Code     2  stm32l0xx_hal_spi.o(i.HAL_SPI_TxRxHalfCpltCallback)
    HAL_SYSTICK_Config                       0x08007b2d   Thumb Code    38  stm32l0xx_hal_cortex.o(i.HAL_SYSTICK_Config)
    HAL_TIM_Base_Init                        0x08007b5d   Thumb Code    52  stm32l0xx_hal_tim.o(i.HAL_TIM_Base_Init)
    HAL_TIM_Base_MspInit                     0x08007b91   Thumb Code     2  stm32l0xx_hal_tim.o(i.HAL_TIM_Base_MspInit)
    HAL_TIM_Base_Start                       0x08007b93   Thumb Code    24  stm32l0xx_hal_tim.o(i.HAL_TIM_Base_Start)
    HAL_TIM_Base_Start_IT                    0x08007bab   Thumb Code    22  stm32l0xx_hal_tim.o(i.HAL_TIM_Base_Start_IT)
    HAL_TIM_Base_Stop                        0x08007bc1   Thumb Code    34  stm32l0xx_hal_tim.o(i.HAL_TIM_Base_Stop)
    HAL_TIM_Base_Stop_IT                     0x08007be9   Thumb Code    32  stm32l0xx_hal_tim.o(i.HAL_TIM_Base_Stop_IT)
    HAL_UART_Init                            0x08007c0d   Thumb Code   104  stm32l0xx_hal_uart.o(i.HAL_UART_Init)
    HAL_UART_MspInit                         0x08007c75   Thumb Code     2  stm32l0xx_hal_uart.o(i.HAL_UART_MspInit)
    HAL_UART_Transmit                        0x08007c77   Thumb Code   186  stm32l0xx_hal_uart.o(i.HAL_UART_Transmit)
    HTS221_Activate                          0x08007d31   Thumb Code    50  hts221_driver.o(i.HTS221_Activate)
    HTS221_DeActivate                        0x08007d89   Thumb Code    48  hts221_driver.o(i.HTS221_DeActivate)
    HTS221_Get_DataStatus                    0x08007db9   Thumb Code    48  hts221_driver.o(i.HTS221_Get_DataStatus)
    HTS221_Get_DeviceID                      0x08007de9   Thumb Code    20  hts221_driver.o(i.HTS221_Get_DeviceID)
    HTS221_Get_Humidity                      0x08007dfd   Thumb Code   200  hts221_driver.o(i.HTS221_Get_Humidity)
    HTS221_Get_Odr                           0x08007f15   Thumb Code    38  hts221_driver.o(i.HTS221_Get_Odr)
    HTS221_Get_Temperature                   0x08007f3d   Thumb Code   190  hts221_driver.o(i.HTS221_Get_Temperature)
    HTS221_ReadReg                           0x0800818b   Thumb Code    28  hts221_driver.o(i.HTS221_ReadReg)
    HTS221_Set_BduMode                       0x080081d5   Thumb Code    72  hts221_driver.o(i.HTS221_Set_BduMode)
    HTS221_Set_Odr                           0x080082b1   Thumb Code    74  hts221_driver.o(i.HTS221_Set_Odr)
    HTS221_WriteReg                          0x08008489   Thumb Code    28  hts221_driver.o(i.HTS221_WriteReg)
    HTS221_assert_failed                     0x080084b9   Thumb Code    12  hts221_driver.o(i.HTS221_assert_failed)
    HardFault_Handler                        0x080084f5   Thumb Code     2  stm32l0xx_it.o(i.HardFault_Handler)
    LPS22HB_Get_DataStatus                   0x08008a99   Thumb Code    58  lps22hb_driver.o(i.LPS22HB_Get_DataStatus)
    LPS22HB_Get_DeviceID                     0x08008ad3   Thumb Code    20  lps22hb_driver.o(i.LPS22HB_Get_DeviceID)
    LPS22HB_Get_FifoMode                     0x08008ae7   Thumb Code    38  lps22hb_driver.o(i.LPS22HB_Get_FifoMode)
    LPS22HB_Get_FifoStatus                   0x08008b0d   Thumb Code    70  lps22hb_driver.o(i.LPS22HB_Get_FifoStatus)
    LPS22HB_Get_FifoWatermarkLevel           0x08008b53   Thumb Code    34  lps22hb_driver.o(i.LPS22HB_Get_FifoWatermarkLevel)
    LPS22HB_Get_Odr                          0x08008bd9   Thumb Code    36  lps22hb_driver.o(i.LPS22HB_Get_Odr)
    LPS22HB_Get_Pressure                     0x08008c25   Thumb Code    38  lps22hb_driver.o(i.LPS22HB_Get_Pressure)
    LPS22HB_Get_RawPressure                  0x08008c4b   Thumb Code    60  lps22hb_driver.o(i.LPS22HB_Get_RawPressure)
    LPS22HB_Get_RawTemperature               0x08008c87   Thumb Code    38  lps22hb_driver.o(i.LPS22HB_Get_RawTemperature)
    LPS22HB_Get_Temperature                  0x08008cdd   Thumb Code    40  lps22hb_driver.o(i.LPS22HB_Get_Temperature)
    LPS22HB_ReadReg                          0x08008ea7   Thumb Code    48  lps22hb_driver.o(i.LPS22HB_ReadReg)
    LPS22HB_Sensor_IO_ITConfig               0x08008ee9   Thumb Code    64  x_nucleo_iks01a2.o(i.LPS22HB_Sensor_IO_ITConfig)
    LPS22HB_Set_AutomaticIncrementRegAddress 0x08008f35   Thumb Code    54  lps22hb_driver.o(i.LPS22HB_Set_AutomaticIncrementRegAddress)
    LPS22HB_Set_Bdu                          0x08008f6b   Thumb Code    58  lps22hb_driver.o(i.LPS22HB_Set_Bdu)
    LPS22HB_Set_FIFO_FTH_Interrupt           0x08008fa5   Thumb Code    54  lps22hb_driver.o(i.LPS22HB_Set_FIFO_FTH_Interrupt)
    LPS22HB_Set_FIFO_FULL_Interrupt          0x08008fdb   Thumb Code    54  lps22hb_driver.o(i.LPS22HB_Set_FIFO_FULL_Interrupt)
    LPS22HB_Set_FIFO_OVR_Interrupt           0x08009011   Thumb Code    54  lps22hb_driver.o(i.LPS22HB_Set_FIFO_OVR_Interrupt)
    LPS22HB_Set_FifoMode                     0x08009047   Thumb Code    52  lps22hb_driver.o(i.LPS22HB_Set_FifoMode)
    LPS22HB_Set_FifoModeUse                  0x0800907b   Thumb Code    54  lps22hb_driver.o(i.LPS22HB_Set_FifoModeUse)
    LPS22HB_Set_FifoWatermarkLevel           0x080090b1   Thumb Code    52  lps22hb_driver.o(i.LPS22HB_Set_FifoWatermarkLevel)
    LPS22HB_Set_FifoWatermarkLevelUse        0x080090e5   Thumb Code    54  lps22hb_driver.o(i.LPS22HB_Set_FifoWatermarkLevelUse)
    LPS22HB_Set_LowPassFilter                0x0800911b   Thumb Code    54  lps22hb_driver.o(i.LPS22HB_Set_LowPassFilter)
    LPS22HB_Set_LowPassFilterCutoff          0x08009151   Thumb Code    54  lps22hb_driver.o(i.LPS22HB_Set_LowPassFilterCutoff)
    LPS22HB_Set_Odr                          0x08009297   Thumb Code    54  lps22hb_driver.o(i.LPS22HB_Set_Odr)
    LPS22HB_Set_PowerMode                    0x080092cd   Thumb Code    52  lps22hb_driver.o(i.LPS22HB_Set_PowerMode)
    LPS22HB_WriteReg                         0x0800942f   Thumb Code    48  lps22hb_driver.o(i.LPS22HB_WriteReg)
    NMI_Handler                              0x08009471   Thumb Code     2  stm32l0xx_it.o(i.NMI_Handler)
    PendSV_Handler                           0x08009473   Thumb Code     2  stm32l0xx_it.o(i.PendSV_Handler)
    RTC_IRQHandler                           0x08009475   Thumb Code    52  st_lowlevel_nucleo.o(i.RTC_IRQHandler)
    S2LPManagementComputeXtalFrequency       0x080094ad   Thumb Code    14  s2lp_sdk_util.o(i.S2LPManagementComputeXtalFrequency)
    S2LPManagementGetOffset                  0x080094c1   Thumb Code     6  s2lp_sdk_util.o(i.S2LPManagementGetOffset)
    S2LPManagementIdentificationRFBoard      0x080094cd   Thumb Code   372  s2lp_sdk_util.o(i.S2LPManagementIdentificationRFBoard)
    ST_LOWLEVEL_CmdStrobe                    0x080098b3   Thumb Code    14  st_lowlevel_nucleo.o(i.ST_LOWLEVEL_CmdStrobe)
    ST_LOWLEVEL_Delay                        0x080098c1   Thumb Code    50  st_lowlevel_nucleo.o(i.ST_LOWLEVEL_Delay)
    ST_LOWLEVEL_Encrypt                      0x080098fd   Thumb Code     8  st_lowlevel_nucleo.o(i.ST_LOWLEVEL_Encrypt)
    ST_LOWLEVEL_GetTemperature               0x08009905   Thumb Code     4  st_lowlevel_nucleo.o(i.ST_LOWLEVEL_GetTemperature)
    ST_LOWLEVEL_GetVoltage                   0x08009909   Thumb Code     4  st_lowlevel_nucleo.o(i.ST_LOWLEVEL_GetVoltage)
    ST_LOWLEVEL_GpioIRQ                      0x0800990d   Thumb Code   128  st_lowlevel_nucleo.o(i.ST_LOWLEVEL_GpioIRQ)
    ST_LOWLEVEL_NVMRead                      0x08009991   Thumb Code    10  st_lowlevel_nucleo.o(i.ST_LOWLEVEL_NVMRead)
    ST_LOWLEVEL_NVMWrite                     0x080099a1   Thumb Code    28  st_lowlevel_nucleo.o(i.ST_LOWLEVEL_NVMWrite)
    ST_LOWLEVEL_ReadFifo                     0x080099c1   Thumb Code    14  st_lowlevel_nucleo.o(i.ST_LOWLEVEL_ReadFifo)
    ST_LOWLEVEL_ReadRegisters                0x080099cf   Thumb Code    14  st_lowlevel_nucleo.o(i.ST_LOWLEVEL_ReadRegisters)
    ST_LOWLEVEL_SetSysClock                  0x080099dd   Thumb Code    92  st_lowlevel_nucleo.o(i.ST_LOWLEVEL_SetSysClock)
    ST_LOWLEVEL_Shutdown                     0x08009a41   Thumb Code    18  st_lowlevel_nucleo.o(i.ST_LOWLEVEL_Shutdown)
    ST_LOWLEVEL_SpiRaw                       0x08009a53   Thumb Code     8  st_lowlevel_nucleo.o(i.ST_LOWLEVEL_SpiRaw)
    ST_LOWLEVEL_TimerCalibration             0x08009a5d   Thumb Code   154  st_lowlevel_nucleo.o(i.ST_LOWLEVEL_TimerCalibration)
    ST_LOWLEVEL_TimerStart                   0x08009b11   Thumb Code    88  st_lowlevel_nucleo.o(i.ST_LOWLEVEL_TimerStart)
    ST_LOWLEVEL_TimerStop                    0x08009b79   Thumb Code    14  st_lowlevel_nucleo.o(i.ST_LOWLEVEL_TimerStop)
    ST_LOWLEVEL_WaitForInterrupt             0x08009b8d   Thumb Code   110  st_lowlevel_nucleo.o(i.ST_LOWLEVEL_WaitForInterrupt)
    ST_LOWLEVEL_WriteFifo                    0x08009c1d   Thumb Code    14  st_lowlevel_nucleo.o(i.ST_LOWLEVEL_WriteFifo)
    ST_LOWLEVEL_WriteRegisters               0x08009c2b   Thumb Code    14  st_lowlevel_nucleo.o(i.ST_LOWLEVEL_WriteRegisters)
    SVC_Handler                              0x08009c39   Thumb Code     2  stm32l0xx_it.o(i.SVC_Handler)
    SdkDelayMs                               0x08009c3d   Thumb Code    38  sdk_eval_timers.o(i.SdkDelayMs)
    SdkEvalEnterShutdown                     0x08009c69   Thumb Code    16  sdk_eval_gpio.o(i.SdkEvalEnterShutdown)
    SdkEvalExitShutdown                      0x08009c79   Thumb Code    36  sdk_eval_gpio.o(i.SdkEvalExitShutdown)
    SdkEvalGetHasEeprom                      0x08009c9d   Thumb Code     6  sdk_eval_eeprom.o(i.SdkEvalGetHasEeprom)
    SdkEvalGpioGetPin                        0x08009ca9   Thumb Code     8  sdk_eval_gpio.o(i.SdkEvalGpioGetPin)
    SdkEvalIdentification                    0x08009cb5   Thumb Code     2  sdk_eval_config.o(i.SdkEvalIdentification)
    SdkEvalLedInit                           0x08009cb9   Thumb Code    58  sdk_eval_led.o(i.SdkEvalLedInit)
    SdkEvalLedToggle                         0x08009cf9   Thumb Code    14  sdk_eval_led.o(i.SdkEvalLedToggle)
    SdkEvalM2SGpioInit                       0x08009d09   Thumb Code   150  sdk_eval_gpio.o(i.SdkEvalM2SGpioInit)
    SdkEvalM2SGpioInterruptCmd               0x08009dad   Thumb Code    38  sdk_eval_gpio.o(i.SdkEvalM2SGpioInterruptCmd)
    SdkEvalM2SGpioTriggerFalling             0x08009dd9   Thumb Code    24  sdk_eval_gpio.o(i.SdkEvalM2SGpioTriggerFalling)
    SdkEvalM2SGpioTriggerRising              0x08009df9   Thumb Code    24  sdk_eval_gpio.o(i.SdkEvalM2SGpioTriggerRising)
    SdkEvalPushButtonInit                    0x08009e19   Thumb Code    82  sdk_eval_button.o(i.SdkEvalPushButtonInit)
    SdkEvalSetHasEeprom                      0x08009e79   Thumb Code     6  sdk_eval_eeprom.o(i.SdkEvalSetHasEeprom)
    SdkEvalSpiCommandStrobes                 0x08009e85   Thumb Code   192  sdk_eval_spi_driver_dma.o(i.SdkEvalSpiCommandStrobes)
    SdkEvalSpiInit                           0x08009f4d   Thumb Code   308  sdk_eval_spi_driver_dma.o(i.SdkEvalSpiInit)
    SdkEvalSpiRaw                            0x0800a095   Thumb Code   178  sdk_eval_spi_driver_dma.o(i.SdkEvalSpiRaw)
    SdkEvalSpiReadFifo                       0x0800a155   Thumb Code   216  sdk_eval_spi_driver_dma.o(i.SdkEvalSpiReadFifo)
    SdkEvalSpiReadRegisters                  0x0800a235   Thumb Code   212  sdk_eval_spi_driver_dma.o(i.SdkEvalSpiReadRegisters)
    SdkEvalSpiWriteFifo                      0x0800a311   Thumb Code   212  sdk_eval_spi_driver_dma.o(i.SdkEvalSpiWriteFifo)
    SdkEvalSpiWriteRegisters                 0x0800a3ed   Thumb Code   210  sdk_eval_spi_driver_dma.o(i.SdkEvalSpiWriteRegisters)
    SdkEvalTimersTimConfig                   0x0800a4c9   Thumb Code   166  sdk_eval_timers.o(i.SdkEvalTimersTimConfig)
    Sensor_IO_Init                           0x0800a581   Thumb Code    14  x_nucleo_iks01a2.o(i.Sensor_IO_Init)
    Sensor_IO_Read                           0x0800a591   Thumb Code    40  x_nucleo_iks01a2.o(i.Sensor_IO_Read)
    Sensor_IO_Write                          0x0800a5c1   Thumb Code    40  x_nucleo_iks01a2.o(i.Sensor_IO_Write)
    SysTick_Handler                          0x0800a5f1   Thumb Code    10  sdk_eval_timers.o(i.SysTick_Handler)
    SystemInit                               0x0800a601   Thumb Code    66  system_stm32l0xx.o(i.SystemInit)
    TIM2_IRQHandler                          0x0800a655   Thumb Code    26  st_lowlevel_nucleo.o(i.TIM2_IRQHandler)
    UART_AdvFeatureConfig                    0x0800a739   Thumb Code   202  stm32l0xx_hal_uart.o(i.UART_AdvFeatureConfig)
    UART_CheckIdleState                      0x0800a805   Thumb Code    80  stm32l0xx_hal_uart.o(i.UART_CheckIdleState)
    UART_SetConfig                           0x0800a859   Thumb Code   484  stm32l0xx_hal_uart.o(i.UART_SetConfig)
    UART_WaitOnFlagUntilTimeout              0x0800aa6d   Thumb Code   168  stm32l0xx_hal_uart.o(i.UART_WaitOnFlagUntilTimeout)
    USARTConfig                              0x0800ab15   Thumb Code   142  com.o(i.USARTConfig)
    __0printf                                0x0800abb5   Thumb Code    24  printfa.o(i.__0printf)
    __1printf                                0x0800abb5   Thumb Code     0  printfa.o(i.__0printf)
    __2printf                                0x0800abb5   Thumb Code     0  printfa.o(i.__0printf)
    __c89printf                              0x0800abb5   Thumb Code     0  printfa.o(i.__0printf)
    printf                                   0x0800abb5   Thumb Code     0  printfa.o(i.__0printf)
    __0vsprintf                              0x0800abd5   Thumb Code    30  printfa.o(i.__0vsprintf)
    __1vsprintf                              0x0800abd5   Thumb Code     0  printfa.o(i.__0vsprintf)
    __2vsprintf                              0x0800abd5   Thumb Code     0  printfa.o(i.__0vsprintf)
    __c89vsprintf                            0x0800abd5   Thumb Code     0  printfa.o(i.__0vsprintf)
    vsprintf                                 0x0800abd5   Thumb Code     0  printfa.o(i.__0vsprintf)
    __ARM_clz                                0x0800abf9   Thumb Code    46  depilogue.o(i.__ARM_clz)
    __ARM_common_switch8                     0x0800ac27   Thumb Code    26  s2lp_sdk_util.o(i.__ARM_common_switch8)
    __ARM_fpclassify                         0x0800ac41   Thumb Code    40  fpclassify.o(i.__ARM_fpclassify)
    __kernel_poly                            0x0800acb1   Thumb Code   172  poly.o(i.__kernel_poly)
    __mathlib_dbl_divzero                    0x0800ad5d   Thumb Code    16  dunder.o(i.__mathlib_dbl_divzero)
    __mathlib_dbl_infnan2                    0x0800ad71   Thumb Code     8  dunder.o(i.__mathlib_dbl_infnan2)
    __mathlib_dbl_invalid                    0x0800ad79   Thumb Code    16  dunder.o(i.__mathlib_dbl_invalid)
    __mathlib_dbl_overflow                   0x0800ad89   Thumb Code    16  dunder.o(i.__mathlib_dbl_overflow)
    __mathlib_dbl_underflow                  0x0800ad9d   Thumb Code    14  dunder.o(i.__mathlib_dbl_underflow)
    __scatterload_copy                       0x0800adb1   Thumb Code    14  handlers.o(i.__scatterload_copy)
    __scatterload_null                       0x0800adbf   Thumb Code     2  handlers.o(i.__scatterload_null)
    __scatterload_zeroinit                   0x0800adc1   Thumb Code    14  handlers.o(i.__scatterload_zeroinit)
    __set_errno                              0x0800add1   Thumb Code     6  errno.o(i.__set_errno)
    exitGpioLowPower                         0x0800b6b9   Thumb Code    16  main.o(i.exitGpioLowPower)
    fputc                                    0x0800b72d   Thumb Code    18  fputc.o(i.fputc)
    main                                     0x0800b741   Thumb Code   432  main.o(i.main)
    pow                                      0x0800b969   Thumb Code  2548  pow.o(i.pow)
    round                                    0x0800c365   Thumb Code   142  round.o(i.round)
    sqrt                                     0x0800c475   Thumb Code    66  sqrt.o(i.sqrt)
    trunc                                    0x0800c4bd   Thumb Code    96  trunc.o(i.trunc)
    vcom_Send                                0x0800c521   Thumb Code    42  com.o(i.vcom_Send)
    AHBPrescTable                            0x0800c5fc   Data          16  system_stm32l0xx.o(.constdata)
    PLLMulTable                              0x0800c60c   Data           9  system_stm32l0xx.o(.constdata)
    __mathlib_zero                           0x0800c6a0   Data           8  qnan.o(.constdata)
    Region$$Table$$Base                      0x0800c6a8   Number         0  anon$$obj.o(Region$$Table)
    Region$$Table$$Limit                     0x0800c6c8   Number         0  anon$$obj.o(Region$$Table)
    vectpxM2SGpioPort                        0x20000088   Data          20  sdk_eval_gpio.o(.data)
    lSystickCounter                          0x2000009c   Data           4  sdk_eval_timers.o(.data)
    HTS221_H_Drv                             0x200000c8   Data          52  hts221_driver_hl.o(.data)
    HTS221_T_Drv                             0x200000fc   Data          52  hts221_driver_hl.o(.data)
    HTS221_Combo_Data                        0x20000130   Data           4  hts221_driver_hl.o(.data)
    LPS22HB_P_Drv                            0x20000134   Data          52  lps22hb_driver_hl.o(.data)
    LPS22HB_T_Drv                            0x20000168   Data          52  lps22hb_driver_hl.o(.data)
    LPS22HB_P_ExtDrv                         0x2000019c   Data          60  lps22hb_driver_hl.o(.data)
    LPS22HB_T_ExtDrv                         0x200001d8   Data          60  lps22hb_driver_hl.o(.data)
    LPS22HB_Combo_Data                       0x20000214   Data           8  lps22hb_driver_hl.o(.data)
    SystemCoreClock                          0x2000021c   Data           4  system_stm32l0xx.o(.data)
    __stdout                                 0x200004bc   Data           4  stdout.o(.data)
    UART_RxBuffer                            0x200004c4   Data         256  com.o(.bss)
    UartHandle                               0x200005c4   Data         112  com.o(.bss)
    ProcFlash                                0x200008ec   Data          24  stm32l0xx_hal_flash.o(.bss)
    g_xStatus                                0x200009b0   Data           4  S2LP_Types.o(.bss)
    rs                                       0x20000e54   Data           4  sigfox_api.o(.bss)
    in                                       0x20000e60   Data          32  sigfox_hmac.o(.bss)
    __initial_sp                             0x20001280   Data           0  startup_stm32l053xx.o(STACK)



==============================================================================

Memory Map of the image

  Image Entry point : 0x080000c1

  Load Region LR_IROM1 (Base: 0x08000000, Size: 0x0000cb8c, Max: 0x00010000, ABSOLUTE, COMPRESSED[0x0000c8a0])

    Execution Region ER_IROM1 (Base: 0x08000000, Size: 0x0000c6c8, Max: 0x00010000, ABSOLUTE)

    Base Addr    Size         Type   Attr      Idx    E Section Name        Object

    0x08000000   0x000000c0   Data   RO        13313    RESET               startup_stm32l053xx.o
    0x080000c0   0x00000000   Code   RO        13741  * .ARM.Collect$$$$00000000  mc_p.l(entry.o)
    0x080000c0   0x00000004   Code   RO        14084    .ARM.Collect$$$$00000001  mc_p.l(entry2.o)
    0x080000c4   0x00000004   Code   RO        14087    .ARM.Collect$$$$00000004  mc_p.l(entry5.o)
    0x080000c8   0x00000000   Code   RO        14089    .ARM.Collect$$$$00000008  mc_p.l(entry7b.o)
    0x080000c8   0x00000000   Code   RO        14091    .ARM.Collect$$$$0000000A  mc_p.l(entry8b.o)
    0x080000c8   0x00000008   Code   RO        14092    .ARM.Collect$$$$0000000B  mc_p.l(entry9a.o)
    0x080000d0   0x00000000   Code   RO        14094    .ARM.Collect$$$$0000000D  mc_p.l(entry10a.o)
    0x080000d0   0x00000000   Code   RO        14096    .ARM.Collect$$$$0000000F  mc_p.l(entry11a.o)
    0x080000d0   0x00000004   Code   RO        14085    .ARM.Collect$$$$00002712  mc_p.l(entry2.o)
    0x080000d4   0x0000001c   Code   RO        13314    .text               startup_stm32l053xx.o
    0x080000f0   0x000000d8   Code   RO        13354    .text               st_sfx_library_FCC.lib(st_sigfox_api.o)
    0x080001c8   0x00001170   Code   RO        13371    .text               st_sfx_library_FCC.lib(S2LP_Radio.o)
    0x08001338   0x00000018   Code   RO        13439    .text               st_sfx_library_FCC.lib(S2LP_Types.o)
    0x08001350   0x00000888   Code   RO        13447    .text               st_sfx_library_FCC.lib(st_manuf_api.o)
    0x08001bd8   0x00000da4   Code   RO        13495    .text               ID_KEY_RETRIEVER_CM0PLUS.lib(asfd32.o)
    0x0800297c   0x00000b34   Code   RO        13526    .text               st_sfx_library_FCC.lib(sigfox_api.o)
    0x080034b0   0x0000001c   Code   RO        13541    .text               st_sfx_library_FCC.lib(S2LP_Commands.o)
    0x080034cc   0x0000014c   Code   RO        13548    .text               st_sfx_library_FCC.lib(S2LP_Fifo.o)
    0x08003618   0x000001bc   Code   RO        13569    .text               st_sfx_library_FCC.lib(S2LP_Gpio.o)
    0x080037d4   0x00000604   Code   RO        13591    .text               st_sfx_library_FCC.lib(S2LP_PacketHandler.o)
    0x08003dd8   0x00000388   Code   RO        13646    .text               st_sfx_library_FCC.lib(S2LP_PktBasic.o)
    0x08004160   0x00000218   Code   RO        13665    .text               st_sfx_library_FCC.lib(sigfox_decode.o)
    0x08004378   0x00000878   Code   RO        13672    .text               st_sfx_library_FCC.lib(sigfox_internal.o)
    0x08004bf0   0x00000050   Code   RO        13685    .text               st_sfx_library_FCC.lib(sigfox_pn.o)
    0x08004c40   0x000001b0   Code   RO        13691    .text               st_sfx_library_FCC.lib(S2LP_PktWMbus.o)
    0x08004df0   0x00000074   Code   RO        13709    .text               st_sfx_library_FCC.lib(sigfox_crc.o)
    0x08004e64   0x00000054   Code   RO        13717    .text               st_sfx_library_FCC.lib(sigfox_hmac.o)
    0x08004eb8   0x0000007c   Code   RO        13722    .text               st_sfx_library_FCC.lib(sigfox_scramb.o)
    0x08004f34   0x0000002c   Code   RO        13744    .text               mc_p.l(uidiv.o)
    0x08004f60   0x00000028   Code   RO        13746    .text               mc_p.l(idiv.o)
    0x08004f88   0x00000024   Code   RO        13752    .text               mc_p.l(memcpya.o)
    0x08004fac   0x00000024   Code   RO        13754    .text               mc_p.l(memseta.o)
    0x08004fd0   0x000000b2   Code   RO        14021    .text               mf_p.l(fadd.o)
    0x08005082   0x0000007a   Code   RO        14023    .text               mf_p.l(fmul.o)
    0x080050fc   0x0000007c   Code   RO        14025    .text               mf_p.l(fdiv.o)
    0x08005178   0x00000164   Code   RO        14027    .text               mf_p.l(dadd.o)
    0x080052dc   0x000000d0   Code   RO        14029    .text               mf_p.l(dmul.o)
    0x080053ac   0x000000f0   Code   RO        14031    .text               mf_p.l(ddiv.o)
    0x0800549c   0x0000002c   Code   RO        14033    .text               mf_p.l(dscalb.o)
    0x080054c8   0x00000016   Code   RO        14035    .text               mf_p.l(fflti.o)
    0x080054de   0x0000000e   Code   RO        14037    .text               mf_p.l(ffltui.o)
    0x080054ec   0x00000028   Code   RO        14039    .text               mf_p.l(dflti.o)
    0x08005514   0x0000001c   Code   RO        14041    .text               mf_p.l(dfltui.o)
    0x08005530   0x00000032   Code   RO        14043    .text               mf_p.l(ffixi.o)
    0x08005562   0x00000028   Code   RO        14045    .text               mf_p.l(ffixui.o)
    0x0800558a   0x00000002   PAD
    0x0800558c   0x00000048   Code   RO        14047    .text               mf_p.l(dfixi.o)
    0x080055d4   0x0000003c   Code   RO        14049    .text               mf_p.l(dfixui.o)
    0x08005610   0x00000028   Code   RO        14051    .text               mf_p.l(f2d.o)
    0x08005638   0x00000038   Code   RO        14053    .text               mf_p.l(d2f.o)
    0x08005670   0x00000014   Code   RO        14055    .text               mf_p.l(cfrcmple.o)
    0x08005684   0x00000060   Code   RO        14101    .text               mc_p.l(uldiv.o)
    0x080056e4   0x00000020   Code   RO        14103    .text               mc_p.l(llshl.o)
    0x08005704   0x00000022   Code   RO        14105    .text               mc_p.l(llushr.o)
    0x08005726   0x00000026   Code   RO        14107    .text               mc_p.l(llsshr.o)
    0x0800574c   0x00000000   Code   RO        14116    .text               mc_p.l(iusefp.o)
    0x0800574c   0x00000082   Code   RO        14117    .text               mf_p.l(fepilogue.o)
    0x080057ce   0x000000be   Code   RO        14119    .text               mf_p.l(depilogue.o)
    0x0800588c   0x0000007c   Code   RO        14123    .text               mf_p.l(drnd.o)
    0x08005908   0x00000040   Code   RO        14125    .text               mf_p.l(dfixul.o)
    0x08005948   0x00000028   Code   RO        14127    .text               mf_p.l(cdcmple.o)
    0x08005970   0x00000028   Code   RO        14129    .text               mf_p.l(cdrcmple.o)
    0x08005998   0x00000024   Code   RO        14131    .text               mc_p.l(init.o)
    0x080059bc   0x00000000   Code   RO        14133    .text               mc_p.l(semi.o)
    0x080059bc   0x00000000   Code   RO        14134    .text               mc_p.l(iusesemip.o)
    0x080059bc   0x000000a2   Code   RO        14135    .text               mf_p.l(dsqrt.o)
    0x08005a5e   0x00000056   Code   RO        14145    .text               mc_p.l(__dczerorl2.o)
    0x08005ab4   0x00000014   Code   RO            3    i.Appli_Exti_CB     main.o
    0x08005ac8   0x00000070   Code   RO         7381    i.BSP_HTS221_HUMIDITY_Init  x_nucleo_iks01a2_humidity.o
    0x08005b38   0x00000074   Code   RO         7852    i.BSP_HTS221_TEMPERATURE_Init  x_nucleo_iks01a2_temperature.o
    0x08005bac   0x0000002c   Code   RO         7383    i.BSP_HUMIDITY_DeInit  x_nucleo_iks01a2_humidity.o
    0x08005bd8   0x00000020   Code   RO         7385    i.BSP_HUMIDITY_Get_Hum  x_nucleo_iks01a2_humidity.o
    0x08005bf8   0x00000014   Code   RO         7386    i.BSP_HUMIDITY_Get_Instance  x_nucleo_iks01a2_humidity.o
    0x08005c0c   0x00000014   Code   RO         7389    i.BSP_HUMIDITY_Init  x_nucleo_iks01a2_humidity.o
    0x08005c20   0x00000014   Code   RO         7392    i.BSP_HUMIDITY_IsInitialized  x_nucleo_iks01a2_humidity.o
    0x08005c34   0x0000001c   Code   RO         7394    i.BSP_HUMIDITY_Sensor_Disable  x_nucleo_iks01a2_humidity.o
    0x08005c50   0x0000001c   Code   RO         7395    i.BSP_HUMIDITY_Sensor_Enable  x_nucleo_iks01a2_humidity.o
    0x08005c6c   0x0000007c   Code   RO         7662    i.BSP_LPS22HB_PRESSURE_Init  x_nucleo_iks01a2_pressure.o
    0x08005ce8   0x00000084   Code   RO         7853    i.BSP_LPS22HB_TEMPERATURE_Init  x_nucleo_iks01a2_temperature.o
    0x08005d6c   0x0000002c   Code   RO         7664    i.BSP_PRESSURE_DeInit  x_nucleo_iks01a2_pressure.o
    0x08005d98   0x00000014   Code   RO         7681    i.BSP_PRESSURE_Init  x_nucleo_iks01a2_pressure.o
    0x08005dac   0x0000001c   Code   RO         7686    i.BSP_PRESSURE_Sensor_Disable  x_nucleo_iks01a2_pressure.o
    0x08005dc8   0x0000001c   Code   RO         7687    i.BSP_PRESSURE_Sensor_Enable  x_nucleo_iks01a2_pressure.o
    0x08005de4   0x0000002c   Code   RO         7855    i.BSP_TEMPERATURE_DeInit  x_nucleo_iks01a2_temperature.o
    0x08005e10   0x00000014   Code   RO         7868    i.BSP_TEMPERATURE_Get_Instance  x_nucleo_iks01a2_temperature.o
    0x08005e24   0x00000020   Code   RO         7870    i.BSP_TEMPERATURE_Get_Temp  x_nucleo_iks01a2_temperature.o
    0x08005e44   0x00000030   Code   RO         7872    i.BSP_TEMPERATURE_Init  x_nucleo_iks01a2_temperature.o
    0x08005e74   0x00000014   Code   RO         7875    i.BSP_TEMPERATURE_IsInitialized  x_nucleo_iks01a2_temperature.o
    0x08005e88   0x0000001c   Code   RO         7877    i.BSP_TEMPERATURE_Sensor_Disable  x_nucleo_iks01a2_temperature.o
    0x08005ea4   0x0000001c   Code   RO         7878    i.BSP_TEMPERATURE_Sensor_Enable  x_nucleo_iks01a2_temperature.o
    0x08005ec0   0x00000050   Code   RO          480    i.Configure_RTC_Clock  st_lowlevel_nucleo.o
    0x08005f10   0x0000001e   Code   RO         2124    i.DMA_SetConfig     stm32l0xx_hal_dma.o
    0x08005f2e   0x00000002   PAD
    0x08005f30   0x00000024   Code   RO          394    i.EXTI0_1_IRQHandler  stm32l0xx_it.o
    0x08005f54   0x00000024   Code   RO          395    i.EXTI2_3_IRQHandler  stm32l0xx_it.o
    0x08005f78   0x00000094   Code   RO          396    i.EXTI4_15_IRQHandler  stm32l0xx_it.o
    0x0800600c   0x00000032   Code   RO          690    i.EepromIdentification  s2lp_sdk_util.o
    0x0800603e   0x00000002   PAD
    0x08006040   0x00000070   Code   RO          852    i.EepromRead        sdk_eval_eeprom.o
    0x080060b0   0x00000044   Code   RO          854    i.EepromSetSrwd     sdk_eval_eeprom.o
    0x080060f4   0x000000e4   Code   RO          855    i.EepromSpiInitialization  sdk_eval_eeprom.o
    0x080061d8   0x00000044   Code   RO          856    i.EepromStatus      sdk_eval_eeprom.o
    0x0800621c   0x00000058   Code   RO          857    i.EepromWaitEndWriteOperation  sdk_eval_eeprom.o
    0x08006274   0x0000003c   Code   RO          859    i.EepromWriteEnable  sdk_eval_eeprom.o
    0x080062b0   0x00000078   Code   RO         2212    i.FLASH_SetErrorCode  stm32l0xx_hal_flash.o
    0x08006328   0x00000080   Code   RO         2213    i.FLASH_WaitForLastOperation  stm32l0xx_hal_flash.o
    0x080063a8   0x00000014   Code   RO            4    i.Fatal_Error       main.o
    0x080063bc   0x00000280   Code   RO         2129    i.HAL_DMA_IRQHandler  stm32l0xx_hal_dma.o
    0x0800663c   0x00000108   Code   RO         2130    i.HAL_DMA_Init      stm32l0xx_hal_dma.o
    0x08006744   0x0000004e   Code   RO         2133    i.HAL_DMA_Start_IT  stm32l0xx_hal_dma.o
    0x08006792   0x00000002   PAD
    0x08006794   0x00000014   Code   RO         2321    i.HAL_FLASHEx_DATAEEPROM_Lock  stm32l0xx_hal_flash_ex.o
    0x080067a8   0x00000054   Code   RO         2322    i.HAL_FLASHEx_DATAEEPROM_Program  stm32l0xx_hal_flash_ex.o
    0x080067fc   0x00000024   Code   RO         2323    i.HAL_FLASHEx_DATAEEPROM_Unlock  stm32l0xx_hal_flash_ex.o
    0x08006820   0x00000012   Code   RO          481    i.HAL_GPIO_EXTI_Callback  st_lowlevel_nucleo.o
    0x08006832   0x00000002   PAD
    0x08006834   0x00000018   Code   RO         2472    i.HAL_GPIO_EXTI_IRQHandler  stm32l0xx_hal_gpio.o
    0x0800684c   0x00000154   Code   RO         2473    i.HAL_GPIO_Init     stm32l0xx_hal_gpio.o
    0x080069a0   0x0000000c   Code   RO         2477    i.HAL_GPIO_WritePin  stm32l0xx_hal_gpio.o
    0x080069ac   0x0000000c   Code   RO         1201    i.HAL_GetTick       stm32l0xx_hal.o
    0x080069b8   0x0000002c   Code   RO         2532    i.HAL_I2C_DeInit    stm32l0xx_hal_i2c.o
    0x080069e4   0x00000006   Code   RO         2537    i.HAL_I2C_GetState  stm32l0xx_hal_i2c.o
    0x080069ea   0x00000002   PAD
    0x080069ec   0x000000a4   Code   RO         2538    i.HAL_I2C_Init      stm32l0xx_hal_i2c.o
    0x08006a90   0x00000114   Code   RO         2550    i.HAL_I2C_Mem_Read  stm32l0xx_hal_i2c.o
    0x08006ba4   0x00000108   Code   RO         2553    i.HAL_I2C_Mem_Write  stm32l0xx_hal_i2c.o
    0x08006cac   0x00000002   Code   RO         2556    i.HAL_I2C_MspDeInit  stm32l0xx_hal_i2c.o
    0x08006cae   0x00000002   Code   RO         2557    i.HAL_I2C_MspInit   stm32l0xx_hal_i2c.o
    0x08006cb0   0x00000028   Code   RO         1203    i.HAL_Init          stm32l0xx_hal.o
    0x08006cd8   0x00000022   Code   RO         1204    i.HAL_InitTick      stm32l0xx_hal.o
    0x08006cfa   0x00000002   Code   RO         3623    i.HAL_MspInit       stm32l0xx_hal_msp_template.o
    0x08006cfc   0x00000020   Code   RO         1723    i.HAL_NVIC_DisableIRQ  stm32l0xx_hal_cortex.o
    0x08006d1c   0x00000018   Code   RO         1724    i.HAL_NVIC_EnableIRQ  stm32l0xx_hal_cortex.o
    0x08006d34   0x00000008   Code   RO         1728    i.HAL_NVIC_SetPriority  stm32l0xx_hal_cortex.o
    0x08006d3c   0x00000010   Code   RO         3907    i.HAL_PWR_EnableBkUpAccess  stm32l0xx_hal_pwr.o
    0x08006d4c   0x00000034   Code   RO         3914    i.HAL_PWR_EnterSTOPMode  stm32l0xx_hal_pwr.o
    0x08006d80   0x00000184   Code   RO         4173    i.HAL_RCCEx_PeriphCLKConfig  stm32l0xx_hal_rcc_ex.o
    0x08006f04   0x0000014c   Code   RO         4067    i.HAL_RCC_ClockConfig  stm32l0xx_hal_rcc.o
    0x08007050   0x00000028   Code   RO         4071    i.HAL_RCC_GetHCLKFreq  stm32l0xx_hal_rcc.o
    0x08007078   0x00000020   Code   RO         4073    i.HAL_RCC_GetPCLK1Freq  stm32l0xx_hal_rcc.o
    0x08007098   0x00000020   Code   RO         4074    i.HAL_RCC_GetPCLK2Freq  stm32l0xx_hal_rcc.o
    0x080070b8   0x00000084   Code   RO         4075    i.HAL_RCC_GetSysClockFreq  stm32l0xx_hal_rcc.o
    0x0800713c   0x0000041a   Code   RO         4078    i.HAL_RCC_OscConfig  stm32l0xx_hal_rcc.o
    0x08007556   0x0000007a   Code   RO         4496    i.HAL_RTCEx_DeactivateWakeUpTimer  stm32l0xx_hal_rtc_ex.o
    0x080075d0   0x000000dc   Code   RO         4515    i.HAL_RTCEx_SetWakeUpTimer_IT  stm32l0xx_hal_rtc_ex.o
    0x080076ac   0x00000002   Code   RO         4520    i.HAL_RTCEx_WakeUpTimerEventCallback  stm32l0xx_hal_rtc_ex.o
    0x080076ae   0x00000002   PAD
    0x080076b0   0x00000038   Code   RO         4521    i.HAL_RTCEx_WakeUpTimerIRQHandler  stm32l0xx_hal_rtc_ex.o
    0x080076e8   0x00000002   Code   RO         5082    i.HAL_SPI_ErrorCallback  stm32l0xx_hal_spi.o
    0x080076ea   0x00000006   Code   RO         5084    i.HAL_SPI_GetState  stm32l0xx_hal_spi.o
    0x080076f0   0x00000084   Code   RO         5086    i.HAL_SPI_Init      stm32l0xx_hal_spi.o
    0x08007774   0x00000002   Code   RO         5088    i.HAL_SPI_MspInit   stm32l0xx_hal_spi.o
    0x08007776   0x00000002   Code   RO         5092    i.HAL_SPI_RxCpltCallback  stm32l0xx_hal_spi.o
    0x08007778   0x00000002   Code   RO         5093    i.HAL_SPI_RxHalfCpltCallback  stm32l0xx_hal_spi.o
    0x0800777a   0x000002ac   Code   RO         5095    i.HAL_SPI_TransmitReceive  stm32l0xx_hal_spi.o
    0x08007a26   0x00000002   PAD
    0x08007a28   0x00000100   Code   RO         5096    i.HAL_SPI_TransmitReceive_DMA  stm32l0xx_hal_spi.o
    0x08007b28   0x00000002   Code   RO         5102    i.HAL_SPI_TxRxCpltCallback  stm32l0xx_hal_spi.o
    0x08007b2a   0x00000002   Code   RO         5103    i.HAL_SPI_TxRxHalfCpltCallback  stm32l0xx_hal_spi.o
    0x08007b2c   0x00000030   Code   RO         1732    i.HAL_SYSTICK_Config  stm32l0xx_hal_cortex.o
    0x08007b5c   0x00000034   Code   RO         5315    i.HAL_TIM_Base_Init  stm32l0xx_hal_tim.o
    0x08007b90   0x00000002   Code   RO         5317    i.HAL_TIM_Base_MspInit  stm32l0xx_hal_tim.o
    0x08007b92   0x00000018   Code   RO         5318    i.HAL_TIM_Base_Start  stm32l0xx_hal_tim.o
    0x08007baa   0x00000016   Code   RO         5320    i.HAL_TIM_Base_Start_IT  stm32l0xx_hal_tim.o
    0x08007bc0   0x00000028   Code   RO         5321    i.HAL_TIM_Base_Stop  stm32l0xx_hal_tim.o
    0x08007be8   0x00000024   Code   RO         5323    i.HAL_TIM_Base_Stop_IT  stm32l0xx_hal_tim.o
    0x08007c0c   0x00000068   Code   RO         5993    i.HAL_UART_Init     stm32l0xx_hal_uart.o
    0x08007c74   0x00000002   Code   RO         5995    i.HAL_UART_MspInit  stm32l0xx_hal_uart.o
    0x08007c76   0x000000ba   Code   RO         6001    i.HAL_UART_Transmit  stm32l0xx_hal_uart.o
    0x08007d30   0x00000032   Code   RO         8045    i.HTS221_Activate   hts221_driver.o
    0x08007d62   0x00000026   Code   RO         8277    i.HTS221_Check_WhoAmI  hts221_driver_hl.o
    0x08007d88   0x00000030   Code   RO         8046    i.HTS221_DeActivate  hts221_driver.o
    0x08007db8   0x00000030   Code   RO         8050    i.HTS221_Get_DataStatus  hts221_driver.o
    0x08007de8   0x00000014   Code   RO         8051    i.HTS221_Get_DeviceID  hts221_driver.o
    0x08007dfc   0x000000d0   Code   RO         8054    i.HTS221_Get_Humidity  hts221_driver.o
    0x08007ecc   0x00000048   Code   RO         8278    i.HTS221_Get_ODR    hts221_driver_hl.o
    0x08007f14   0x00000026   Code   RO         8061    i.HTS221_Get_Odr    hts221_driver.o
    0x08007f3a   0x00000002   PAD
    0x08007f3c   0x000000c4   Code   RO         8064    i.HTS221_Get_Temperature  hts221_driver.o
    0x08008000   0x0000000e   Code   RO         8279    i.HTS221_Get_WhoAmI  hts221_driver_hl.o
    0x0800800e   0x00000008   Code   RO         8280    i.HTS221_H_Check_WhoAmI  hts221_driver_hl.o
    0x08008016   0x00000028   Code   RO         8281    i.HTS221_H_DeInit   hts221_driver_hl.o
    0x0800803e   0x00000026   Code   RO         8282    i.HTS221_H_Get_DRDY_Status  hts221_driver_hl.o
    0x08008064   0x0000002c   Code   RO         8283    i.HTS221_H_Get_Hum  hts221_driver_hl.o
    0x08008090   0x00000008   Code   RO         8284    i.HTS221_H_Get_ODR  hts221_driver_hl.o
    0x08008098   0x00000008   Code   RO         8285    i.HTS221_H_Get_WhoAmI  hts221_driver_hl.o
    0x080080a0   0x0000002a   Code   RO         8286    i.HTS221_H_Init     hts221_driver_hl.o
    0x080080ca   0x0000000e   Code   RO         8287    i.HTS221_H_Read_Reg  hts221_driver_hl.o
    0x080080d8   0x0000002e   Code   RO         8288    i.HTS221_H_Sensor_Disable  hts221_driver_hl.o
    0x08008106   0x00000034   Code   RO         8289    i.HTS221_H_Sensor_Enable  hts221_driver_hl.o
    0x0800813a   0x00000008   Code   RO         8290    i.HTS221_H_Set_ODR  hts221_driver_hl.o
    0x08008142   0x00000008   Code   RO         8291    i.HTS221_H_Set_ODR_Value  hts221_driver_hl.o
    0x0800814a   0x0000000e   Code   RO         8292    i.HTS221_H_Write_Reg  hts221_driver_hl.o
    0x08008158   0x00000032   Code   RO         8293    i.HTS221_Init       hts221_driver_hl.o
    0x0800818a   0x0000001c   Code   RO         8068    i.HTS221_ReadReg    hts221_driver.o
    0x080081a6   0x00000012   Code   RO         8294    i.HTS221_Read_Reg   hts221_driver_hl.o
    0x080081b8   0x0000000e   Code   RO         8295    i.HTS221_Sensor_Disable  hts221_driver_hl.o
    0x080081c6   0x0000000e   Code   RO         8296    i.HTS221_Sensor_Enable  hts221_driver_hl.o
    0x080081d4   0x00000088   Code   RO         8072    i.HTS221_Set_BduMode  hts221_driver.o
    0x0800825c   0x00000026   Code   RO         8297    i.HTS221_Set_ODR    hts221_driver_hl.o
    0x08008282   0x00000002   PAD
    0x08008284   0x0000002c   Code   RO         8298    i.HTS221_Set_ODR_Value  hts221_driver_hl.o
    0x080082b0   0x0000008c   Code   RO         8078    i.HTS221_Set_Odr    hts221_driver.o
    0x0800833c   0x00000008   Code   RO         8299    i.HTS221_T_Check_WhoAmI  hts221_driver_hl.o
    0x08008344   0x00000028   Code   RO         8300    i.HTS221_T_DeInit   hts221_driver_hl.o
    0x0800836c   0x00000026   Code   RO         8301    i.HTS221_T_Get_DRDY_Status  hts221_driver_hl.o
    0x08008392   0x00000008   Code   RO         8302    i.HTS221_T_Get_ODR  hts221_driver_hl.o
    0x0800839a   0x00000002   PAD
    0x0800839c   0x0000002c   Code   RO         8303    i.HTS221_T_Get_Temp  hts221_driver_hl.o
    0x080083c8   0x00000008   Code   RO         8304    i.HTS221_T_Get_WhoAmI  hts221_driver_hl.o
    0x080083d0   0x0000002a   Code   RO         8305    i.HTS221_T_Init     hts221_driver_hl.o
    0x080083fa   0x0000000e   Code   RO         8306    i.HTS221_T_Read_Reg  hts221_driver_hl.o
    0x08008408   0x0000002e   Code   RO         8307    i.HTS221_T_Sensor_Disable  hts221_driver_hl.o
    0x08008436   0x00000034   Code   RO         8308    i.HTS221_T_Sensor_Enable  hts221_driver_hl.o
    0x0800846a   0x00000008   Code   RO         8309    i.HTS221_T_Set_ODR  hts221_driver_hl.o
    0x08008472   0x00000008   Code   RO         8310    i.HTS221_T_Set_ODR_Value  hts221_driver_hl.o
    0x0800847a   0x0000000e   Code   RO         8311    i.HTS221_T_Write_Reg  hts221_driver_hl.o
    0x08008488   0x0000001c   Code   RO         8081    i.HTS221_WriteReg   hts221_driver.o
    0x080084a4   0x00000012   Code   RO         8312    i.HTS221_Write_Reg  hts221_driver_hl.o
    0x080084b6   0x00000002   PAD
    0x080084b8   0x0000003c   Code   RO         8082    i.HTS221_assert_failed  hts221_driver.o
    0x080084f4   0x00000002   Code   RO          397    i.HardFault_Handler  stm32l0xx_it.o
    0x080084f6   0x00000002   PAD
    0x080084f8   0x00000074   Code   RO            5    i.Humidity_Sensor_Handler  main.o
    0x0800856c   0x00000014   Code   RO         6579    i.I2C_EXPBD_Error   x_nucleo_iks01a2.o
    0x08008580   0x00000048   Code   RO         6580    i.I2C_EXPBD_Init    x_nucleo_iks01a2.o
    0x080085c8   0x00000064   Code   RO         6581    i.I2C_EXPBD_MspInit  x_nucleo_iks01a2.o
    0x0800862c   0x000000a4   Code   RO         2573    i.I2C_IsAcknowledgeFailed  stm32l0xx_hal_i2c.o
    0x080086d0   0x00000064   Code   RO         2576    i.I2C_RequestMemoryRead  stm32l0xx_hal_i2c.o
    0x08008734   0x00000064   Code   RO         2577    i.I2C_RequestMemoryWrite  stm32l0xx_hal_i2c.o
    0x08008798   0x00000024   Code   RO         2580    i.I2C_TransferConfig  stm32l0xx_hal_i2c.o
    0x080087bc   0x0000006c   Code   RO         2581    i.I2C_WaitOnFlagUntilTimeout  stm32l0xx_hal_i2c.o
    0x08008828   0x00000050   Code   RO         2583    i.I2C_WaitOnSTOPFlagUntilTimeout  stm32l0xx_hal_i2c.o
    0x08008878   0x00000054   Code   RO         2584    i.I2C_WaitOnTXISFlagUntilTimeout  stm32l0xx_hal_i2c.o
    0x080088cc   0x00000026   Code   RO         8856    i.LPS22HB_Check_WhoAmI  lps22hb_driver_hl.o
    0x080088f2   0x0000001e   Code   RO         8857    i.LPS22HB_FIFO_Get_Data  lps22hb_driver_hl.o
    0x08008910   0x00000018   Code   RO         8858    i.LPS22HB_FIFO_Get_Empty_Status  lps22hb_driver_hl.o
    0x08008928   0x00000018   Code   RO         8859    i.LPS22HB_FIFO_Get_Fth_Status  lps22hb_driver_hl.o
    0x08008940   0x00000018   Code   RO         8860    i.LPS22HB_FIFO_Get_Full_Status  lps22hb_driver_hl.o
    0x08008958   0x00000018   Code   RO         8861    i.LPS22HB_FIFO_Get_Mode  lps22hb_driver_hl.o
    0x08008970   0x00000018   Code   RO         8862    i.LPS22HB_FIFO_Get_Num_Of_Samples  lps22hb_driver_hl.o
    0x08008988   0x00000018   Code   RO         8863    i.LPS22HB_FIFO_Get_Ovr_Status  lps22hb_driver_hl.o
    0x080089a0   0x0000000e   Code   RO         8864    i.LPS22HB_FIFO_Get_Watermark_Level  lps22hb_driver_hl.o
    0x080089ae   0x00000030   Code   RO         8865    i.LPS22HB_FIFO_Reset_Interrupt  lps22hb_driver_hl.o
    0x080089de   0x00000030   Code   RO         8866    i.LPS22HB_FIFO_Set_Interrupt  lps22hb_driver_hl.o
    0x08008a0e   0x0000002e   Code   RO         8867    i.LPS22HB_FIFO_Set_Mode  lps22hb_driver_hl.o
    0x08008a3c   0x0000000e   Code   RO         8868    i.LPS22HB_FIFO_Set_Watermark_Level  lps22hb_driver_hl.o
    0x08008a4a   0x0000001a   Code   RO         8869    i.LPS22HB_FIFO_Stop_On_Fth  lps22hb_driver_hl.o
    0x08008a64   0x0000001a   Code   RO         8870    i.LPS22HB_FIFO_Usage  lps22hb_driver_hl.o
    0x08008a7e   0x0000001a   Code   RO         8871    i.LPS22HB_FIFO_Watermark_Usage  lps22hb_driver_hl.o
    0x08008a98   0x0000003a   Code   RO         8473    i.LPS22HB_Get_DataStatus  lps22hb_driver.o
    0x08008ad2   0x00000014   Code   RO         8474    i.LPS22HB_Get_DeviceID  lps22hb_driver.o
    0x08008ae6   0x00000026   Code   RO         8477    i.LPS22HB_Get_FifoMode  lps22hb_driver.o
    0x08008b0c   0x00000046   Code   RO         8478    i.LPS22HB_Get_FifoStatus  lps22hb_driver.o
    0x08008b52   0x00000022   Code   RO         8479    i.LPS22HB_Get_FifoWatermarkLevel  lps22hb_driver.o
    0x08008b74   0x00000064   Code   RO         8872    i.LPS22HB_Get_ODR   lps22hb_driver_hl.o
    0x08008bd8   0x00000024   Code   RO         8485    i.LPS22HB_Get_Odr   lps22hb_driver.o
    0x08008bfc   0x00000028   Code   RO         8873    i.LPS22HB_Get_Press  lps22hb_driver_hl.o
    0x08008c24   0x00000026   Code   RO         8487    i.LPS22HB_Get_Pressure  lps22hb_driver.o
    0x08008c4a   0x0000003c   Code   RO         8490    i.LPS22HB_Get_RawPressure  lps22hb_driver.o
    0x08008c86   0x00000026   Code   RO         8491    i.LPS22HB_Get_RawTemperature  lps22hb_driver.o
    0x08008cac   0x00000030   Code   RO         8874    i.LPS22HB_Get_Temp  lps22hb_driver_hl.o
    0x08008cdc   0x00000028   Code   RO         8494    i.LPS22HB_Get_Temperature  lps22hb_driver.o
    0x08008d04   0x0000000e   Code   RO         8875    i.LPS22HB_Get_WhoAmI  lps22hb_driver_hl.o
    0x08008d12   0x00000002   PAD
    0x08008d14   0x00000064   Code   RO         8876    i.LPS22HB_Initialize  lps22hb_driver_hl.o
    0x08008d78   0x00000008   Code   RO         8877    i.LPS22HB_P_Check_WhoAmI  lps22hb_driver_hl.o
    0x08008d80   0x00000022   Code   RO         8878    i.LPS22HB_P_DeInit  lps22hb_driver_hl.o
    0x08008da2   0x00000018   Code   RO         8879    i.LPS22HB_P_Get_DRDY_Status  lps22hb_driver_hl.o
    0x08008dba   0x00000008   Code   RO         8880    i.LPS22HB_P_Get_ODR  lps22hb_driver_hl.o
    0x08008dc2   0x00000008   Code   RO         8881    i.LPS22HB_P_Get_Press  lps22hb_driver_hl.o
    0x08008dca   0x00000008   Code   RO         8882    i.LPS22HB_P_Get_WhoAmI  lps22hb_driver_hl.o
    0x08008dd2   0x00000026   Code   RO         8883    i.LPS22HB_P_Init    lps22hb_driver_hl.o
    0x08008df8   0x0000000e   Code   RO         8884    i.LPS22HB_P_Read_Reg  lps22hb_driver_hl.o
    0x08008e06   0x0000002a   Code   RO         8885    i.LPS22HB_P_Sensor_Disable  lps22hb_driver_hl.o
    0x08008e30   0x00000028   Code   RO         8886    i.LPS22HB_P_Sensor_Enable  lps22hb_driver_hl.o
    0x08008e58   0x00000020   Code   RO         8887    i.LPS22HB_P_Set_ODR  lps22hb_driver_hl.o
    0x08008e78   0x00000020   Code   RO         8888    i.LPS22HB_P_Set_ODR_Value  lps22hb_driver_hl.o
    0x08008e98   0x0000000e   Code   RO         8889    i.LPS22HB_P_Write_Reg  lps22hb_driver_hl.o
    0x08008ea6   0x00000030   Code   RO         8499    i.LPS22HB_ReadReg   lps22hb_driver.o
    0x08008ed6   0x00000012   Code   RO         8890    i.LPS22HB_Read_Reg  lps22hb_driver_hl.o
    0x08008ee8   0x0000004c   Code   RO         6582    i.LPS22HB_Sensor_IO_ITConfig  x_nucleo_iks01a2.o
    0x08008f34   0x00000036   Code   RO         8504    i.LPS22HB_Set_AutomaticIncrementRegAddress  lps22hb_driver.o
    0x08008f6a   0x0000003a   Code   RO         8505    i.LPS22HB_Set_Bdu   lps22hb_driver.o
    0x08008fa4   0x00000036   Code   RO         8508    i.LPS22HB_Set_FIFO_FTH_Interrupt  lps22hb_driver.o
    0x08008fda   0x00000036   Code   RO         8509    i.LPS22HB_Set_FIFO_FULL_Interrupt  lps22hb_driver.o
    0x08009010   0x00000036   Code   RO         8510    i.LPS22HB_Set_FIFO_OVR_Interrupt  lps22hb_driver.o
    0x08009046   0x00000034   Code   RO         8512    i.LPS22HB_Set_FifoMode  lps22hb_driver.o
    0x0800907a   0x00000036   Code   RO         8513    i.LPS22HB_Set_FifoModeUse  lps22hb_driver.o
    0x080090b0   0x00000034   Code   RO         8514    i.LPS22HB_Set_FifoWatermarkLevel  lps22hb_driver.o
    0x080090e4   0x00000036   Code   RO         8515    i.LPS22HB_Set_FifoWatermarkLevelUse  lps22hb_driver.o
    0x0800911a   0x00000036   Code   RO         8523    i.LPS22HB_Set_LowPassFilter  lps22hb_driver.o
    0x08009150   0x00000036   Code   RO         8524    i.LPS22HB_Set_LowPassFilterCutoff  lps22hb_driver.o
    0x08009186   0x00000002   PAD
    0x08009188   0x00000034   Code   RO         8891    i.LPS22HB_Set_ODR_Value_When_Disabled  lps22hb_driver_hl.o
    0x080091bc   0x00000058   Code   RO         8892    i.LPS22HB_Set_ODR_Value_When_Enabled  lps22hb_driver_hl.o
    0x08009214   0x00000040   Code   RO         8893    i.LPS22HB_Set_ODR_When_Disabled  lps22hb_driver_hl.o
    0x08009254   0x00000042   Code   RO         8894    i.LPS22HB_Set_ODR_When_Enabled  lps22hb_driver_hl.o
    0x08009296   0x00000036   Code   RO         8525    i.LPS22HB_Set_Odr   lps22hb_driver.o
    0x080092cc   0x00000034   Code   RO         8528    i.LPS22HB_Set_PowerMode  lps22hb_driver.o
    0x08009300   0x00000008   Code   RO         8895    i.LPS22HB_T_Check_WhoAmI  lps22hb_driver_hl.o
    0x08009308   0x00000022   Code   RO         8896    i.LPS22HB_T_DeInit  lps22hb_driver_hl.o
    0x0800932a   0x00000018   Code   RO         8897    i.LPS22HB_T_Get_DRDY_Status  lps22hb_driver_hl.o
    0x08009342   0x00000008   Code   RO         8898    i.LPS22HB_T_Get_ODR  lps22hb_driver_hl.o
    0x0800934a   0x00000008   Code   RO         8899    i.LPS22HB_T_Get_Temp  lps22hb_driver_hl.o
    0x08009352   0x00000008   Code   RO         8900    i.LPS22HB_T_Get_WhoAmI  lps22hb_driver_hl.o
    0x0800935a   0x00000026   Code   RO         8901    i.LPS22HB_T_Init    lps22hb_driver_hl.o
    0x08009380   0x0000000e   Code   RO         8902    i.LPS22HB_T_Read_Reg  lps22hb_driver_hl.o
    0x0800938e   0x0000002a   Code   RO         8903    i.LPS22HB_T_Sensor_Disable  lps22hb_driver_hl.o
    0x080093b8   0x00000028   Code   RO         8904    i.LPS22HB_T_Sensor_Enable  lps22hb_driver_hl.o
    0x080093e0   0x00000020   Code   RO         8905    i.LPS22HB_T_Set_ODR  lps22hb_driver_hl.o
    0x08009400   0x00000020   Code   RO         8906    i.LPS22HB_T_Set_ODR_Value  lps22hb_driver_hl.o
    0x08009420   0x0000000e   Code   RO         8907    i.LPS22HB_T_Write_Reg  lps22hb_driver_hl.o
    0x0800942e   0x00000030   Code   RO         8534    i.LPS22HB_WriteReg  lps22hb_driver.o
    0x0800945e   0x00000012   Code   RO         8908    i.LPS22HB_Write_Reg  lps22hb_driver_hl.o
    0x08009470   0x00000002   Code   RO          399    i.NMI_Handler       stm32l0xx_it.o
    0x08009472   0x00000002   Code   RO          400    i.PendSV_Handler    stm32l0xx_it.o
    0x08009474   0x00000038   Code   RO          482    i.RTC_IRQHandler    st_lowlevel_nucleo.o
    0x080094ac   0x00000014   Code   RO          693    i.S2LPManagementComputeXtalFrequency  s2lp_sdk_util.o
    0x080094c0   0x0000000c   Code   RO          697    i.S2LPManagementGetOffset  s2lp_sdk_util.o
    0x080094cc   0x00000194   Code   RO          699    i.S2LPManagementIdentificationRFBoard  s2lp_sdk_util.o
    0x08009660   0x0000001e   Code   RO         5105    i.SPI_DMAError      stm32l0xx_hal_spi.o
    0x0800967e   0x0000000a   Code   RO         5106    i.SPI_DMAHalfReceiveCplt  stm32l0xx_hal_spi.o
    0x08009688   0x0000000a   Code   RO         5108    i.SPI_DMAHalfTransmitReceiveCplt  stm32l0xx_hal_spi.o
    0x08009692   0x000000bc   Code   RO         5109    i.SPI_DMAReceiveCplt  stm32l0xx_hal_spi.o
    0x0800974e   0x000000c2   Code   RO         5111    i.SPI_DMATransmitReceiveCplt  stm32l0xx_hal_spi.o
    0x08009810   0x000000a2   Code   RO         5116    i.SPI_WaitOnFlagUntilTimeout  stm32l0xx_hal_spi.o
    0x080098b2   0x0000000e   Code   RO          483    i.ST_LOWLEVEL_CmdStrobe  st_lowlevel_nucleo.o
    0x080098c0   0x0000003c   Code   RO          484    i.ST_LOWLEVEL_Delay  st_lowlevel_nucleo.o
    0x080098fc   0x00000008   Code   RO          485    i.ST_LOWLEVEL_Encrypt  st_lowlevel_nucleo.o
    0x08009904   0x00000004   Code   RO          486    i.ST_LOWLEVEL_GetTemperature  st_lowlevel_nucleo.o
    0x08009908   0x00000004   Code   RO          487    i.ST_LOWLEVEL_GetVoltage  st_lowlevel_nucleo.o
    0x0800990c   0x00000084   Code   RO          488    i.ST_LOWLEVEL_GpioIRQ  st_lowlevel_nucleo.o
    0x08009990   0x00000010   Code   RO          490    i.ST_LOWLEVEL_NVMRead  st_lowlevel_nucleo.o
    0x080099a0   0x00000020   Code   RO          491    i.ST_LOWLEVEL_NVMWrite  st_lowlevel_nucleo.o
    0x080099c0   0x0000000e   Code   RO          492    i.ST_LOWLEVEL_ReadFifo  st_lowlevel_nucleo.o
    0x080099ce   0x0000000e   Code   RO          493    i.ST_LOWLEVEL_ReadRegisters  st_lowlevel_nucleo.o
    0x080099dc   0x00000064   Code   RO          494    i.ST_LOWLEVEL_SetSysClock  st_lowlevel_nucleo.o
    0x08009a40   0x00000012   Code   RO          495    i.ST_LOWLEVEL_Shutdown  st_lowlevel_nucleo.o
    0x08009a52   0x00000008   Code   RO          496    i.ST_LOWLEVEL_SpiRaw  st_lowlevel_nucleo.o
    0x08009a5a   0x00000002   PAD
    0x08009a5c   0x000000b4   Code   RO          497    i.ST_LOWLEVEL_TimerCalibration  st_lowlevel_nucleo.o
    0x08009b10   0x00000068   Code   RO          498    i.ST_LOWLEVEL_TimerStart  st_lowlevel_nucleo.o
    0x08009b78   0x00000014   Code   RO          499    i.ST_LOWLEVEL_TimerStop  st_lowlevel_nucleo.o
    0x08009b8c   0x00000090   Code   RO          500    i.ST_LOWLEVEL_WaitForInterrupt  st_lowlevel_nucleo.o
    0x08009c1c   0x0000000e   Code   RO          501    i.ST_LOWLEVEL_WriteFifo  st_lowlevel_nucleo.o
    0x08009c2a   0x0000000e   Code   RO          502    i.ST_LOWLEVEL_WriteRegisters  st_lowlevel_nucleo.o
    0x08009c38   0x00000002   Code   RO          401    i.SVC_Handler       stm32l0xx_it.o
    0x08009c3a   0x00000002   PAD
    0x08009c3c   0x0000002c   Code   RO         1132    i.SdkDelayMs        sdk_eval_timers.o
    0x08009c68   0x00000010   Code   RO          935    i.SdkEvalEnterShutdown  sdk_eval_gpio.o
    0x08009c78   0x00000024   Code   RO          936    i.SdkEvalExitShutdown  sdk_eval_gpio.o
    0x08009c9c   0x0000000c   Code   RO          860    i.SdkEvalGetHasEeprom  sdk_eval_eeprom.o
    0x08009ca8   0x0000000c   Code   RO          938    i.SdkEvalGpioGetPin  sdk_eval_gpio.o
    0x08009cb4   0x00000002   Code   RO          824    i.SdkEvalIdentification  sdk_eval_config.o
    0x08009cb6   0x00000002   PAD
    0x08009cb8   0x00000040   Code   RO         1025    i.SdkEvalLedInit    sdk_eval_led.o
    0x08009cf8   0x0000000e   Code   RO         1028    i.SdkEvalLedToggle  sdk_eval_led.o
    0x08009d06   0x00000002   PAD
    0x08009d08   0x000000a4   Code   RO          942    i.SdkEvalM2SGpioInit  sdk_eval_gpio.o
    0x08009dac   0x0000002c   Code   RO          943    i.SdkEvalM2SGpioInterruptCmd  sdk_eval_gpio.o
    0x08009dd8   0x00000020   Code   RO          944    i.SdkEvalM2SGpioTriggerFalling  sdk_eval_gpio.o
    0x08009df8   0x00000020   Code   RO          945    i.SdkEvalM2SGpioTriggerRising  sdk_eval_gpio.o
    0x08009e18   0x00000060   Code   RO          798    i.SdkEvalPushButtonInit  sdk_eval_button.o
    0x08009e78   0x0000000c   Code   RO          861    i.SdkEvalSetHasEeprom  sdk_eval_eeprom.o
    0x08009e84   0x000000c8   Code   RO         1068    i.SdkEvalSpiCommandStrobes  sdk_eval_spi_driver_dma.o
    0x08009f4c   0x00000148   Code   RO         1070    i.SdkEvalSpiInit    sdk_eval_spi_driver_dma.o
    0x0800a094   0x000000c0   Code   RO         1071    i.SdkEvalSpiRaw     sdk_eval_spi_driver_dma.o
    0x0800a154   0x000000e0   Code   RO         1072    i.SdkEvalSpiReadFifo  sdk_eval_spi_driver_dma.o
    0x0800a234   0x000000dc   Code   RO         1073    i.SdkEvalSpiReadRegisters  sdk_eval_spi_driver_dma.o
    0x0800a310   0x000000dc   Code   RO         1074    i.SdkEvalSpiWriteFifo  sdk_eval_spi_driver_dma.o
    0x0800a3ec   0x000000dc   Code   RO         1075    i.SdkEvalSpiWriteRegisters  sdk_eval_spi_driver_dma.o
    0x0800a4c8   0x000000b8   Code   RO         1134    i.SdkEvalTimersTimConfig  sdk_eval_timers.o
    0x0800a580   0x0000000e   Code   RO         6584    i.Sensor_IO_Init    x_nucleo_iks01a2.o
    0x0800a58e   0x00000002   PAD
    0x0800a590   0x00000030   Code   RO         6585    i.Sensor_IO_Read    x_nucleo_iks01a2.o
    0x0800a5c0   0x00000030   Code   RO         6586    i.Sensor_IO_Write   x_nucleo_iks01a2.o
    0x0800a5f0   0x00000010   Code   RO         1137    i.SysTick_Handler   sdk_eval_timers.o
    0x0800a600   0x00000054   Code   RO        13321    i.SystemInit        system_stm32l0xx.o
    0x0800a654   0x00000020   Code   RO          503    i.TIM2_IRQHandler   st_lowlevel_nucleo.o
    0x0800a674   0x00000050   Code   RO         5399    i.TIM_Base_SetConfig  stm32l0xx_hal_tim.o
    0x0800a6c4   0x00000074   Code   RO            6    i.Temperature_Sensor_Handler  main.o
    0x0800a738   0x000000ca   Code   RO         6006    i.UART_AdvFeatureConfig  stm32l0xx_hal_uart.o
    0x0800a802   0x00000002   PAD
    0x0800a804   0x00000054   Code   RO         6007    i.UART_CheckIdleState  stm32l0xx_hal_uart.o
    0x0800a858   0x00000214   Code   RO         6014    i.UART_SetConfig    stm32l0xx_hal_uart.o
    0x0800aa6c   0x000000a8   Code   RO         6016    i.UART_WaitOnFlagUntilTimeout  stm32l0xx_hal_uart.o
    0x0800ab14   0x000000a0   Code   RO          648    i.USARTConfig       com.o
    0x0800abb4   0x00000020   Code   RO        13991    i.__0printf         mc_p.l(printfa.o)
    0x0800abd4   0x00000024   Code   RO        13997    i.__0vsprintf       mc_p.l(printfa.o)
    0x0800abf8   0x0000002e   Code   RO        14121    i.__ARM_clz         mf_p.l(depilogue.o)
    0x0800ac26   0x0000001a   Code   RO          789    i.__ARM_common_switch8  s2lp_sdk_util.o
    0x0800ac40   0x0000002c   Code   RO        14071    i.__ARM_fpclassify  m_ps.l(fpclassify.o)
    0x0800ac6c   0x00000044   Code   RO         1734    i.__NVIC_SetPriority  stm32l0xx_hal_cortex.o
    0x0800acb0   0x000000ac   Code   RO        14073    i.__kernel_poly     m_ps.l(poly.o)
    0x0800ad5c   0x00000014   Code   RO        14057    i.__mathlib_dbl_divzero  m_ps.l(dunder.o)
    0x0800ad70   0x00000008   Code   RO        14059    i.__mathlib_dbl_infnan2  m_ps.l(dunder.o)
    0x0800ad78   0x00000010   Code   RO        14060    i.__mathlib_dbl_invalid  m_ps.l(dunder.o)
    0x0800ad88   0x00000014   Code   RO        14061    i.__mathlib_dbl_overflow  m_ps.l(dunder.o)
    0x0800ad9c   0x00000014   Code   RO        14063    i.__mathlib_dbl_underflow  m_ps.l(dunder.o)
    0x0800adb0   0x0000000e   Code   RO        14139    i.__scatterload_copy  mc_p.l(handlers.o)
    0x0800adbe   0x00000002   Code   RO        14140    i.__scatterload_null  mc_p.l(handlers.o)
    0x0800adc0   0x0000000e   Code   RO        14141    i.__scatterload_zeroinit  mc_p.l(handlers.o)
    0x0800adce   0x00000002   PAD
    0x0800add0   0x0000000c   Code   RO        14111    i.__set_errno       mc_p.l(errno.o)
    0x0800addc   0x00000174   Code   RO        13998    i._fp_digits        mc_p.l(printfa.o)
    0x0800af50   0x000006ec   Code   RO        13999    i._printf_core      mc_p.l(printfa.o)
    0x0800b63c   0x00000020   Code   RO        14000    i._printf_post_padding  mc_p.l(printfa.o)
    0x0800b65c   0x0000002c   Code   RO        14001    i._printf_pre_padding  mc_p.l(printfa.o)
    0x0800b688   0x0000000a   Code   RO        14003    i._sputc            mc_p.l(printfa.o)
    0x0800b692   0x00000002   PAD
    0x0800b694   0x00000024   Code   RO            7    i.enableAllSensors  main.o
    0x0800b6b8   0x00000010   Code   RO            9    i.exitGpioLowPower  main.o
    0x0800b6c8   0x00000064   Code   RO           10    i.floatToInt        main.o
    0x0800b72c   0x00000012   Code   RO        14098    i.fputc             mc_p.l(fputc.o)
    0x0800b73e   0x00000002   PAD
    0x0800b740   0x00000228   Code   RO           11    i.main              main.o
    0x0800b968   0x000009fc   Code   RO        13728    i.pow               m_ps.l(pow.o)
    0x0800c364   0x0000009c   Code   RO        13737    i.round             m_ps.l(round.o)
    0x0800c400   0x00000074   Code   RO          504    i.setGpioRestore    st_lowlevel_nucleo.o
    0x0800c474   0x00000048   Code   RO        14077    i.sqrt              m_ps.l(sqrt.o)
    0x0800c4bc   0x00000064   Code   RO        13739    i.trunc             m_ps.l(trunc.o)
    0x0800c520   0x00000034   Code   RO          649    i.vcom_Send         com.o
    0x0800c554   0x00000018   Data   RO           12    .constdata          main.o
    0x0800c56c   0x00000038   Data   RO          505    .constdata          st_lowlevel_nucleo.o
    0x0800c5a4   0x00000048   Data   RO          946    .constdata          sdk_eval_gpio.o
    0x0800c5ec   0x00000010   Data   RO         4079    .constdata          stm32l0xx_hal_rcc.o
    0x0800c5fc   0x00000019   Data   RO        13322    .constdata          system_stm32l0xx.o
    0x0800c615   0x00000003   PAD
    0x0800c618   0x00000088   Data   RO        13729    .constdata          m_ps.l(pow.o)
    0x0800c6a0   0x00000008   Data   RO        14075    .constdata          m_ps.l(qnan.o)
    0x0800c6a8   0x00000020   Data   RO        14137    Region$$Table       anon$$obj.o


    Execution Region RW_IRAM1 (Base: 0x20000000, Size: 0x00001280, Max: 0x00002000, ABSOLUTE, COMPRESSED[0x000001d8])

    Base Addr    Size         Type   Attr      Idx    E Section Name        Object

    0x20000000   0x00000010   Data   RW           13    .data               main.o
    0x20000010   0x00000068   Data   RW          506    .data               st_lowlevel_nucleo.o
    0x20000078   0x00000002   Data   RW          653    .data               com.o
    0x2000007a   0x00000002   PAD
    0x2000007c   0x00000008   Data   RW          706    .data               s2lp_sdk_util.o
    0x20000084   0x00000001   Data   RW          863    .data               sdk_eval_eeprom.o
    0x20000085   0x00000003   PAD
    0x20000088   0x00000014   Data   RW          947    .data               sdk_eval_gpio.o
    0x2000009c   0x00000004   Data   RW         1138    .data               sdk_eval_timers.o
    0x200000a0   0x00000004   Data   RW         1215    .data               stm32l0xx_hal.o
    0x200000a4   0x00000004   Data   RW         6588    .data               x_nucleo_iks01a2.o
    0x200000a8   0x0000000c   Data   RW         7400    .data               x_nucleo_iks01a2_humidity.o
    0x200000b4   0x0000000c   Data   RW         7692    .data               x_nucleo_iks01a2_pressure.o
    0x200000c0   0x00000008   Data   RW         7883    .data               x_nucleo_iks01a2_temperature.o
    0x200000c8   0x00000034   Data   RW         8313    .data               hts221_driver_hl.o
    0x200000fc   0x00000034   Data   RW         8314    .data               hts221_driver_hl.o
    0x20000130   0x00000004   Data   RW         8315    .data               hts221_driver_hl.o
    0x20000134   0x00000034   Data   RW         8909    .data               lps22hb_driver_hl.o
    0x20000168   0x00000034   Data   RW         8910    .data               lps22hb_driver_hl.o
    0x2000019c   0x0000003c   Data   RW         8911    .data               lps22hb_driver_hl.o
    0x200001d8   0x0000003c   Data   RW         8912    .data               lps22hb_driver_hl.o
    0x20000214   0x00000008   Data   RW         8913    .data               lps22hb_driver_hl.o
    0x2000021c   0x00000004   Data   RW        13324    .data               system_stm32l0xx.o
    0x20000220   0x00000004   Data   RW        13370    .data               st_sfx_library_FCC.lib(S2LP_Radio.o)
    0x20000224   0x00000004   Data   RW        13446    .data               st_sfx_library_FCC.lib(st_manuf_api.o)
    0x20000228   0x00000074   Data   RW        13448    .data               st_sfx_library_FCC.lib(st_manuf_api.o)
    0x2000029c   0x00000054   Data   RW        13449    .data               st_sfx_library_FCC.lib(st_manuf_api.o)
    0x200002f0   0x00000054   Data   RW        13450    .data               st_sfx_library_FCC.lib(st_manuf_api.o)
    0x20000344   0x00000090   Data   RW        13451    .data               st_sfx_library_FCC.lib(st_manuf_api.o)
    0x200003d4   0x00000090   Data   RW        13452    .data               st_sfx_library_FCC.lib(st_manuf_api.o)
    0x20000464   0x0000004c   Data   RW        13496    .data               ID_KEY_RETRIEVER_CM0PLUS.lib(asfd32.o)
    0x200004b0   0x0000000c   Data   RW        13524    .data               st_sfx_library_FCC.lib(sigfox_api.o)
    0x200004bc   0x00000004   Data   RW        14100    .data               mc_p.l(stdout.o)
    0x200004c0   0x00000004   Data   RW        14112    .data               mc_p.l(errno.o)
    0x200004c4   0x00000200   Zero   RW          650    .bss                com.o
    0x200006c4   0x00000058   Zero   RW          862    .bss                sdk_eval_eeprom.o
    0x2000071c   0x000001d0   Zero   RW         1076    .bss                sdk_eval_spi_driver_dma.o
    0x200008ec   0x00000018   Zero   RW         2225    .bss                stm32l0xx_hal_flash.o
    0x20000904   0x0000003c   Zero   RW         6587    .bss                x_nucleo_iks01a2.o
    0x20000940   0x00000014   Zero   RW         7399    .bss                x_nucleo_iks01a2_humidity.o
    0x20000954   0x00000014   Zero   RW         7691    .bss                x_nucleo_iks01a2_pressure.o
    0x20000968   0x00000038   Zero   RW         7882    .bss                x_nucleo_iks01a2_temperature.o
    0x200009a0   0x00000010   Zero   RW        13353    .bss                st_sfx_library_FCC.lib(st_sigfox_api.o)
    0x200009b0   0x00000004   Zero   RW        13438    .bss                st_sfx_library_FCC.lib(S2LP_Types.o)
    0x200009b4   0x000003ec   Zero   RW        13453    .bss                st_sfx_library_FCC.lib(st_manuf_api.o)
    0x20000da0   0x000000b0   Zero   RW        13494    .bss                ID_KEY_RETRIEVER_CM0PLUS.lib(asfd32.o)
    0x20000e50   0x00000008   Zero   RW        13525    .bss                st_sfx_library_FCC.lib(sigfox_api.o)
    0x20000e58   0x00000004   Zero   RW        13673    .bss                st_sfx_library_FCC.lib(sigfox_internal.o)
    0x20000e5c   0x00000001   Zero   RW        13690    .bss                st_sfx_library_FCC.lib(S2LP_PktWMbus.o)
    0x20000e5d   0x00000003   PAD
    0x20000e60   0x00000020   Zero   RW        13716    .bss                st_sfx_library_FCC.lib(sigfox_hmac.o)
    0x20000e80   0x00000400   Zero   RW        13311    STACK               startup_stm32l053xx.o


==============================================================================

Image component sizes


      Code (inc. data)   RO Data    RW Data    ZI Data      Debug   Object Name

       212         28          0          2        512       2694   com.o
      1000        192          0          0          0      10316   hts221_driver.o
       980         38          0        108          0      26150   hts221_driver_hl.o
      1228          0          0          0          0      20781   lps22hb_driver.o
      1672        100          0        232          0      40535   lps22hb_driver_hl.o
       976        194         24         16          0     300619   main.o
       512         52          0          8          0       4686   s2lp_sdk_util.o
        96         14          0          0          0       1336   sdk_eval_button.o
         2          0          0          0          0        556   sdk_eval_config.o
       648         58          0          1         88       6640   sdk_eval_eeprom.o
       336         48         72         20          0       6218   sdk_eval_gpio.o
        78          6          0          0          0       1784   sdk_eval_led.o
      1604         76          0          0        464       8168   sdk_eval_spi_driver_dma.o
       244         30          0          4          0       2998   sdk_eval_timers.o
      1202        140         56        104          0      17020   st_lowlevel_nucleo.o
        28          8        192          0       1024        708   startup_stm32l053xx.o
        86         12          0          4          0       2944   stm32l0xx_hal.o
       180         30          0          0          0      12411   stm32l0xx_hal_cortex.o
      1012         16          0          0          0       4139   stm32l0xx_hal_dma.o
       248         18          0          0         24       4497   stm32l0xx_hal_flash.o
       140         26          0          0          0       2287   stm32l0xx_hal_flash_ex.o
       376         34          0          0          0       3291   stm32l0xx_hal_gpio.o
      1430         28          0          0          0      13580   stm32l0xx_hal_i2c.o
         2          0          0          0          0        566   stm32l0xx_hal_msp_template.o
        68         12          0          0          0       1287   stm32l0xx_hal_pwr.o
      1618        102         16          0          0       7100   stm32l0xx_hal_rcc.o
       388         12          0          0          0       1692   stm32l0xx_hal_rcc_ex.o
       400         12          0          0          0       3819   stm32l0xx_hal_rtc_ex.o
      1684         20          0          0          0      12840   stm32l0xx_hal_spi.o
       256         18          0          0          0       5959   stm32l0xx_hal_tim.o
      1278         76          0          0          0       7316   stm32l0xx_hal_uart.o
       228         16          0          0          0       3633   stm32l0xx_it.o
        84         18         25          4          0       1471   system_stm32l0xx.o
       378         58          0          4         60       6121   x_nucleo_iks01a2.o
       304         16          0         12         20       7257   x_nucleo_iks01a2_humidity.o
       244         22          0         12         20       4821   x_nucleo_iks01a2_pressure.o
       468         38          0          8         56       8275   x_nucleo_iks01a2_temperature.o

    ----------------------------------------------------------------------
     21730       1568        420        544       2268     566515   Object Totals
         0          0         32          0          0          0   (incl. Generated)
        40          0          3          5          0          0   (incl. Padding)

    ----------------------------------------------------------------------

      Code (inc. data)   RO Data    RW Data    ZI Data      Debug   Library Member Name

      3492        792          0         76        176       1460   asfd32.o
        84         14          0          0          0        340   dunder.o
        44          4          0          0          0         60   fpclassify.o
       172          0          0          0          0         76   poly.o
      2556        196        136          0          0        240   pow.o
         0          0          8          0          0          0   qnan.o
       156         14          0          0          0         84   round.o
        72          6          0          0          0         76   sqrt.o
       100          4          0          0          0         76   trunc.o
        86          0          0          0          0          0   __dczerorl2.o
         0          0          0          0          0          0   entry.o
         0          0          0          0          0          0   entry10a.o
         0          0          0          0          0          0   entry11a.o
         8          4          0          0          0          0   entry2.o
         4          0          0          0          0          0   entry5.o
         0          0          0          0          0          0   entry7b.o
         0          0          0          0          0          0   entry8b.o
         8          4          0          0          0          0   entry9a.o
        12          6          0          4          0         60   errno.o
        18          0          0          0          0         72   fputc.o
        30          0          0          0          0          0   handlers.o
        40          0          0          0          0         72   idiv.o
        36          8          0          0          0         68   init.o
         0          0          0          0          0          0   iusefp.o
         0          0          0          0          0          0   iusesemip.o
        32          0          0          0          0         68   llshl.o
        38          0          0          0          0         68   llsshr.o
        34          0          0          0          0         68   llushr.o
        36          0          0          0          0         60   memcpya.o
        36          0          0          0          0        100   memseta.o
      2298        104          0          0          0        544   printfa.o
         0          0          0          0          0          0   semi.o
         0          0          0          4          0          0   stdout.o
        44          0          0          0          0         72   uidiv.o
        96          0          0          0          0         84   uldiv.o
        40          2          0          0          0         68   cdcmple.o
        40          2          0          0          0         68   cdrcmple.o
        20          0          0          0          0         68   cfrcmple.o
        56          0          0          0          0         68   d2f.o
       356          4          0          0          0        140   dadd.o
       240          6          0          0          0         84   ddiv.o
       236          0          0          0          0        216   depilogue.o
        72         10          0          0          0         72   dfixi.o
        60         10          0          0          0         68   dfixui.o
        64         10          0          0          0         68   dfixul.o
        40          6          0          0          0         68   dflti.o
        28          4          0          0          0         68   dfltui.o
       208          6          0          0          0         88   dmul.o
       124         10          0          0          0         76   drnd.o
        44          0          0          0          0         72   dscalb.o
       162          0          0          0          0         80   dsqrt.o
        40          0          0          0          0         60   f2d.o
       178          0          0          0          0        108   fadd.o
       124          0          0          0          0         72   fdiv.o
       130          0          0          0          0        144   fepilogue.o
        50          0          0          0          0         60   ffixi.o
        40          0          0          0          0         60   ffixui.o
        22          0          0          0          0         68   fflti.o
        14          0          0          0          0         68   ffltui.o
       122          0          0          0          0         72   fmul.o
        28          4          0          0          0         65   S2LP_Commands.o
       332          4          0          0          0        937   S2LP_Fifo.o
       444          4          0          0          0        939   S2LP_Gpio.o
      1540         12          0          0          0       3223   S2LP_PacketHandler.o
       904          4          0          0          0        820   S2LP_PktBasic.o
       432         12          0          0          1        663   S2LP_PktWMbus.o
      4464        324          0          4          0       4099   S2LP_Radio.o
        24          4          0          0          4         65   S2LP_Types.o
      2868        100          0         12          8        719   sigfox_api.o
       116          4          0          0          0        150   sigfox_crc.o
       536         36          0          0          0        159   sigfox_decode.o
        84          4          0          0         32         79   sigfox_hmac.o
      2168        120          0          0          4        532   sigfox_internal.o
        80          4          0          0          0         78   sigfox_pn.o
       124         16          0          0          0         79   sigfox_scramb.o
      2184        128          0        576       1004       2220   st_manuf_api.o
       216         20          0          0         16        624   st_sigfox_api.o

    ----------------------------------------------------------------------
     28594       2026        144        676       1248      21283   Library Totals
         8          0          0          0          3          0   (incl. Padding)

    ----------------------------------------------------------------------

      Code (inc. data)   RO Data    RW Data    ZI Data      Debug   Library Name

      3492        792          0         76        176       1460   ID_KEY_RETRIEVER_CM0PLUS.lib
      3184        238        144          0          0        952   m_ps.l
      2856        126          0          8          0       1336   mc_p.l
      2510         70          0          0          0       2084   mf_p.l
     16544        800          0        592       1069      15451   st_sfx_library_FCC.lib

    ----------------------------------------------------------------------
     28594       2026        144        676       1248      21283   Library Totals

    ----------------------------------------------------------------------

==============================================================================


      Code (inc. data)   RO Data    RW Data    ZI Data      Debug   

     50324       3594        564       1220       3516     561378   Grand Totals
     50324       3594        564        472       3516     561378   ELF Image Totals (compressed)
     50324       3594        564        472          0          0   ROM Totals

==============================================================================

    Total RO  Size (Code + RO Data)                50888 (  49.70kB)
    Total RW  Size (RW Data + ZI Data)              4736 (   4.63kB)
    Total ROM Size (Code + RO Data + RW Data)      51360 (  50.16kB)

==============================================================================

