<!doctype html public "-//w3c//dtd html 4.0 transitional//en">
<html><head>
<title>Static Call Graph - [.\Objects\SigFox_PushButton_FCC.axf]</title></head>
<body><HR>
<H1>Static Call Graph for image .\Objects\SigFox_PushButton_FCC.axf</H1><HR>
<BR><P>#&#060CALLGRAPH&#062# ARM Linker, 5060422: Last Updated: Sat Feb 18 07:51:14 2017
<BR><P>
<H3>Maximum Stack Usage =        712 bytes + Unknown(Functions without stacksize, Cycles, Untraceable Function Pointers)</H3><H3>
Call chain for Maximum Stack Depth:</H3>
main &rArr; ST_SIGFOX_API_send_frame &rArr; SIGFOX_API_send_frame &rArr; SIGFOX_INT_send_frame &rArr; MANUF_API_rf_init &rArr; S2LPRadioInit &rArr; S2LPRadioSearchFreqDevME &rArr; S2LPRadioComputeFreqDeviation &rArr; pow &rArr; __kernel_poly &rArr; __aeabi_dmul &rArr; _double_epilogue &rArr; __aeabi_llsr
<P>
<H3>
Functions with no stack information
</H3><UL>
 <LI><a href="#[ad]">[Anonymous Symbol]</a>
 <LI><a href="#[c5]">[Anonymous Symbol]</a>
 <LI><a href="#[15d]">[Anonymous Symbol]</a>
</UL>
</UL>
<P>
<H3>
Mutually Recursive functions
</H3> <LI><a href="#[55]">ADC1_COMP_IRQHandler</a>&nbsp;&nbsp;&nbsp;&rArr;&nbsp;&nbsp;&nbsp;<a href="#[55]">ADC1_COMP_IRQHandler</a><BR>
 <LI><a href="#[45]">HardFault_Handler</a>&nbsp;&nbsp;&nbsp;&rArr;&nbsp;&nbsp;&nbsp;<a href="#[45]">HardFault_Handler</a><BR>
 <LI><a href="#[103]">[Anonymous Symbol]</a>&nbsp;&nbsp;&nbsp;&rArr;&nbsp;&nbsp;&nbsp;<a href="#[103]">[Anonymous Symbol]</a><BR>
</UL>
<P>
<H3>
Function Pointers
</H3><UL>
 <LI><a href="#[55]">ADC1_COMP_IRQHandler</a> from startup_stm32l053xx.o(.text) referenced from startup_stm32l053xx.o(RESET)
 <LI><a href="#[52]">DMA1_Channel1_IRQHandler</a> from startup_stm32l053xx.o(.text) referenced from startup_stm32l053xx.o(RESET)
 <LI><a href="#[53]">DMA1_Channel2_3_IRQHandler</a> from startup_stm32l053xx.o(.text) referenced from startup_stm32l053xx.o(RESET)
 <LI><a href="#[54]">DMA1_Channel4_5_6_7_IRQHandler</a> from startup_stm32l053xx.o(.text) referenced from startup_stm32l053xx.o(RESET)
 <LI><a href="#[4e]">EXTI0_1_IRQHandler</a> from stm32l0xx_it.o(i.EXTI0_1_IRQHandler) referenced from startup_stm32l053xx.o(RESET)
 <LI><a href="#[4f]">EXTI2_3_IRQHandler</a> from stm32l0xx_it.o(i.EXTI2_3_IRQHandler) referenced from startup_stm32l053xx.o(RESET)
 <LI><a href="#[50]">EXTI4_15_IRQHandler</a> from stm32l0xx_it.o(i.EXTI4_15_IRQHandler) referenced from startup_stm32l053xx.o(RESET)
 <LI><a href="#[4c]">FLASH_IRQHandler</a> from startup_stm32l053xx.o(.text) referenced from startup_stm32l053xx.o(RESET)
 <LI><a href="#[5]">HTS221_H_Check_WhoAmI</a> from hts221_driver_hl.o(i.HTS221_H_Check_WhoAmI) referenced 2 times from hts221_driver_hl.o(.data)
 <LI><a href="#[1]">HTS221_H_DeInit</a> from hts221_driver_hl.o(i.HTS221_H_DeInit) referenced 2 times from hts221_driver_hl.o(.data)
 <LI><a href="#[c]">HTS221_H_Get_DRDY_Status</a> from hts221_driver_hl.o(i.HTS221_H_Get_DRDY_Status) referenced 2 times from hts221_driver_hl.o(.data)
 <LI><a href="#[6]">HTS221_H_Get_Hum</a> from hts221_driver_hl.o(i.HTS221_H_Get_Hum) referenced 2 times from hts221_driver_hl.o(.data)
 <LI><a href="#[7]">HTS221_H_Get_ODR</a> from hts221_driver_hl.o(i.HTS221_H_Get_ODR) referenced 2 times from hts221_driver_hl.o(.data)
 <LI><a href="#[4]">HTS221_H_Get_WhoAmI</a> from hts221_driver_hl.o(i.HTS221_H_Get_WhoAmI) referenced 2 times from hts221_driver_hl.o(.data)
 <LI><a href="#[0]">HTS221_H_Init</a> from hts221_driver_hl.o(i.HTS221_H_Init) referenced 2 times from hts221_driver_hl.o(.data)
 <LI><a href="#[a]">HTS221_H_Read_Reg</a> from hts221_driver_hl.o(i.HTS221_H_Read_Reg) referenced 2 times from hts221_driver_hl.o(.data)
 <LI><a href="#[3]">HTS221_H_Sensor_Disable</a> from hts221_driver_hl.o(i.HTS221_H_Sensor_Disable) referenced 2 times from hts221_driver_hl.o(.data)
 <LI><a href="#[2]">HTS221_H_Sensor_Enable</a> from hts221_driver_hl.o(i.HTS221_H_Sensor_Enable) referenced 2 times from hts221_driver_hl.o(.data)
 <LI><a href="#[8]">HTS221_H_Set_ODR</a> from hts221_driver_hl.o(i.HTS221_H_Set_ODR) referenced 2 times from hts221_driver_hl.o(.data)
 <LI><a href="#[9]">HTS221_H_Set_ODR_Value</a> from hts221_driver_hl.o(i.HTS221_H_Set_ODR_Value) referenced 2 times from hts221_driver_hl.o(.data)
 <LI><a href="#[b]">HTS221_H_Write_Reg</a> from hts221_driver_hl.o(i.HTS221_H_Write_Reg) referenced 2 times from hts221_driver_hl.o(.data)
 <LI><a href="#[12]">HTS221_T_Check_WhoAmI</a> from hts221_driver_hl.o(i.HTS221_T_Check_WhoAmI) referenced 2 times from hts221_driver_hl.o(.data)
 <LI><a href="#[e]">HTS221_T_DeInit</a> from hts221_driver_hl.o(i.HTS221_T_DeInit) referenced 2 times from hts221_driver_hl.o(.data)
 <LI><a href="#[19]">HTS221_T_Get_DRDY_Status</a> from hts221_driver_hl.o(i.HTS221_T_Get_DRDY_Status) referenced 2 times from hts221_driver_hl.o(.data)
 <LI><a href="#[14]">HTS221_T_Get_ODR</a> from hts221_driver_hl.o(i.HTS221_T_Get_ODR) referenced 2 times from hts221_driver_hl.o(.data)
 <LI><a href="#[13]">HTS221_T_Get_Temp</a> from hts221_driver_hl.o(i.HTS221_T_Get_Temp) referenced 2 times from hts221_driver_hl.o(.data)
 <LI><a href="#[11]">HTS221_T_Get_WhoAmI</a> from hts221_driver_hl.o(i.HTS221_T_Get_WhoAmI) referenced 2 times from hts221_driver_hl.o(.data)
 <LI><a href="#[d]">HTS221_T_Init</a> from hts221_driver_hl.o(i.HTS221_T_Init) referenced 2 times from hts221_driver_hl.o(.data)
 <LI><a href="#[17]">HTS221_T_Read_Reg</a> from hts221_driver_hl.o(i.HTS221_T_Read_Reg) referenced 2 times from hts221_driver_hl.o(.data)
 <LI><a href="#[10]">HTS221_T_Sensor_Disable</a> from hts221_driver_hl.o(i.HTS221_T_Sensor_Disable) referenced 2 times from hts221_driver_hl.o(.data)
 <LI><a href="#[f]">HTS221_T_Sensor_Enable</a> from hts221_driver_hl.o(i.HTS221_T_Sensor_Enable) referenced 2 times from hts221_driver_hl.o(.data)
 <LI><a href="#[15]">HTS221_T_Set_ODR</a> from hts221_driver_hl.o(i.HTS221_T_Set_ODR) referenced 2 times from hts221_driver_hl.o(.data)
 <LI><a href="#[16]">HTS221_T_Set_ODR_Value</a> from hts221_driver_hl.o(i.HTS221_T_Set_ODR_Value) referenced 2 times from hts221_driver_hl.o(.data)
 <LI><a href="#[18]">HTS221_T_Write_Reg</a> from hts221_driver_hl.o(i.HTS221_T_Write_Reg) referenced 2 times from hts221_driver_hl.o(.data)
 <LI><a href="#[45]">HardFault_Handler</a> from stm32l0xx_it.o(i.HardFault_Handler) referenced from startup_stm32l053xx.o(RESET)
 <LI><a href="#[5b]">I2C1_IRQHandler</a> from startup_stm32l053xx.o(.text) referenced from startup_stm32l053xx.o(RESET)
 <LI><a href="#[5c]">I2C2_IRQHandler</a> from startup_stm32l053xx.o(.text) referenced from startup_stm32l053xx.o(RESET)
 <LI><a href="#[62]">LCD_IRQHandler</a> from startup_stm32l053xx.o(.text) referenced from startup_stm32l053xx.o(RESET)
 <LI><a href="#[3b]">LPS22HB_FIFO_Get_Data</a> from lps22hb_driver_hl.o(i.LPS22HB_FIFO_Get_Data) referenced 4 times from lps22hb_driver_hl.o(.data)
 <LI><a href="#[34]">LPS22HB_FIFO_Get_Empty_Status</a> from lps22hb_driver_hl.o(i.LPS22HB_FIFO_Get_Empty_Status) referenced 4 times from lps22hb_driver_hl.o(.data)
 <LI><a href="#[37]">LPS22HB_FIFO_Get_Fth_Status</a> from lps22hb_driver_hl.o(i.LPS22HB_FIFO_Get_Fth_Status) referenced 4 times from lps22hb_driver_hl.o(.data)
 <LI><a href="#[35]">LPS22HB_FIFO_Get_Full_Status</a> from lps22hb_driver_hl.o(i.LPS22HB_FIFO_Get_Full_Status) referenced 4 times from lps22hb_driver_hl.o(.data)
 <LI><a href="#[3c]">LPS22HB_FIFO_Get_Mode</a> from lps22hb_driver_hl.o(i.LPS22HB_FIFO_Get_Mode) referenced 4 times from lps22hb_driver_hl.o(.data)
 <LI><a href="#[3a]">LPS22HB_FIFO_Get_Num_Of_Samples</a> from lps22hb_driver_hl.o(i.LPS22HB_FIFO_Get_Num_Of_Samples) referenced 4 times from lps22hb_driver_hl.o(.data)
 <LI><a href="#[36]">LPS22HB_FIFO_Get_Ovr_Status</a> from lps22hb_driver_hl.o(i.LPS22HB_FIFO_Get_Ovr_Status) referenced 4 times from lps22hb_driver_hl.o(.data)
 <LI><a href="#[3e]">LPS22HB_FIFO_Get_Watermark_Level</a> from lps22hb_driver_hl.o(i.LPS22HB_FIFO_Get_Watermark_Level) referenced 4 times from lps22hb_driver_hl.o(.data)
 <LI><a href="#[42]">LPS22HB_FIFO_Reset_Interrupt</a> from lps22hb_driver_hl.o(i.LPS22HB_FIFO_Reset_Interrupt) referenced 4 times from lps22hb_driver_hl.o(.data)
 <LI><a href="#[41]">LPS22HB_FIFO_Set_Interrupt</a> from lps22hb_driver_hl.o(i.LPS22HB_FIFO_Set_Interrupt) referenced 4 times from lps22hb_driver_hl.o(.data)
 <LI><a href="#[3d]">LPS22HB_FIFO_Set_Mode</a> from lps22hb_driver_hl.o(i.LPS22HB_FIFO_Set_Mode) referenced 4 times from lps22hb_driver_hl.o(.data)
 <LI><a href="#[3f]">LPS22HB_FIFO_Set_Watermark_Level</a> from lps22hb_driver_hl.o(i.LPS22HB_FIFO_Set_Watermark_Level) referenced 4 times from lps22hb_driver_hl.o(.data)
 <LI><a href="#[38]">LPS22HB_FIFO_Stop_On_Fth</a> from lps22hb_driver_hl.o(i.LPS22HB_FIFO_Stop_On_Fth) referenced 4 times from lps22hb_driver_hl.o(.data)
 <LI><a href="#[39]">LPS22HB_FIFO_Usage</a> from lps22hb_driver_hl.o(i.LPS22HB_FIFO_Usage) referenced 4 times from lps22hb_driver_hl.o(.data)
 <LI><a href="#[40]">LPS22HB_FIFO_Watermark_Usage</a> from lps22hb_driver_hl.o(i.LPS22HB_FIFO_Watermark_Usage) referenced 4 times from lps22hb_driver_hl.o(.data)
 <LI><a href="#[1f]">LPS22HB_P_Check_WhoAmI</a> from lps22hb_driver_hl.o(i.LPS22HB_P_Check_WhoAmI) referenced 2 times from lps22hb_driver_hl.o(.data)
 <LI><a href="#[1b]">LPS22HB_P_DeInit</a> from lps22hb_driver_hl.o(i.LPS22HB_P_DeInit) referenced 2 times from lps22hb_driver_hl.o(.data)
 <LI><a href="#[26]">LPS22HB_P_Get_DRDY_Status</a> from lps22hb_driver_hl.o(i.LPS22HB_P_Get_DRDY_Status) referenced 2 times from lps22hb_driver_hl.o(.data)
 <LI><a href="#[21]">LPS22HB_P_Get_ODR</a> from lps22hb_driver_hl.o(i.LPS22HB_P_Get_ODR) referenced 2 times from lps22hb_driver_hl.o(.data)
 <LI><a href="#[20]">LPS22HB_P_Get_Press</a> from lps22hb_driver_hl.o(i.LPS22HB_P_Get_Press) referenced 2 times from lps22hb_driver_hl.o(.data)
 <LI><a href="#[1e]">LPS22HB_P_Get_WhoAmI</a> from lps22hb_driver_hl.o(i.LPS22HB_P_Get_WhoAmI) referenced 2 times from lps22hb_driver_hl.o(.data)
 <LI><a href="#[1a]">LPS22HB_P_Init</a> from lps22hb_driver_hl.o(i.LPS22HB_P_Init) referenced 2 times from lps22hb_driver_hl.o(.data)
 <LI><a href="#[24]">LPS22HB_P_Read_Reg</a> from lps22hb_driver_hl.o(i.LPS22HB_P_Read_Reg) referenced 2 times from lps22hb_driver_hl.o(.data)
 <LI><a href="#[1d]">LPS22HB_P_Sensor_Disable</a> from lps22hb_driver_hl.o(i.LPS22HB_P_Sensor_Disable) referenced 2 times from lps22hb_driver_hl.o(.data)
 <LI><a href="#[1c]">LPS22HB_P_Sensor_Enable</a> from lps22hb_driver_hl.o(i.LPS22HB_P_Sensor_Enable) referenced 2 times from lps22hb_driver_hl.o(.data)
 <LI><a href="#[22]">LPS22HB_P_Set_ODR</a> from lps22hb_driver_hl.o(i.LPS22HB_P_Set_ODR) referenced 2 times from lps22hb_driver_hl.o(.data)
 <LI><a href="#[23]">LPS22HB_P_Set_ODR_Value</a> from lps22hb_driver_hl.o(i.LPS22HB_P_Set_ODR_Value) referenced 2 times from lps22hb_driver_hl.o(.data)
 <LI><a href="#[25]">LPS22HB_P_Write_Reg</a> from lps22hb_driver_hl.o(i.LPS22HB_P_Write_Reg) referenced 2 times from lps22hb_driver_hl.o(.data)
 <LI><a href="#[2c]">LPS22HB_T_Check_WhoAmI</a> from lps22hb_driver_hl.o(i.LPS22HB_T_Check_WhoAmI) referenced 2 times from lps22hb_driver_hl.o(.data)
 <LI><a href="#[28]">LPS22HB_T_DeInit</a> from lps22hb_driver_hl.o(i.LPS22HB_T_DeInit) referenced 2 times from lps22hb_driver_hl.o(.data)
 <LI><a href="#[33]">LPS22HB_T_Get_DRDY_Status</a> from lps22hb_driver_hl.o(i.LPS22HB_T_Get_DRDY_Status) referenced 2 times from lps22hb_driver_hl.o(.data)
 <LI><a href="#[2e]">LPS22HB_T_Get_ODR</a> from lps22hb_driver_hl.o(i.LPS22HB_T_Get_ODR) referenced 2 times from lps22hb_driver_hl.o(.data)
 <LI><a href="#[2d]">LPS22HB_T_Get_Temp</a> from lps22hb_driver_hl.o(i.LPS22HB_T_Get_Temp) referenced 2 times from lps22hb_driver_hl.o(.data)
 <LI><a href="#[2b]">LPS22HB_T_Get_WhoAmI</a> from lps22hb_driver_hl.o(i.LPS22HB_T_Get_WhoAmI) referenced 2 times from lps22hb_driver_hl.o(.data)
 <LI><a href="#[27]">LPS22HB_T_Init</a> from lps22hb_driver_hl.o(i.LPS22HB_T_Init) referenced 2 times from lps22hb_driver_hl.o(.data)
 <LI><a href="#[31]">LPS22HB_T_Read_Reg</a> from lps22hb_driver_hl.o(i.LPS22HB_T_Read_Reg) referenced 2 times from lps22hb_driver_hl.o(.data)
 <LI><a href="#[2a]">LPS22HB_T_Sensor_Disable</a> from lps22hb_driver_hl.o(i.LPS22HB_T_Sensor_Disable) referenced 2 times from lps22hb_driver_hl.o(.data)
 <LI><a href="#[29]">LPS22HB_T_Sensor_Enable</a> from lps22hb_driver_hl.o(i.LPS22HB_T_Sensor_Enable) referenced 2 times from lps22hb_driver_hl.o(.data)
 <LI><a href="#[2f]">LPS22HB_T_Set_ODR</a> from lps22hb_driver_hl.o(i.LPS22HB_T_Set_ODR) referenced 2 times from lps22hb_driver_hl.o(.data)
 <LI><a href="#[30]">LPS22HB_T_Set_ODR_Value</a> from lps22hb_driver_hl.o(i.LPS22HB_T_Set_ODR_Value) referenced 2 times from lps22hb_driver_hl.o(.data)
 <LI><a href="#[32]">LPS22HB_T_Write_Reg</a> from lps22hb_driver_hl.o(i.LPS22HB_T_Write_Reg) referenced 2 times from lps22hb_driver_hl.o(.data)
 <LI><a href="#[56]">LPTIM1_IRQHandler</a> from startup_stm32l053xx.o(.text) referenced from startup_stm32l053xx.o(RESET)
 <LI><a href="#[44]">NMI_Handler</a> from stm32l0xx_it.o(i.NMI_Handler) referenced from startup_stm32l053xx.o(RESET)
 <LI><a href="#[4a]">PVD_IRQHandler</a> from startup_stm32l053xx.o(.text) referenced from startup_stm32l053xx.o(RESET)
 <LI><a href="#[47]">PendSV_Handler</a> from stm32l0xx_it.o(i.PendSV_Handler) referenced from startup_stm32l053xx.o(RESET)
 <LI><a href="#[4d]">RCC_CRS_IRQHandler</a> from startup_stm32l053xx.o(.text) referenced from startup_stm32l053xx.o(RESET)
 <LI><a href="#[61]">RNG_LPUART1_IRQHandler</a> from startup_stm32l053xx.o(.text) referenced from startup_stm32l053xx.o(RESET)
 <LI><a href="#[4b]">RTC_IRQHandler</a> from st_lowlevel_nucleo.o(i.RTC_IRQHandler) referenced from startup_stm32l053xx.o(RESET)
 <LI><a href="#[43]">Reset_Handler</a> from startup_stm32l053xx.o(.text) referenced from startup_stm32l053xx.o(RESET)
 <LI><a href="#[5d]">SPI1_IRQHandler</a> from startup_stm32l053xx.o(.text) referenced from startup_stm32l053xx.o(RESET)
 <LI><a href="#[5e]">SPI2_IRQHandler</a> from startup_stm32l053xx.o(.text) referenced from startup_stm32l053xx.o(RESET)
 <LI><a href="#[69]">SPI_DMAError</a> from stm32l0xx_hal_spi.o(i.SPI_DMAError) referenced from stm32l0xx_hal_spi.o(i.HAL_SPI_TransmitReceive_DMA)
 <LI><a href="#[6a]">SPI_DMAHalfReceiveCplt</a> from stm32l0xx_hal_spi.o(i.SPI_DMAHalfReceiveCplt) referenced from stm32l0xx_hal_spi.o(i.HAL_SPI_TransmitReceive_DMA)
 <LI><a href="#[67]">SPI_DMAHalfTransmitReceiveCplt</a> from stm32l0xx_hal_spi.o(i.SPI_DMAHalfTransmitReceiveCplt) referenced from stm32l0xx_hal_spi.o(i.HAL_SPI_TransmitReceive_DMA)
 <LI><a href="#[6b]">SPI_DMAReceiveCplt</a> from stm32l0xx_hal_spi.o(i.SPI_DMAReceiveCplt) referenced from stm32l0xx_hal_spi.o(i.HAL_SPI_TransmitReceive_DMA)
 <LI><a href="#[68]">SPI_DMATransmitReceiveCplt</a> from stm32l0xx_hal_spi.o(i.SPI_DMATransmitReceiveCplt) referenced from stm32l0xx_hal_spi.o(i.HAL_SPI_TransmitReceive_DMA)
 <LI><a href="#[46]">SVC_Handler</a> from stm32l0xx_it.o(i.SVC_Handler) referenced from startup_stm32l053xx.o(RESET)
 <LI><a href="#[48]">SysTick_Handler</a> from sdk_eval_timers.o(i.SysTick_Handler) referenced from startup_stm32l053xx.o(RESET)
 <LI><a href="#[65]">SystemInit</a> from system_stm32l0xx.o(i.SystemInit) referenced from startup_stm32l053xx.o(.text)
 <LI><a href="#[59]">TIM21_IRQHandler</a> from startup_stm32l053xx.o(.text) referenced from startup_stm32l053xx.o(RESET)
 <LI><a href="#[5a]">TIM22_IRQHandler</a> from startup_stm32l053xx.o(.text) referenced from startup_stm32l053xx.o(RESET)
 <LI><a href="#[57]">TIM2_IRQHandler</a> from st_lowlevel_nucleo.o(i.TIM2_IRQHandler) referenced from startup_stm32l053xx.o(RESET)
 <LI><a href="#[58]">TIM6_DAC_IRQHandler</a> from startup_stm32l053xx.o(.text) referenced from startup_stm32l053xx.o(RESET)
 <LI><a href="#[51]">TSC_IRQHandler</a> from startup_stm32l053xx.o(.text) referenced from startup_stm32l053xx.o(RESET)
 <LI><a href="#[5f]">USART1_IRQHandler</a> from startup_stm32l053xx.o(.text) referenced from startup_stm32l053xx.o(RESET)
 <LI><a href="#[60]">USART2_IRQHandler</a> from startup_stm32l053xx.o(.text) referenced from startup_stm32l053xx.o(RESET)
 <LI><a href="#[63]">USB_IRQHandler</a> from startup_stm32l053xx.o(.text) referenced from startup_stm32l053xx.o(RESET)
 <LI><a href="#[49]">WWDG_IRQHandler</a> from startup_stm32l053xx.o(.text) referenced from startup_stm32l053xx.o(RESET)
 <LI><a href="#[66]">__main</a> from entry.o(.ARM.Collect$$$$00000000) referenced from startup_stm32l053xx.o(.text)
 <LI><a href="#[6d]">_sputc</a> from printfa.o(i._sputc) referenced from printfa.o(i.__0vsprintf)
 <LI><a href="#[6c]">fputc</a> from fputc.o(i.fputc) referenced from printfa.o(i.__0printf)
 <LI><a href="#[64]">main</a> from main.o(i.main) referenced from entry9a.o(.ARM.Collect$$$$0000000B)
</UL>
<P>
<H3>
Global Symbols
</H3>
<P><STRONG><a name="[66]"></a>__main</STRONG> (Thumb, 0 bytes, Stack size unknown bytes, entry.o(.ARM.Collect$$$$00000000))
<BR>[Address Reference Count : 1]<UL><LI> startup_stm32l053xx.o(.text)
</UL>
<P><STRONG><a name="[27f]"></a>_main_stk</STRONG> (Thumb, 0 bytes, Stack size unknown bytes, entry2.o(.ARM.Collect$$$$00000001))

<P><STRONG><a name="[6e]"></a>_main_scatterload</STRONG> (Thumb, 0 bytes, Stack size unknown bytes, entry5.o(.ARM.Collect$$$$00000004))
<BR><BR>[Calls]<UL><LI><a href="#[6f]">&gt;&gt;</a>&nbsp;&nbsp;&nbsp;__scatterload
</UL>

<P><STRONG><a name="[193]"></a>__main_after_scatterload</STRONG> (Thumb, 0 bytes, Stack size unknown bytes, entry5.o(.ARM.Collect$$$$00000004))
<BR><BR>[Called By]<UL><LI><a href="#[6f]">&gt;&gt;</a>&nbsp;&nbsp;&nbsp;__scatterload
</UL>

<P><STRONG><a name="[280]"></a>_main_clock</STRONG> (Thumb, 0 bytes, Stack size unknown bytes, entry7b.o(.ARM.Collect$$$$00000008))

<P><STRONG><a name="[281]"></a>_main_cpp_init</STRONG> (Thumb, 0 bytes, Stack size unknown bytes, entry8b.o(.ARM.Collect$$$$0000000A))

<P><STRONG><a name="[282]"></a>_main_init</STRONG> (Thumb, 0 bytes, Stack size unknown bytes, entry9a.o(.ARM.Collect$$$$0000000B))

<P><STRONG><a name="[283]"></a>__rt_final_cpp</STRONG> (Thumb, 0 bytes, Stack size unknown bytes, entry10a.o(.ARM.Collect$$$$0000000D))

<P><STRONG><a name="[284]"></a>__rt_final_exit</STRONG> (Thumb, 0 bytes, Stack size unknown bytes, entry11a.o(.ARM.Collect$$$$0000000F))

<P><STRONG><a name="[43]"></a>Reset_Handler</STRONG> (Thumb, 8 bytes, Stack size 0 bytes, startup_stm32l053xx.o(.text))
<BR>[Address Reference Count : 1]<UL><LI> startup_stm32l053xx.o(RESET)
</UL>
<P><STRONG><a name="[55]"></a>ADC1_COMP_IRQHandler</STRONG> (Thumb, 0 bytes, Stack size 0 bytes, startup_stm32l053xx.o(.text))
<BR><BR>[Calls]<UL><LI><a href="#[55]">&gt;&gt;</a>&nbsp;&nbsp;&nbsp;ADC1_COMP_IRQHandler
</UL>
<BR>[Called By]<UL><LI><a href="#[55]">&gt;&gt;</a>&nbsp;&nbsp;&nbsp;ADC1_COMP_IRQHandler
</UL>
<BR>[Address Reference Count : 1]<UL><LI> startup_stm32l053xx.o(RESET)
</UL>
<P><STRONG><a name="[52]"></a>DMA1_Channel1_IRQHandler</STRONG> (Thumb, 0 bytes, Stack size 0 bytes, startup_stm32l053xx.o(.text))
<BR>[Address Reference Count : 1]<UL><LI> startup_stm32l053xx.o(RESET)
</UL>
<P><STRONG><a name="[53]"></a>DMA1_Channel2_3_IRQHandler</STRONG> (Thumb, 0 bytes, Stack size 0 bytes, startup_stm32l053xx.o(.text))
<BR>[Address Reference Count : 1]<UL><LI> startup_stm32l053xx.o(RESET)
</UL>
<P><STRONG><a name="[54]"></a>DMA1_Channel4_5_6_7_IRQHandler</STRONG> (Thumb, 0 bytes, Stack size 0 bytes, startup_stm32l053xx.o(.text))
<BR>[Address Reference Count : 1]<UL><LI> startup_stm32l053xx.o(RESET)
</UL>
<P><STRONG><a name="[4c]"></a>FLASH_IRQHandler</STRONG> (Thumb, 0 bytes, Stack size 0 bytes, startup_stm32l053xx.o(.text))
<BR>[Address Reference Count : 1]<UL><LI> startup_stm32l053xx.o(RESET)
</UL>
<P><STRONG><a name="[5b]"></a>I2C1_IRQHandler</STRONG> (Thumb, 0 bytes, Stack size 0 bytes, startup_stm32l053xx.o(.text))
<BR>[Address Reference Count : 1]<UL><LI> startup_stm32l053xx.o(RESET)
</UL>
<P><STRONG><a name="[5c]"></a>I2C2_IRQHandler</STRONG> (Thumb, 0 bytes, Stack size 0 bytes, startup_stm32l053xx.o(.text))
<BR>[Address Reference Count : 1]<UL><LI> startup_stm32l053xx.o(RESET)
</UL>
<P><STRONG><a name="[62]"></a>LCD_IRQHandler</STRONG> (Thumb, 0 bytes, Stack size 0 bytes, startup_stm32l053xx.o(.text))
<BR>[Address Reference Count : 1]<UL><LI> startup_stm32l053xx.o(RESET)
</UL>
<P><STRONG><a name="[56]"></a>LPTIM1_IRQHandler</STRONG> (Thumb, 0 bytes, Stack size 0 bytes, startup_stm32l053xx.o(.text))
<BR>[Address Reference Count : 1]<UL><LI> startup_stm32l053xx.o(RESET)
</UL>
<P><STRONG><a name="[4a]"></a>PVD_IRQHandler</STRONG> (Thumb, 0 bytes, Stack size 0 bytes, startup_stm32l053xx.o(.text))
<BR>[Address Reference Count : 1]<UL><LI> startup_stm32l053xx.o(RESET)
</UL>
<P><STRONG><a name="[4d]"></a>RCC_CRS_IRQHandler</STRONG> (Thumb, 0 bytes, Stack size 0 bytes, startup_stm32l053xx.o(.text))
<BR>[Address Reference Count : 1]<UL><LI> startup_stm32l053xx.o(RESET)
</UL>
<P><STRONG><a name="[61]"></a>RNG_LPUART1_IRQHandler</STRONG> (Thumb, 0 bytes, Stack size 0 bytes, startup_stm32l053xx.o(.text))
<BR>[Address Reference Count : 1]<UL><LI> startup_stm32l053xx.o(RESET)
</UL>
<P><STRONG><a name="[5d]"></a>SPI1_IRQHandler</STRONG> (Thumb, 0 bytes, Stack size 0 bytes, startup_stm32l053xx.o(.text))
<BR>[Address Reference Count : 1]<UL><LI> startup_stm32l053xx.o(RESET)
</UL>
<P><STRONG><a name="[5e]"></a>SPI2_IRQHandler</STRONG> (Thumb, 0 bytes, Stack size 0 bytes, startup_stm32l053xx.o(.text))
<BR>[Address Reference Count : 1]<UL><LI> startup_stm32l053xx.o(RESET)
</UL>
<P><STRONG><a name="[59]"></a>TIM21_IRQHandler</STRONG> (Thumb, 0 bytes, Stack size 0 bytes, startup_stm32l053xx.o(.text))
<BR>[Address Reference Count : 1]<UL><LI> startup_stm32l053xx.o(RESET)
</UL>
<P><STRONG><a name="[5a]"></a>TIM22_IRQHandler</STRONG> (Thumb, 0 bytes, Stack size 0 bytes, startup_stm32l053xx.o(.text))
<BR>[Address Reference Count : 1]<UL><LI> startup_stm32l053xx.o(RESET)
</UL>
<P><STRONG><a name="[58]"></a>TIM6_DAC_IRQHandler</STRONG> (Thumb, 0 bytes, Stack size 0 bytes, startup_stm32l053xx.o(.text))
<BR>[Address Reference Count : 1]<UL><LI> startup_stm32l053xx.o(RESET)
</UL>
<P><STRONG><a name="[51]"></a>TSC_IRQHandler</STRONG> (Thumb, 0 bytes, Stack size 0 bytes, startup_stm32l053xx.o(.text))
<BR>[Address Reference Count : 1]<UL><LI> startup_stm32l053xx.o(RESET)
</UL>
<P><STRONG><a name="[5f]"></a>USART1_IRQHandler</STRONG> (Thumb, 0 bytes, Stack size 0 bytes, startup_stm32l053xx.o(.text))
<BR>[Address Reference Count : 1]<UL><LI> startup_stm32l053xx.o(RESET)
</UL>
<P><STRONG><a name="[60]"></a>USART2_IRQHandler</STRONG> (Thumb, 0 bytes, Stack size 0 bytes, startup_stm32l053xx.o(.text))
<BR>[Address Reference Count : 1]<UL><LI> startup_stm32l053xx.o(RESET)
</UL>
<P><STRONG><a name="[63]"></a>USB_IRQHandler</STRONG> (Thumb, 0 bytes, Stack size 0 bytes, startup_stm32l053xx.o(.text))
<BR>[Address Reference Count : 1]<UL><LI> startup_stm32l053xx.o(RESET)
</UL>
<P><STRONG><a name="[49]"></a>WWDG_IRQHandler</STRONG> (Thumb, 0 bytes, Stack size 0 bytes, startup_stm32l053xx.o(.text))
<BR>[Address Reference Count : 1]<UL><LI> startup_stm32l053xx.o(RESET)
</UL>
<P><STRONG><a name="[70]"></a>ST_SIGFOX_API_open</STRONG> (Thumb, 80 bytes, Stack size 24 bytes, st_sigfox_api.o(.text))
<BR><BR>[Stack]<UL><LI>Max Depth = 64<LI>Call Chain = ST_SIGFOX_API_open &rArr; SIGFOX_API_open &rArr; MANUF_API_get_nv_mem
</UL>
<BR>[Calls]<UL><LI><a href="#[71]">&gt;&gt;</a>&nbsp;&nbsp;&nbsp;SIGFOX_API_open
</UL>
<BR>[Called By]<UL><LI><a href="#[64]">&gt;&gt;</a>&nbsp;&nbsp;&nbsp;main
</UL>

<P><STRONG><a name="[72]"></a>ST_SIGFOX_API_close</STRONG> (Thumb, 8 bytes, Stack size 8 bytes, st_sigfox_api.o(.text), UNUSED)
<BR><BR>[Calls]<UL><LI><a href="#[73]">&gt;&gt;</a>&nbsp;&nbsp;&nbsp;SIGFOX_API_close
</UL>

<P><STRONG><a name="[74]"></a>ST_SIGFOX_API_send_frame</STRONG> (Thumb, 14 bytes, Stack size 16 bytes, st_sigfox_api.o(.text))
<BR><BR>[Stack]<UL><LI>Max Depth = 608 + Unknown Stack Size
<LI>Call Chain = ST_SIGFOX_API_send_frame &rArr; SIGFOX_API_send_frame &rArr; SIGFOX_INT_send_frame &rArr; MANUF_API_rf_init &rArr; S2LPRadioInit &rArr; S2LPRadioSearchFreqDevME &rArr; S2LPRadioComputeFreqDeviation &rArr; pow &rArr; __kernel_poly &rArr; __aeabi_dmul &rArr; _double_epilogue &rArr; __aeabi_llsr
</UL>
<BR>[Calls]<UL><LI><a href="#[75]">&gt;&gt;</a>&nbsp;&nbsp;&nbsp;SIGFOX_API_send_frame
</UL>
<BR>[Called By]<UL><LI><a href="#[64]">&gt;&gt;</a>&nbsp;&nbsp;&nbsp;main
</UL>

<P><STRONG><a name="[76]"></a>ST_SIGFOX_API_send_bit</STRONG> (Thumb, 8 bytes, Stack size 8 bytes, st_sigfox_api.o(.text), UNUSED)
<BR><BR>[Calls]<UL><LI><a href="#[77]">&gt;&gt;</a>&nbsp;&nbsp;&nbsp;SIGFOX_API_send_bit
</UL>

<P><STRONG><a name="[78]"></a>ST_SIGFOX_API_reset</STRONG> (Thumb, 8 bytes, Stack size 8 bytes, st_sigfox_api.o(.text))
<BR><BR>[Stack]<UL><LI>Max Depth = 8<LI>Call Chain = ST_SIGFOX_API_reset
</UL>
<BR>[Calls]<UL><LI><a href="#[79]">&gt;&gt;</a>&nbsp;&nbsp;&nbsp;SIGFOX_API_reset
</UL>
<BR>[Called By]<UL><LI><a href="#[64]">&gt;&gt;</a>&nbsp;&nbsp;&nbsp;main
</UL>

<P><STRONG><a name="[7a]"></a>ST_SIGFOX_API_set_std_config</STRONG> (Thumb, 30 bytes, Stack size 8 bytes, st_sigfox_api.o(.text))
<BR><BR>[Stack]<UL><LI>Max Depth = 20<LI>Call Chain = ST_SIGFOX_API_set_std_config &rArr; SIGFOX_API_set_std_config
</UL>
<BR>[Calls]<UL><LI><a href="#[7b]">&gt;&gt;</a>&nbsp;&nbsp;&nbsp;SIGFOX_API_set_std_config
</UL>
<BR>[Called By]<UL><LI><a href="#[64]">&gt;&gt;</a>&nbsp;&nbsp;&nbsp;main
</UL>

<P><STRONG><a name="[285]"></a>ST_SIGFOX_API_get_std_config</STRONG> (Thumb, 32 bytes, Stack size 8 bytes, st_sigfox_api.o(.text), UNUSED)

<P><STRONG><a name="[7c]"></a>ST_SIGFOX_API_get_version</STRONG> (Thumb, 8 bytes, Stack size 8 bytes, st_sigfox_api.o(.text), UNUSED)
<BR><BR>[Calls]<UL><LI><a href="#[7d]">&gt;&gt;</a>&nbsp;&nbsp;&nbsp;SIGFOX_API_get_version
</UL>

<P><STRONG><a name="[7e]"></a>ST_SIGFOX_API_get_info</STRONG> (Thumb, 8 bytes, Stack size 8 bytes, st_sigfox_api.o(.text), UNUSED)
<BR><BR>[Calls]<UL><LI><a href="#[7f]">&gt;&gt;</a>&nbsp;&nbsp;&nbsp;SIGFOX_API_get_info
</UL>

<P><STRONG><a name="[80]"></a>S2LPRadioSearchDatarateME</STRONG> (Thumb, 146 bytes, Stack size 32 bytes, S2LP_Radio.o(.text))
<BR><BR>[Stack]<UL><LI>Max Depth = 344<LI>Call Chain = S2LPRadioSearchDatarateME &rArr; S2LPRadioComputeDatarate &rArr; pow &rArr; __kernel_poly &rArr; __aeabi_dmul &rArr; _double_epilogue &rArr; __aeabi_llsr
</UL>
<BR>[Calls]<UL><LI><a href="#[88]">&gt;&gt;</a>&nbsp;&nbsp;&nbsp;__aeabi_i2d
<LI><a href="#[82]">&gt;&gt;</a>&nbsp;&nbsp;&nbsp;__aeabi_fmul
<LI><a href="#[83]">&gt;&gt;</a>&nbsp;&nbsp;&nbsp;__aeabi_f2d
<LI><a href="#[84]">&gt;&gt;</a>&nbsp;&nbsp;&nbsp;__aeabi_dmul
<LI><a href="#[86]">&gt;&gt;</a>&nbsp;&nbsp;&nbsp;__aeabi_ui2d
<LI><a href="#[87]">&gt;&gt;</a>&nbsp;&nbsp;&nbsp;__aeabi_ddiv
<LI><a href="#[8c]">&gt;&gt;</a>&nbsp;&nbsp;&nbsp;__aeabi_d2uiz
<LI><a href="#[81]">&gt;&gt;</a>&nbsp;&nbsp;&nbsp;__aeabi_ui2f
<LI><a href="#[85]">&gt;&gt;</a>&nbsp;&nbsp;&nbsp;S2LPRadioComputeDatarate
<LI><a href="#[8a]">&gt;&gt;</a>&nbsp;&nbsp;&nbsp;__aeabi_dadd
<LI><a href="#[8b]">&gt;&gt;</a>&nbsp;&nbsp;&nbsp;round
<LI><a href="#[89]">&gt;&gt;</a>&nbsp;&nbsp;&nbsp;pow
</UL>
<BR>[Called By]<UL><LI><a href="#[b2]">&gt;&gt;</a>&nbsp;&nbsp;&nbsp;S2LPRadioSetDatarate
<LI><a href="#[9f]">&gt;&gt;</a>&nbsp;&nbsp;&nbsp;S2LPRadioInit
</UL>

<P><STRONG><a name="[8d]"></a>S2LPRadioSearchFreqDevME</STRONG> (Thumb, 244 bytes, Stack size 48 bytes, S2LP_Radio.o(.text))
<BR><BR>[Stack]<UL><LI>Max Depth = 376<LI>Call Chain = S2LPRadioSearchFreqDevME &rArr; S2LPRadioComputeFreqDeviation &rArr; pow &rArr; __kernel_poly &rArr; __aeabi_dmul &rArr; _double_epilogue &rArr; __aeabi_llsr
</UL>
<BR>[Calls]<UL><LI><a href="#[8e]">&gt;&gt;</a>&nbsp;&nbsp;&nbsp;ST_LOWLEVEL_ReadRegisters
<LI><a href="#[88]">&gt;&gt;</a>&nbsp;&nbsp;&nbsp;__aeabi_i2d
<LI><a href="#[82]">&gt;&gt;</a>&nbsp;&nbsp;&nbsp;__aeabi_fmul
<LI><a href="#[83]">&gt;&gt;</a>&nbsp;&nbsp;&nbsp;__aeabi_f2d
<LI><a href="#[84]">&gt;&gt;</a>&nbsp;&nbsp;&nbsp;__aeabi_dmul
<LI><a href="#[92]">&gt;&gt;</a>&nbsp;&nbsp;&nbsp;__aeabi_d2iz
<LI><a href="#[87]">&gt;&gt;</a>&nbsp;&nbsp;&nbsp;__aeabi_ddiv
<LI><a href="#[81]">&gt;&gt;</a>&nbsp;&nbsp;&nbsp;__aeabi_ui2f
<LI><a href="#[90]">&gt;&gt;</a>&nbsp;&nbsp;&nbsp;__aeabi_fdiv
<LI><a href="#[8f]">&gt;&gt;</a>&nbsp;&nbsp;&nbsp;S2LPRadioGetRefDiv
<LI><a href="#[91]">&gt;&gt;</a>&nbsp;&nbsp;&nbsp;S2LPRadioComputeFreqDeviation
<LI><a href="#[8a]">&gt;&gt;</a>&nbsp;&nbsp;&nbsp;__aeabi_dadd
<LI><a href="#[8b]">&gt;&gt;</a>&nbsp;&nbsp;&nbsp;round
<LI><a href="#[89]">&gt;&gt;</a>&nbsp;&nbsp;&nbsp;pow
</UL>
<BR>[Called By]<UL><LI><a href="#[b4]">&gt;&gt;</a>&nbsp;&nbsp;&nbsp;S2LPRadioSetFrequencyDev
<LI><a href="#[9f]">&gt;&gt;</a>&nbsp;&nbsp;&nbsp;S2LPRadioInit
</UL>

<P><STRONG><a name="[93]"></a>S2LPRadioSearchChannelBwME</STRONG> (Thumb, 190 bytes, Stack size 56 bytes, S2LP_Radio.o(.text))
<BR><BR>[Stack]<UL><LI>Max Depth = 160<LI>Call Chain = S2LPRadioSearchChannelBwME &rArr; S2LPRadioGetDigDiv &rArr; ST_LOWLEVEL_ReadRegisters &rArr; SdkEvalSpiReadRegisters &rArr; HAL_SPI_TransmitReceive_DMA &rArr; HAL_DMA_Start_IT &rArr; DMA_SetConfig
</UL>
<BR>[Calls]<UL><LI><a href="#[94]">&gt;&gt;</a>&nbsp;&nbsp;&nbsp;S2LPRadioGetDigDiv
<LI><a href="#[97]">&gt;&gt;</a>&nbsp;&nbsp;&nbsp;__aeabi_idivmod
<LI><a href="#[96]">&gt;&gt;</a>&nbsp;&nbsp;&nbsp;__aeabi_idiv
<LI><a href="#[95]">&gt;&gt;</a>&nbsp;&nbsp;&nbsp;__aeabi_uidiv
</UL>
<BR>[Called By]<UL><LI><a href="#[b6]">&gt;&gt;</a>&nbsp;&nbsp;&nbsp;S2LPRadioSetChannelBW
<LI><a href="#[9f]">&gt;&gt;</a>&nbsp;&nbsp;&nbsp;S2LPRadioInit
</UL>

<P><STRONG><a name="[85]"></a>S2LPRadioComputeDatarate</STRONG> (Thumb, 120 bytes, Stack size 32 bytes, S2LP_Radio.o(.text))
<BR><BR>[Stack]<UL><LI>Max Depth = 312<LI>Call Chain = S2LPRadioComputeDatarate &rArr; pow &rArr; __kernel_poly &rArr; __aeabi_dmul &rArr; _double_epilogue &rArr; __aeabi_llsr
</UL>
<BR>[Calls]<UL><LI><a href="#[88]">&gt;&gt;</a>&nbsp;&nbsp;&nbsp;__aeabi_i2d
<LI><a href="#[84]">&gt;&gt;</a>&nbsp;&nbsp;&nbsp;__aeabi_dmul
<LI><a href="#[86]">&gt;&gt;</a>&nbsp;&nbsp;&nbsp;__aeabi_ui2d
<LI><a href="#[8c]">&gt;&gt;</a>&nbsp;&nbsp;&nbsp;__aeabi_d2uiz
<LI><a href="#[8b]">&gt;&gt;</a>&nbsp;&nbsp;&nbsp;round
<LI><a href="#[89]">&gt;&gt;</a>&nbsp;&nbsp;&nbsp;pow
</UL>
<BR>[Called By]<UL><LI><a href="#[80]">&gt;&gt;</a>&nbsp;&nbsp;&nbsp;S2LPRadioSearchDatarateME
<LI><a href="#[a5]">&gt;&gt;</a>&nbsp;&nbsp;&nbsp;S2LPRadioGetInfo
<LI><a href="#[b3]">&gt;&gt;</a>&nbsp;&nbsp;&nbsp;S2LPRadioGetDatarate
</UL>

<P><STRONG><a name="[91]"></a>S2LPRadioComputeFreqDeviation</STRONG> (Thumb, 200 bytes, Stack size 48 bytes, S2LP_Radio.o(.text))
<BR><BR>[Stack]<UL><LI>Max Depth = 328<LI>Call Chain = S2LPRadioComputeFreqDeviation &rArr; pow &rArr; __kernel_poly &rArr; __aeabi_dmul &rArr; _double_epilogue &rArr; __aeabi_llsr
</UL>
<BR>[Calls]<UL><LI><a href="#[88]">&gt;&gt;</a>&nbsp;&nbsp;&nbsp;__aeabi_i2d
<LI><a href="#[82]">&gt;&gt;</a>&nbsp;&nbsp;&nbsp;__aeabi_fmul
<LI><a href="#[83]">&gt;&gt;</a>&nbsp;&nbsp;&nbsp;__aeabi_f2d
<LI><a href="#[84]">&gt;&gt;</a>&nbsp;&nbsp;&nbsp;__aeabi_dmul
<LI><a href="#[8c]">&gt;&gt;</a>&nbsp;&nbsp;&nbsp;__aeabi_d2uiz
<LI><a href="#[81]">&gt;&gt;</a>&nbsp;&nbsp;&nbsp;__aeabi_ui2f
<LI><a href="#[90]">&gt;&gt;</a>&nbsp;&nbsp;&nbsp;__aeabi_fdiv
<LI><a href="#[8b]">&gt;&gt;</a>&nbsp;&nbsp;&nbsp;round
<LI><a href="#[89]">&gt;&gt;</a>&nbsp;&nbsp;&nbsp;pow
</UL>
<BR>[Called By]<UL><LI><a href="#[8d]">&gt;&gt;</a>&nbsp;&nbsp;&nbsp;S2LPRadioSearchFreqDevME
<LI><a href="#[a5]">&gt;&gt;</a>&nbsp;&nbsp;&nbsp;S2LPRadioGetInfo
<LI><a href="#[b5]">&gt;&gt;</a>&nbsp;&nbsp;&nbsp;S2LPRadioGetFrequencyDev
</UL>

<P><STRONG><a name="[98]"></a>S2LPRadioComputeChannelFilterBw</STRONG> (Thumb, 96 bytes, Stack size 24 bytes, S2LP_Radio.o(.text), UNUSED)
<BR><BR>[Calls]<UL><LI><a href="#[82]">&gt;&gt;</a>&nbsp;&nbsp;&nbsp;__aeabi_fmul
<LI><a href="#[83]">&gt;&gt;</a>&nbsp;&nbsp;&nbsp;__aeabi_f2d
<LI><a href="#[84]">&gt;&gt;</a>&nbsp;&nbsp;&nbsp;__aeabi_dmul
<LI><a href="#[86]">&gt;&gt;</a>&nbsp;&nbsp;&nbsp;__aeabi_ui2d
<LI><a href="#[87]">&gt;&gt;</a>&nbsp;&nbsp;&nbsp;__aeabi_ddiv
<LI><a href="#[8c]">&gt;&gt;</a>&nbsp;&nbsp;&nbsp;__aeabi_d2uiz
<LI><a href="#[81]">&gt;&gt;</a>&nbsp;&nbsp;&nbsp;__aeabi_ui2f
<LI><a href="#[8b]">&gt;&gt;</a>&nbsp;&nbsp;&nbsp;round
</UL>
<BR>[Called By]<UL><LI><a href="#[a5]">&gt;&gt;</a>&nbsp;&nbsp;&nbsp;S2LPRadioGetInfo
<LI><a href="#[b7]">&gt;&gt;</a>&nbsp;&nbsp;&nbsp;S2LPRadioGetChannelBW
</UL>

<P><STRONG><a name="[99]"></a>S2LPRadioComputeFrequencyBase</STRONG> (Thumb, 100 bytes, Stack size 40 bytes, S2LP_Radio.o(.text), UNUSED)
<BR><BR>[Calls]<UL><LI><a href="#[84]">&gt;&gt;</a>&nbsp;&nbsp;&nbsp;__aeabi_dmul
<LI><a href="#[86]">&gt;&gt;</a>&nbsp;&nbsp;&nbsp;__aeabi_ui2d
<LI><a href="#[87]">&gt;&gt;</a>&nbsp;&nbsp;&nbsp;__aeabi_ddiv
<LI><a href="#[8c]">&gt;&gt;</a>&nbsp;&nbsp;&nbsp;__aeabi_d2uiz
<LI><a href="#[8b]">&gt;&gt;</a>&nbsp;&nbsp;&nbsp;round
</UL>
<BR>[Called By]<UL><LI><a href="#[a5]">&gt;&gt;</a>&nbsp;&nbsp;&nbsp;S2LPRadioGetInfo
<LI><a href="#[b1]">&gt;&gt;</a>&nbsp;&nbsp;&nbsp;S2LPRadioGetFrequencyBase
</UL>

<P><STRONG><a name="[9a]"></a>S2LPRadioComputeSynthWord</STRONG> (Thumb, 94 bytes, Stack size 24 bytes, S2LP_Radio.o(.text))
<BR><BR>[Stack]<UL><LI>Max Depth = 168<LI>Call Chain = S2LPRadioComputeSynthWord &rArr; round &rArr; __aeabi_dsub &rArr; __aeabi_dadd &rArr; _double_epilogue &rArr; __aeabi_llsr
</UL>
<BR>[Calls]<UL><LI><a href="#[84]">&gt;&gt;</a>&nbsp;&nbsp;&nbsp;__aeabi_dmul
<LI><a href="#[86]">&gt;&gt;</a>&nbsp;&nbsp;&nbsp;__aeabi_ui2d
<LI><a href="#[87]">&gt;&gt;</a>&nbsp;&nbsp;&nbsp;__aeabi_ddiv
<LI><a href="#[8c]">&gt;&gt;</a>&nbsp;&nbsp;&nbsp;__aeabi_d2uiz
<LI><a href="#[8b]">&gt;&gt;</a>&nbsp;&nbsp;&nbsp;round
</UL>
<BR>[Called By]<UL><LI><a href="#[a4]">&gt;&gt;</a>&nbsp;&nbsp;&nbsp;S2LPRadioSetFrequencyBase
</UL>

<P><STRONG><a name="[9b]"></a>S2LPRadioComputeChannelSpacingRegValue</STRONG> (Thumb, 48 bytes, Stack size 8 bytes, S2LP_Radio.o(.text), UNUSED)
<BR><BR>[Calls]<UL><LI><a href="#[83]">&gt;&gt;</a>&nbsp;&nbsp;&nbsp;__aeabi_f2d
<LI><a href="#[84]">&gt;&gt;</a>&nbsp;&nbsp;&nbsp;__aeabi_dmul
<LI><a href="#[92]">&gt;&gt;</a>&nbsp;&nbsp;&nbsp;__aeabi_d2iz
<LI><a href="#[81]">&gt;&gt;</a>&nbsp;&nbsp;&nbsp;__aeabi_ui2f
<LI><a href="#[90]">&gt;&gt;</a>&nbsp;&nbsp;&nbsp;__aeabi_fdiv
<LI><a href="#[8b]">&gt;&gt;</a>&nbsp;&nbsp;&nbsp;round
</UL>
<BR>[Called By]<UL><LI><a href="#[ae]">&gt;&gt;</a>&nbsp;&nbsp;&nbsp;S2LPRadioSetChannelSpace
</UL>

<P><STRONG><a name="[9c]"></a>S2LPRadioComputeChannelSpacing</STRONG> (Thumb, 54 bytes, Stack size 16 bytes, S2LP_Radio.o(.text), UNUSED)
<BR><BR>[Calls]<UL><LI><a href="#[83]">&gt;&gt;</a>&nbsp;&nbsp;&nbsp;__aeabi_f2d
<LI><a href="#[84]">&gt;&gt;</a>&nbsp;&nbsp;&nbsp;__aeabi_dmul
<LI><a href="#[86]">&gt;&gt;</a>&nbsp;&nbsp;&nbsp;__aeabi_ui2d
<LI><a href="#[8c]">&gt;&gt;</a>&nbsp;&nbsp;&nbsp;__aeabi_d2uiz
<LI><a href="#[81]">&gt;&gt;</a>&nbsp;&nbsp;&nbsp;__aeabi_ui2f
<LI><a href="#[8b]">&gt;&gt;</a>&nbsp;&nbsp;&nbsp;round
</UL>
<BR>[Called By]<UL><LI><a href="#[b0]">&gt;&gt;</a>&nbsp;&nbsp;&nbsp;S2LPRadioGetChannelSpace
</UL>

<P><STRONG><a name="[9d]"></a>S2LPRadioComputeIF</STRONG> (Thumb, 140 bytes, Stack size 40 bytes, S2LP_Radio.o(.text))
<BR><BR>[Stack]<UL><LI>Max Depth = 144<LI>Call Chain = S2LPRadioComputeIF &rArr; __aeabi_dadd &rArr; _double_epilogue &rArr; __aeabi_llsr
</UL>
<BR>[Calls]<UL><LI><a href="#[83]">&gt;&gt;</a>&nbsp;&nbsp;&nbsp;__aeabi_f2d
<LI><a href="#[92]">&gt;&gt;</a>&nbsp;&nbsp;&nbsp;__aeabi_d2iz
<LI><a href="#[86]">&gt;&gt;</a>&nbsp;&nbsp;&nbsp;__aeabi_ui2d
<LI><a href="#[87]">&gt;&gt;</a>&nbsp;&nbsp;&nbsp;__aeabi_ddiv
<LI><a href="#[81]">&gt;&gt;</a>&nbsp;&nbsp;&nbsp;__aeabi_ui2f
<LI><a href="#[8a]">&gt;&gt;</a>&nbsp;&nbsp;&nbsp;__aeabi_dadd
</UL>
<BR>[Called By]<UL><LI><a href="#[9f]">&gt;&gt;</a>&nbsp;&nbsp;&nbsp;S2LPRadioInit
</UL>

<P><STRONG><a name="[9e]"></a>S2LPRadioSearchWCP</STRONG> (Thumb, 72 bytes, Stack size 24 bytes, S2LP_Radio.o(.text))
<BR><BR>[Stack]<UL><LI>Max Depth = 36<LI>Call Chain = S2LPRadioSearchWCP &rArr; __aeabi_uidiv
</UL>
<BR>[Calls]<UL><LI><a href="#[95]">&gt;&gt;</a>&nbsp;&nbsp;&nbsp;__aeabi_uidiv
</UL>
<BR>[Called By]<UL><LI><a href="#[a4]">&gt;&gt;</a>&nbsp;&nbsp;&nbsp;S2LPRadioSetFrequencyBase
</UL>

<P><STRONG><a name="[9f]"></a>S2LPRadioInit</STRONG> (Thumb, 410 bytes, Stack size 40 bytes, S2LP_Radio.o(.text))
<BR><BR>[Stack]<UL><LI>Max Depth = 416 + Unknown Stack Size
<LI>Call Chain = S2LPRadioInit &rArr; S2LPRadioSearchFreqDevME &rArr; S2LPRadioComputeFreqDeviation &rArr; pow &rArr; __kernel_poly &rArr; __aeabi_dmul &rArr; _double_epilogue &rArr; __aeabi_llsr
</UL>
<BR>[Calls]<UL><LI><a href="#[a3]">&gt;&gt;</a>&nbsp;&nbsp;&nbsp;ST_LOWLEVEL_WriteRegisters
<LI><a href="#[8e]">&gt;&gt;</a>&nbsp;&nbsp;&nbsp;ST_LOWLEVEL_ReadRegisters
<LI><a href="#[a0]">&gt;&gt;</a>&nbsp;&nbsp;&nbsp;ST_LOWLEVEL_CmdStrobe
<LI><a href="#[a4]">&gt;&gt;</a>&nbsp;&nbsp;&nbsp;S2LPRadioSetFrequencyBase
<LI><a href="#[a2]">&gt;&gt;</a>&nbsp;&nbsp;&nbsp;S2LPRadioSetDigDiv
<LI><a href="#[8d]">&gt;&gt;</a>&nbsp;&nbsp;&nbsp;S2LPRadioSearchFreqDevME
<LI><a href="#[80]">&gt;&gt;</a>&nbsp;&nbsp;&nbsp;S2LPRadioSearchDatarateME
<LI><a href="#[93]">&gt;&gt;</a>&nbsp;&nbsp;&nbsp;S2LPRadioSearchChannelBwME
<LI><a href="#[94]">&gt;&gt;</a>&nbsp;&nbsp;&nbsp;S2LPRadioGetDigDiv
<LI><a href="#[9d]">&gt;&gt;</a>&nbsp;&nbsp;&nbsp;S2LPRadioComputeIF
<LI><a href="#[a1]">&gt;&gt;</a>&nbsp;&nbsp;&nbsp;S2LPRefreshStatus
</UL>
<BR>[Called By]<UL><LI><a href="#[fe]">&gt;&gt;</a>&nbsp;&nbsp;&nbsp;VENDOR_continous_wave
<LI><a href="#[d5]">&gt;&gt;</a>&nbsp;&nbsp;&nbsp;MANUF_API_rf_init
</UL>

<P><STRONG><a name="[a5]"></a>S2LPRadioGetInfo</STRONG> (Thumb, 184 bytes, Stack size 40 bytes, S2LP_Radio.o(.text), UNUSED)
<BR><BR>[Calls]<UL><LI><a href="#[8e]">&gt;&gt;</a>&nbsp;&nbsp;&nbsp;ST_LOWLEVEL_ReadRegisters
<LI><a href="#[8f]">&gt;&gt;</a>&nbsp;&nbsp;&nbsp;S2LPRadioGetRefDiv
<LI><a href="#[99]">&gt;&gt;</a>&nbsp;&nbsp;&nbsp;S2LPRadioComputeFrequencyBase
<LI><a href="#[91]">&gt;&gt;</a>&nbsp;&nbsp;&nbsp;S2LPRadioComputeFreqDeviation
<LI><a href="#[85]">&gt;&gt;</a>&nbsp;&nbsp;&nbsp;S2LPRadioComputeDatarate
<LI><a href="#[98]">&gt;&gt;</a>&nbsp;&nbsp;&nbsp;S2LPRadioComputeChannelFilterBw
</UL>

<P><STRONG><a name="[a6]"></a>S2LPRadioSetSynthWord</STRONG> (Thumb, 66 bytes, Stack size 16 bytes, S2LP_Radio.o(.text), UNUSED)
<BR><BR>[Calls]<UL><LI><a href="#[a3]">&gt;&gt;</a>&nbsp;&nbsp;&nbsp;ST_LOWLEVEL_WriteRegisters
<LI><a href="#[8e]">&gt;&gt;</a>&nbsp;&nbsp;&nbsp;ST_LOWLEVEL_ReadRegisters
<LI><a href="#[a7]">&gt;&gt;</a>&nbsp;&nbsp;&nbsp;[Anonymous Symbol]
</UL>

<P><STRONG><a name="[a8]"></a>S2LPRadioGetSynthWord</STRONG> (Thumb, 54 bytes, Stack size 16 bytes, S2LP_Radio.o(.text), UNUSED)
<BR><BR>[Calls]<UL><LI><a href="#[8e]">&gt;&gt;</a>&nbsp;&nbsp;&nbsp;ST_LOWLEVEL_ReadRegisters
</UL>

<P><STRONG><a name="[a9]"></a>S2LPRadioSetChannel</STRONG> (Thumb, 12 bytes, Stack size 16 bytes, S2LP_Radio.o(.text), UNUSED)
<BR><BR>[Calls]<UL><LI><a href="#[aa]">&gt;&gt;</a>&nbsp;&nbsp;&nbsp;[Anonymous Symbol]
</UL>

<P><STRONG><a name="[ab]"></a>S2LPRadioGetChannel</STRONG> (Thumb, 34 bytes, Stack size 16 bytes, S2LP_Radio.o(.text), UNUSED)
<BR><BR>[Calls]<UL><LI><a href="#[8e]">&gt;&gt;</a>&nbsp;&nbsp;&nbsp;ST_LOWLEVEL_ReadRegisters
</UL>

<P><STRONG><a name="[ac]"></a>S2LPRadioSetRefDiv</STRONG> (Thumb, 44 bytes, Stack size 16 bytes, S2LP_Radio.o(.text), UNUSED)
<BR><BR>[Calls]<UL><LI><a href="#[8e]">&gt;&gt;</a>&nbsp;&nbsp;&nbsp;ST_LOWLEVEL_ReadRegisters
<LI><a href="#[ad]">&gt;&gt;</a>&nbsp;&nbsp;&nbsp;[Anonymous Symbol]
</UL>

<P><STRONG><a name="[8f]"></a>S2LPRadioGetRefDiv</STRONG> (Thumb, 44 bytes, Stack size 16 bytes, S2LP_Radio.o(.text))
<BR><BR>[Stack]<UL><LI>Max Depth = 104<LI>Call Chain = S2LPRadioGetRefDiv &rArr; ST_LOWLEVEL_ReadRegisters &rArr; SdkEvalSpiReadRegisters &rArr; HAL_SPI_TransmitReceive_DMA &rArr; HAL_DMA_Start_IT &rArr; DMA_SetConfig
</UL>
<BR>[Calls]<UL><LI><a href="#[8e]">&gt;&gt;</a>&nbsp;&nbsp;&nbsp;ST_LOWLEVEL_ReadRegisters
</UL>
<BR>[Called By]<UL><LI><a href="#[a4]">&gt;&gt;</a>&nbsp;&nbsp;&nbsp;S2LPRadioSetFrequencyBase
<LI><a href="#[8d]">&gt;&gt;</a>&nbsp;&nbsp;&nbsp;S2LPRadioSearchFreqDevME
<LI><a href="#[a5]">&gt;&gt;</a>&nbsp;&nbsp;&nbsp;S2LPRadioGetInfo
<LI><a href="#[b5]">&gt;&gt;</a>&nbsp;&nbsp;&nbsp;S2LPRadioGetFrequencyDev
<LI><a href="#[b1]">&gt;&gt;</a>&nbsp;&nbsp;&nbsp;S2LPRadioGetFrequencyBase
</UL>

<P><STRONG><a name="[a2]"></a>S2LPRadioSetDigDiv</STRONG> (Thumb, 44 bytes, Stack size 16 bytes, S2LP_Radio.o(.text))
<BR><BR>[Stack]<UL><LI>Max Depth = 104 + Unknown Stack Size
<LI>Call Chain = S2LPRadioSetDigDiv &rArr; ST_LOWLEVEL_ReadRegisters &rArr; SdkEvalSpiReadRegisters &rArr; HAL_SPI_TransmitReceive_DMA &rArr; HAL_DMA_Start_IT &rArr; DMA_SetConfig
</UL>
<BR>[Calls]<UL><LI><a href="#[8e]">&gt;&gt;</a>&nbsp;&nbsp;&nbsp;ST_LOWLEVEL_ReadRegisters
<LI><a href="#[ad]">&gt;&gt;</a>&nbsp;&nbsp;&nbsp;[Anonymous Symbol]
</UL>
<BR>[Called By]<UL><LI><a href="#[9f]">&gt;&gt;</a>&nbsp;&nbsp;&nbsp;S2LPRadioInit
</UL>

<P><STRONG><a name="[94]"></a>S2LPRadioGetDigDiv</STRONG> (Thumb, 44 bytes, Stack size 16 bytes, S2LP_Radio.o(.text))
<BR><BR>[Stack]<UL><LI>Max Depth = 104<LI>Call Chain = S2LPRadioGetDigDiv &rArr; ST_LOWLEVEL_ReadRegisters &rArr; SdkEvalSpiReadRegisters &rArr; HAL_SPI_TransmitReceive_DMA &rArr; HAL_DMA_Start_IT &rArr; DMA_SetConfig
</UL>
<BR>[Calls]<UL><LI><a href="#[8e]">&gt;&gt;</a>&nbsp;&nbsp;&nbsp;ST_LOWLEVEL_ReadRegisters
</UL>
<BR>[Called By]<UL><LI><a href="#[93]">&gt;&gt;</a>&nbsp;&nbsp;&nbsp;S2LPRadioSearchChannelBwME
<LI><a href="#[9f]">&gt;&gt;</a>&nbsp;&nbsp;&nbsp;S2LPRadioInit
</UL>

<P><STRONG><a name="[ae]"></a>S2LPRadioSetChannelSpace</STRONG> (Thumb, 30 bytes, Stack size 16 bytes, S2LP_Radio.o(.text), UNUSED)
<BR><BR>[Calls]<UL><LI><a href="#[a3]">&gt;&gt;</a>&nbsp;&nbsp;&nbsp;ST_LOWLEVEL_WriteRegisters
<LI><a href="#[9b]">&gt;&gt;</a>&nbsp;&nbsp;&nbsp;S2LPRadioComputeChannelSpacingRegValue
<LI><a href="#[af]">&gt;&gt;</a>&nbsp;&nbsp;&nbsp;[Anonymous Symbol]
</UL>

<P><STRONG><a name="[b0]"></a>S2LPRadioGetChannelSpace</STRONG> (Thumb, 38 bytes, Stack size 16 bytes, S2LP_Radio.o(.text), UNUSED)
<BR><BR>[Calls]<UL><LI><a href="#[8e]">&gt;&gt;</a>&nbsp;&nbsp;&nbsp;ST_LOWLEVEL_ReadRegisters
<LI><a href="#[9c]">&gt;&gt;</a>&nbsp;&nbsp;&nbsp;S2LPRadioComputeChannelSpacing
</UL>

<P><STRONG><a name="[a4]"></a>S2LPRadioSetFrequencyBase</STRONG> (Thumb, 150 bytes, Stack size 24 bytes, S2LP_Radio.o(.text))
<BR><BR>[Stack]<UL><LI>Max Depth = 192<LI>Call Chain = S2LPRadioSetFrequencyBase &rArr; S2LPRadioComputeSynthWord &rArr; round &rArr; __aeabi_dsub &rArr; __aeabi_dadd &rArr; _double_epilogue &rArr; __aeabi_llsr
</UL>
<BR>[Calls]<UL><LI><a href="#[a3]">&gt;&gt;</a>&nbsp;&nbsp;&nbsp;ST_LOWLEVEL_WriteRegisters
<LI><a href="#[8e]">&gt;&gt;</a>&nbsp;&nbsp;&nbsp;ST_LOWLEVEL_ReadRegisters
<LI><a href="#[9e]">&gt;&gt;</a>&nbsp;&nbsp;&nbsp;S2LPRadioSearchWCP
<LI><a href="#[8f]">&gt;&gt;</a>&nbsp;&nbsp;&nbsp;S2LPRadioGetRefDiv
<LI><a href="#[9a]">&gt;&gt;</a>&nbsp;&nbsp;&nbsp;S2LPRadioComputeSynthWord
</UL>
<BR>[Called By]<UL><LI><a href="#[e8]">&gt;&gt;</a>&nbsp;&nbsp;&nbsp;MANUF_API_change_frequency
<LI><a href="#[9f]">&gt;&gt;</a>&nbsp;&nbsp;&nbsp;S2LPRadioInit
</UL>

<P><STRONG><a name="[b1]"></a>S2LPRadioGetFrequencyBase</STRONG> (Thumb, 80 bytes, Stack size 24 bytes, S2LP_Radio.o(.text), UNUSED)
<BR><BR>[Calls]<UL><LI><a href="#[8e]">&gt;&gt;</a>&nbsp;&nbsp;&nbsp;ST_LOWLEVEL_ReadRegisters
<LI><a href="#[8f]">&gt;&gt;</a>&nbsp;&nbsp;&nbsp;S2LPRadioGetRefDiv
<LI><a href="#[99]">&gt;&gt;</a>&nbsp;&nbsp;&nbsp;S2LPRadioComputeFrequencyBase
</UL>

<P><STRONG><a name="[b2]"></a>S2LPRadioSetDatarate</STRONG> (Thumb, 72 bytes, Stack size 16 bytes, S2LP_Radio.o(.text), UNUSED)
<BR><BR>[Calls]<UL><LI><a href="#[a3]">&gt;&gt;</a>&nbsp;&nbsp;&nbsp;ST_LOWLEVEL_WriteRegisters
<LI><a href="#[8e]">&gt;&gt;</a>&nbsp;&nbsp;&nbsp;ST_LOWLEVEL_ReadRegisters
<LI><a href="#[80]">&gt;&gt;</a>&nbsp;&nbsp;&nbsp;S2LPRadioSearchDatarateME
<LI><a href="#[af]">&gt;&gt;</a>&nbsp;&nbsp;&nbsp;[Anonymous Symbol]
</UL>

<P><STRONG><a name="[b3]"></a>S2LPRadioGetDatarate</STRONG> (Thumb, 50 bytes, Stack size 16 bytes, S2LP_Radio.o(.text), UNUSED)
<BR><BR>[Calls]<UL><LI><a href="#[8e]">&gt;&gt;</a>&nbsp;&nbsp;&nbsp;ST_LOWLEVEL_ReadRegisters
<LI><a href="#[85]">&gt;&gt;</a>&nbsp;&nbsp;&nbsp;S2LPRadioComputeDatarate
</UL>

<P><STRONG><a name="[b4]"></a>S2LPRadioSetFrequencyDev</STRONG> (Thumb, 70 bytes, Stack size 16 bytes, S2LP_Radio.o(.text), UNUSED)
<BR><BR>[Calls]<UL><LI><a href="#[a3]">&gt;&gt;</a>&nbsp;&nbsp;&nbsp;ST_LOWLEVEL_WriteRegisters
<LI><a href="#[8e]">&gt;&gt;</a>&nbsp;&nbsp;&nbsp;ST_LOWLEVEL_ReadRegisters
<LI><a href="#[8d]">&gt;&gt;</a>&nbsp;&nbsp;&nbsp;S2LPRadioSearchFreqDevME
<LI><a href="#[af]">&gt;&gt;</a>&nbsp;&nbsp;&nbsp;[Anonymous Symbol]
</UL>

<P><STRONG><a name="[b5]"></a>S2LPRadioGetFrequencyDev</STRONG> (Thumb, 80 bytes, Stack size 24 bytes, S2LP_Radio.o(.text), UNUSED)
<BR><BR>[Calls]<UL><LI><a href="#[8e]">&gt;&gt;</a>&nbsp;&nbsp;&nbsp;ST_LOWLEVEL_ReadRegisters
<LI><a href="#[8f]">&gt;&gt;</a>&nbsp;&nbsp;&nbsp;S2LPRadioGetRefDiv
<LI><a href="#[91]">&gt;&gt;</a>&nbsp;&nbsp;&nbsp;S2LPRadioComputeFreqDeviation
</UL>

<P><STRONG><a name="[b6]"></a>S2LPRadioSetChannelBW</STRONG> (Thumb, 50 bytes, Stack size 16 bytes, S2LP_Radio.o(.text), UNUSED)
<BR><BR>[Calls]<UL><LI><a href="#[a3]">&gt;&gt;</a>&nbsp;&nbsp;&nbsp;ST_LOWLEVEL_WriteRegisters
<LI><a href="#[93]">&gt;&gt;</a>&nbsp;&nbsp;&nbsp;S2LPRadioSearchChannelBwME
<LI><a href="#[af]">&gt;&gt;</a>&nbsp;&nbsp;&nbsp;[Anonymous Symbol]
</UL>

<P><STRONG><a name="[b7]"></a>S2LPRadioGetChannelBW</STRONG> (Thumb, 48 bytes, Stack size 16 bytes, S2LP_Radio.o(.text), UNUSED)
<BR><BR>[Calls]<UL><LI><a href="#[8e]">&gt;&gt;</a>&nbsp;&nbsp;&nbsp;ST_LOWLEVEL_ReadRegisters
<LI><a href="#[98]">&gt;&gt;</a>&nbsp;&nbsp;&nbsp;S2LPRadioComputeChannelFilterBw
</UL>

<P><STRONG><a name="[b8]"></a>S2LPRadioSetModulation</STRONG> (Thumb, 36 bytes, Stack size 16 bytes, S2LP_Radio.o(.text), UNUSED)
<BR><BR>[Calls]<UL><LI><a href="#[8e]">&gt;&gt;</a>&nbsp;&nbsp;&nbsp;ST_LOWLEVEL_ReadRegisters
<LI><a href="#[ad]">&gt;&gt;</a>&nbsp;&nbsp;&nbsp;[Anonymous Symbol]
</UL>

<P><STRONG><a name="[b9]"></a>S2LPRadioGetModulation</STRONG> (Thumb, 38 bytes, Stack size 16 bytes, S2LP_Radio.o(.text), UNUSED)
<BR><BR>[Calls]<UL><LI><a href="#[8e]">&gt;&gt;</a>&nbsp;&nbsp;&nbsp;ST_LOWLEVEL_ReadRegisters
</UL>

<P><STRONG><a name="[da]"></a>S2LPRadioSetXtalFrequency</STRONG> (Thumb, 6 bytes, Stack size 0 bytes, S2LP_Radio.o(.text))
<BR><BR>[Called By]<UL><LI><a href="#[236]">&gt;&gt;</a>&nbsp;&nbsp;&nbsp;S2LPManagementIdentificationRFBoard
<LI><a href="#[235]">&gt;&gt;</a>&nbsp;&nbsp;&nbsp;S2LPManagementComputeXtalFrequency
<LI><a href="#[fe]">&gt;&gt;</a>&nbsp;&nbsp;&nbsp;VENDOR_continous_wave
<LI><a href="#[d5]">&gt;&gt;</a>&nbsp;&nbsp;&nbsp;MANUF_API_rf_init
</UL>

<P><STRONG><a name="[d6]"></a>S2LPRadioGetXtalFrequency</STRONG> (Thumb, 6 bytes, Stack size 0 bytes, S2LP_Radio.o(.text))
<BR><BR>[Called By]<UL><LI><a href="#[fe]">&gt;&gt;</a>&nbsp;&nbsp;&nbsp;VENDOR_continous_wave
<LI><a href="#[d5]">&gt;&gt;</a>&nbsp;&nbsp;&nbsp;MANUF_API_rf_init
</UL>

<P><STRONG><a name="[ba]"></a>S2LPRadioSetMaxPALevel</STRONG> (Thumb, 38 bytes, Stack size 16 bytes, S2LP_Radio.o(.text), UNUSED)
<BR><BR>[Calls]<UL><LI><a href="#[8e]">&gt;&gt;</a>&nbsp;&nbsp;&nbsp;ST_LOWLEVEL_ReadRegisters
<LI><a href="#[bb]">&gt;&gt;</a>&nbsp;&nbsp;&nbsp;[Anonymous Symbol]
</UL>

<P><STRONG><a name="[bc]"></a>S2LPRadioSetPALeveldBm</STRONG> (Thumb, 64 bytes, Stack size 16 bytes, S2LP_Radio.o(.text), UNUSED)
<BR><BR>[Calls]<UL><LI><a href="#[be]">&gt;&gt;</a>&nbsp;&nbsp;&nbsp;__aeabi_fsub
<LI><a href="#[83]">&gt;&gt;</a>&nbsp;&nbsp;&nbsp;__aeabi_f2d
<LI><a href="#[84]">&gt;&gt;</a>&nbsp;&nbsp;&nbsp;__aeabi_dmul
<LI><a href="#[92]">&gt;&gt;</a>&nbsp;&nbsp;&nbsp;__aeabi_d2iz
<LI><a href="#[bd]">&gt;&gt;</a>&nbsp;&nbsp;&nbsp;__aeabi_cfrcmple
<LI><a href="#[ad]">&gt;&gt;</a>&nbsp;&nbsp;&nbsp;[Anonymous Symbol]
</UL>

<P><STRONG><a name="[bf]"></a>S2LPRadioGetPALeveldBm</STRONG> (Thumb, 68 bytes, Stack size 16 bytes, S2LP_Radio.o(.text), UNUSED)
<BR><BR>[Calls]<UL><LI><a href="#[8e]">&gt;&gt;</a>&nbsp;&nbsp;&nbsp;ST_LOWLEVEL_ReadRegisters
<LI><a href="#[88]">&gt;&gt;</a>&nbsp;&nbsp;&nbsp;__aeabi_i2d
<LI><a href="#[84]">&gt;&gt;</a>&nbsp;&nbsp;&nbsp;__aeabi_dmul
<LI><a href="#[c0]">&gt;&gt;</a>&nbsp;&nbsp;&nbsp;__aeabi_dsub
<LI><a href="#[c1]">&gt;&gt;</a>&nbsp;&nbsp;&nbsp;__aeabi_d2f
</UL>

<P><STRONG><a name="[c2]"></a>S2LPRadioSetPALevelMaxIndex</STRONG> (Thumb, 28 bytes, Stack size 16 bytes, S2LP_Radio.o(.text), UNUSED)
<BR><BR>[Calls]<UL><LI><a href="#[8e]">&gt;&gt;</a>&nbsp;&nbsp;&nbsp;ST_LOWLEVEL_ReadRegisters
</UL>

<P><STRONG><a name="[c3]"></a>S2LPRadioGetPALevelMaxIndex</STRONG> (Thumb, 38 bytes, Stack size 16 bytes, S2LP_Radio.o(.text), UNUSED)
<BR><BR>[Calls]<UL><LI><a href="#[8e]">&gt;&gt;</a>&nbsp;&nbsp;&nbsp;ST_LOWLEVEL_ReadRegisters
</UL>

<P><STRONG><a name="[c4]"></a>S2LPRadioSetAutoRampingMode</STRONG> (Thumb, 50 bytes, Stack size 16 bytes, S2LP_Radio.o(.text), UNUSED)
<BR><BR>[Calls]<UL><LI><a href="#[8e]">&gt;&gt;</a>&nbsp;&nbsp;&nbsp;ST_LOWLEVEL_ReadRegisters
<LI><a href="#[c5]">&gt;&gt;</a>&nbsp;&nbsp;&nbsp;[Anonymous Symbol]
</UL>

<P><STRONG><a name="[c6]"></a>S2LPRadioSetManualRampingMode</STRONG> (Thumb, 54 bytes, Stack size 16 bytes, S2LP_Radio.o(.text), UNUSED)
<BR><BR>[Calls]<UL><LI><a href="#[8e]">&gt;&gt;</a>&nbsp;&nbsp;&nbsp;ST_LOWLEVEL_ReadRegisters
<LI><a href="#[c5]">&gt;&gt;</a>&nbsp;&nbsp;&nbsp;[Anonymous Symbol]
</UL>

<P><STRONG><a name="[c7]"></a>S2LPRadioCalibrationVco</STRONG> (Thumb, 92 bytes, Stack size 24 bytes, S2LP_Radio.o(.text), UNUSED)
<BR><BR>[Calls]<UL><LI><a href="#[a3]">&gt;&gt;</a>&nbsp;&nbsp;&nbsp;ST_LOWLEVEL_WriteRegisters
<LI><a href="#[8e]">&gt;&gt;</a>&nbsp;&nbsp;&nbsp;ST_LOWLEVEL_ReadRegisters
</UL>

<P><STRONG><a name="[c8]"></a>S2LPRadioSetTxCalibVcoAmpWord</STRONG> (Thumb, 12 bytes, Stack size 16 bytes, S2LP_Radio.o(.text), UNUSED)
<BR><BR>[Calls]<UL><LI><a href="#[c9]">&gt;&gt;</a>&nbsp;&nbsp;&nbsp;[Anonymous Symbol]
</UL>

<P><STRONG><a name="[286]"></a>S2LPRadioSetRxCalibVcoAmpWord</STRONG> (Thumb, 12 bytes, Stack size 16 bytes, S2LP_Radio.o(.text), UNUSED)

<P><STRONG><a name="[ca]"></a>S2LPRadioSetTxCalibVcoFreqWord</STRONG> (Thumb, 12 bytes, Stack size 16 bytes, S2LP_Radio.o(.text), UNUSED)
<BR><BR>[Calls]<UL><LI><a href="#[aa]">&gt;&gt;</a>&nbsp;&nbsp;&nbsp;[Anonymous Symbol]
</UL>

<P><STRONG><a name="[cb]"></a>S2LPRadioSetRxCalibVcoFreqWord</STRONG> (Thumb, 12 bytes, Stack size 16 bytes, S2LP_Radio.o(.text), UNUSED)
<BR><BR>[Calls]<UL><LI><a href="#[aa]">&gt;&gt;</a>&nbsp;&nbsp;&nbsp;[Anonymous Symbol]
</UL>

<P><STRONG><a name="[cc]"></a>S2LPRadioAfcInit</STRONG> (Thumb, 112 bytes, Stack size 16 bytes, S2LP_Radio.o(.text), UNUSED)
<BR><BR>[Calls]<UL><LI><a href="#[a3]">&gt;&gt;</a>&nbsp;&nbsp;&nbsp;ST_LOWLEVEL_WriteRegisters
<LI><a href="#[8e]">&gt;&gt;</a>&nbsp;&nbsp;&nbsp;ST_LOWLEVEL_ReadRegisters
<LI><a href="#[a7]">&gt;&gt;</a>&nbsp;&nbsp;&nbsp;[Anonymous Symbol]
</UL>

<P><STRONG><a name="[cd]"></a>S2LPRadioGetAfcInfo</STRONG> (Thumb, 60 bytes, Stack size 16 bytes, S2LP_Radio.o(.text), UNUSED)
<BR><BR>[Calls]<UL><LI><a href="#[8e]">&gt;&gt;</a>&nbsp;&nbsp;&nbsp;ST_LOWLEVEL_ReadRegisters
</UL>

<P><STRONG><a name="[ce]"></a>S2LPRadioSetIsiEqualizationMode</STRONG> (Thumb, 38 bytes, Stack size 16 bytes, S2LP_Radio.o(.text), UNUSED)
<BR><BR>[Calls]<UL><LI><a href="#[8e]">&gt;&gt;</a>&nbsp;&nbsp;&nbsp;ST_LOWLEVEL_ReadRegisters
<LI><a href="#[ad]">&gt;&gt;</a>&nbsp;&nbsp;&nbsp;[Anonymous Symbol]
</UL>

<P><STRONG><a name="[cf]"></a>S2LPRadioGetIsiEqualizationMode</STRONG> (Thumb, 38 bytes, Stack size 16 bytes, S2LP_Radio.o(.text), UNUSED)
<BR><BR>[Calls]<UL><LI><a href="#[8e]">&gt;&gt;</a>&nbsp;&nbsp;&nbsp;ST_LOWLEVEL_ReadRegisters
</UL>

<P><STRONG><a name="[d0]"></a>S2LPRadioSymClkRecoverInit</STRONG> (Thumb, 68 bytes, Stack size 16 bytes, S2LP_Radio.o(.text), UNUSED)
<BR><BR>[Calls]<UL><LI><a href="#[ad]">&gt;&gt;</a>&nbsp;&nbsp;&nbsp;[Anonymous Symbol]
</UL>

<P><STRONG><a name="[d1]"></a>S2LPRadioGetSymClkRecoverInfo</STRONG> (Thumb, 76 bytes, Stack size 16 bytes, S2LP_Radio.o(.text), UNUSED)
<BR><BR>[Calls]<UL><LI><a href="#[8e]">&gt;&gt;</a>&nbsp;&nbsp;&nbsp;ST_LOWLEVEL_ReadRegisters
</UL>

<P><STRONG><a name="[a1]"></a>S2LPRefreshStatus</STRONG> (Thumb, 24 bytes, Stack size 8 bytes, S2LP_Types.o(.text))
<BR><BR>[Stack]<UL><LI>Max Depth = 96<LI>Call Chain = S2LPRefreshStatus &rArr; ST_LOWLEVEL_ReadRegisters &rArr; SdkEvalSpiReadRegisters &rArr; HAL_SPI_TransmitReceive_DMA &rArr; HAL_DMA_Start_IT &rArr; DMA_SetConfig
</UL>
<BR>[Calls]<UL><LI><a href="#[8e]">&gt;&gt;</a>&nbsp;&nbsp;&nbsp;ST_LOWLEVEL_ReadRegisters
</UL>
<BR>[Called By]<UL><LI><a href="#[e8]">&gt;&gt;</a>&nbsp;&nbsp;&nbsp;MANUF_API_change_frequency
<LI><a href="#[9f]">&gt;&gt;</a>&nbsp;&nbsp;&nbsp;S2LPRadioInit
</UL>

<P><STRONG><a name="[234]"></a>ST_MANUF_Timer_CB</STRONG> (Thumb, 8 bytes, Stack size 0 bytes, st_manuf_api.o(.text))
<BR><BR>[Called By]<UL><LI><a href="#[4b]">&gt;&gt;</a>&nbsp;&nbsp;&nbsp;RTC_IRQHandler
</UL>

<P><STRONG><a name="[1c0]"></a>ST_MANUF_S2LP_Exti_CB</STRONG> (Thumb, 8 bytes, Stack size 0 bytes, st_manuf_api.o(.text))
<BR><BR>[Called By]<UL><LI><a href="#[1be]">&gt;&gt;</a>&nbsp;&nbsp;&nbsp;HAL_GPIO_EXTI_Callback
</UL>

<P><STRONG><a name="[117]"></a>MANUF_API_malloc</STRONG> (Thumb, 26 bytes, Stack size 0 bytes, st_manuf_api.o(.text))
<BR><BR>[Called By]<UL><LI><a href="#[71]">&gt;&gt;</a>&nbsp;&nbsp;&nbsp;SIGFOX_API_open
</UL>

<P><STRONG><a name="[118]"></a>MANUF_API_free</STRONG> (Thumb, 12 bytes, Stack size 0 bytes, st_manuf_api.o(.text), UNUSED)
<BR><BR>[Called By]<UL><LI><a href="#[73]">&gt;&gt;</a>&nbsp;&nbsp;&nbsp;SIGFOX_API_close
</UL>

<P><STRONG><a name="[d2]"></a>MANUF_API_get_voltage_temperature</STRONG> (Thumb, 28 bytes, Stack size 16 bytes, st_manuf_api.o(.text))
<BR><BR>[Stack]<UL><LI>Max Depth = 16<LI>Call Chain = MANUF_API_get_voltage_temperature
</UL>
<BR>[Calls]<UL><LI><a href="#[d3]">&gt;&gt;</a>&nbsp;&nbsp;&nbsp;ST_LOWLEVEL_GetVoltage
<LI><a href="#[d4]">&gt;&gt;</a>&nbsp;&nbsp;&nbsp;ST_LOWLEVEL_GetTemperature
</UL>
<BR>[Called By]<UL><LI><a href="#[119]">&gt;&gt;</a>&nbsp;&nbsp;&nbsp;SIGFOX_INT_build_frame
</UL>

<P><STRONG><a name="[d5]"></a>MANUF_API_rf_init</STRONG> (Thumb, 544 bytes, Stack size 72 bytes, st_manuf_api.o(.text))
<BR><BR>[Stack]<UL><LI>Max Depth = 488 + Unknown Stack Size
<LI>Call Chain = MANUF_API_rf_init &rArr; S2LPRadioInit &rArr; S2LPRadioSearchFreqDevME &rArr; S2LPRadioComputeFreqDeviation &rArr; pow &rArr; __kernel_poly &rArr; __aeabi_dmul &rArr; _double_epilogue &rArr; __aeabi_llsr
</UL>
<BR>[Calls]<UL><LI><a href="#[a3]">&gt;&gt;</a>&nbsp;&nbsp;&nbsp;ST_LOWLEVEL_WriteRegisters
<LI><a href="#[d7]">&gt;&gt;</a>&nbsp;&nbsp;&nbsp;ST_LOWLEVEL_Shutdown
<LI><a href="#[8e]">&gt;&gt;</a>&nbsp;&nbsp;&nbsp;ST_LOWLEVEL_ReadRegisters
<LI><a href="#[d9]">&gt;&gt;</a>&nbsp;&nbsp;&nbsp;ST_LOWLEVEL_GpioIRQ
<LI><a href="#[d8]">&gt;&gt;</a>&nbsp;&nbsp;&nbsp;ST_LOWLEVEL_Delay
<LI><a href="#[da]">&gt;&gt;</a>&nbsp;&nbsp;&nbsp;S2LPRadioSetXtalFrequency
<LI><a href="#[df]">&gt;&gt;</a>&nbsp;&nbsp;&nbsp;S2LPPktBasicSetPayloadLength
<LI><a href="#[de]">&gt;&gt;</a>&nbsp;&nbsp;&nbsp;S2LPPktBasicInit
<LI><a href="#[db]">&gt;&gt;</a>&nbsp;&nbsp;&nbsp;S2LPPacketHandlerSetTxMode
<LI><a href="#[dc]">&gt;&gt;</a>&nbsp;&nbsp;&nbsp;S2LPFifoSetAlmostEmptyThresholdTx
<LI><a href="#[9f]">&gt;&gt;</a>&nbsp;&nbsp;&nbsp;S2LPRadioInit
<LI><a href="#[d6]">&gt;&gt;</a>&nbsp;&nbsp;&nbsp;S2LPRadioGetXtalFrequency
<LI><a href="#[dd]">&gt;&gt;</a>&nbsp;&nbsp;&nbsp;__aeabi_memcpy4
<LI><a href="#[96]">&gt;&gt;</a>&nbsp;&nbsp;&nbsp;__aeabi_idiv
</UL>
<BR>[Called By]<UL><LI><a href="#[11d]">&gt;&gt;</a>&nbsp;&nbsp;&nbsp;SIGFOX_API_test_mode
<LI><a href="#[11a]">&gt;&gt;</a>&nbsp;&nbsp;&nbsp;SIGFOX_INT_send_frame
<LI><a href="#[11b]">&gt;&gt;</a>&nbsp;&nbsp;&nbsp;SIGFOX_INT_receive_frame
</UL>

<P><STRONG><a name="[e0]"></a>MANUF_API_rf_stop</STRONG> (Thumb, 22 bytes, Stack size 8 bytes, st_manuf_api.o(.text))
<BR><BR>[Stack]<UL><LI>Max Depth = 96<LI>Call Chain = MANUF_API_rf_stop &rArr; ST_LOWLEVEL_CmdStrobe &rArr; SdkEvalSpiCommandStrobes &rArr; HAL_SPI_TransmitReceive_DMA &rArr; HAL_DMA_Start_IT &rArr; DMA_SetConfig
</UL>
<BR>[Calls]<UL><LI><a href="#[d7]">&gt;&gt;</a>&nbsp;&nbsp;&nbsp;ST_LOWLEVEL_Shutdown
<LI><a href="#[a0]">&gt;&gt;</a>&nbsp;&nbsp;&nbsp;ST_LOWLEVEL_CmdStrobe
</UL>
<BR>[Called By]<UL><LI><a href="#[11d]">&gt;&gt;</a>&nbsp;&nbsp;&nbsp;SIGFOX_API_test_mode
<LI><a href="#[11a]">&gt;&gt;</a>&nbsp;&nbsp;&nbsp;SIGFOX_INT_send_frame
<LI><a href="#[11b]">&gt;&gt;</a>&nbsp;&nbsp;&nbsp;SIGFOX_INT_receive_frame
<LI><a href="#[73]">&gt;&gt;</a>&nbsp;&nbsp;&nbsp;SIGFOX_API_close
</UL>

<P><STRONG><a name="[e1]"></a>MANUF_API_rf_send</STRONG> (Thumb, 298 bytes, Stack size 32 bytes, st_manuf_api.o(.text))
<BR><BR>[Stack]<UL><LI>Max Depth = 152<LI>Call Chain = MANUF_API_rf_send &rArr; S2LPGpioInit &rArr; [Anonymous Symbol] &rArr; ST_LOWLEVEL_WriteRegisters &rArr; SdkEvalSpiWriteRegisters &rArr; HAL_SPI_TransmitReceive_DMA &rArr; HAL_DMA_Start_IT &rArr; DMA_SetConfig
</UL>
<BR>[Calls]<UL><LI><a href="#[e3]">&gt;&gt;</a>&nbsp;&nbsp;&nbsp;ST_LOWLEVEL_WriteFifo
<LI><a href="#[e5]">&gt;&gt;</a>&nbsp;&nbsp;&nbsp;ST_LOWLEVEL_SpiRaw
<LI><a href="#[d9]">&gt;&gt;</a>&nbsp;&nbsp;&nbsp;ST_LOWLEVEL_GpioIRQ
<LI><a href="#[a0]">&gt;&gt;</a>&nbsp;&nbsp;&nbsp;ST_LOWLEVEL_CmdStrobe
<LI><a href="#[e4]">&gt;&gt;</a>&nbsp;&nbsp;&nbsp;S2LPGpioInit
<LI><a href="#[e2]">&gt;&gt;</a>&nbsp;&nbsp;&nbsp;S2LPCmdStrobeCommand
</UL>
<BR>[Called By]<UL><LI><a href="#[11d]">&gt;&gt;</a>&nbsp;&nbsp;&nbsp;SIGFOX_API_test_mode
<LI><a href="#[11a]">&gt;&gt;</a>&nbsp;&nbsp;&nbsp;SIGFOX_INT_send_frame
</UL>

<P><STRONG><a name="[e7]"></a>MANUF_API_delay</STRONG> (Thumb, 42 bytes, Stack size 8 bytes, st_manuf_api.o(.text))
<BR><BR>[Stack]<UL><LI>Max Depth = 76<LI>Call Chain = MANUF_API_delay &rArr; ST_LOWLEVEL_Delay &rArr; SdkEvalTimersTimConfig &rArr; HAL_TIM_Base_Init &rArr; TIM_Base_SetConfig
</UL>
<BR>[Calls]<UL><LI><a href="#[d8]">&gt;&gt;</a>&nbsp;&nbsp;&nbsp;ST_LOWLEVEL_Delay
</UL>
<BR>[Called By]<UL><LI><a href="#[11d]">&gt;&gt;</a>&nbsp;&nbsp;&nbsp;SIGFOX_API_test_mode
<LI><a href="#[11a]">&gt;&gt;</a>&nbsp;&nbsp;&nbsp;SIGFOX_INT_send_frame
<LI><a href="#[75]">&gt;&gt;</a>&nbsp;&nbsp;&nbsp;SIGFOX_API_send_frame
</UL>

<P><STRONG><a name="[e8]"></a>MANUF_API_change_frequency</STRONG> (Thumb, 38 bytes, Stack size 8 bytes, st_manuf_api.o(.text))
<BR><BR>[Stack]<UL><LI>Max Depth = 200<LI>Call Chain = MANUF_API_change_frequency &rArr; S2LPRadioSetFrequencyBase &rArr; S2LPRadioComputeSynthWord &rArr; round &rArr; __aeabi_dsub &rArr; __aeabi_dadd &rArr; _double_epilogue &rArr; __aeabi_llsr
</UL>
<BR>[Calls]<UL><LI><a href="#[a0]">&gt;&gt;</a>&nbsp;&nbsp;&nbsp;ST_LOWLEVEL_CmdStrobe
<LI><a href="#[a4]">&gt;&gt;</a>&nbsp;&nbsp;&nbsp;S2LPRadioSetFrequencyBase
<LI><a href="#[a1]">&gt;&gt;</a>&nbsp;&nbsp;&nbsp;S2LPRefreshStatus
</UL>
<BR>[Called By]<UL><LI><a href="#[176]">&gt;&gt;</a>&nbsp;&nbsp;&nbsp;SIGFOX_INT_change_frequency
<LI><a href="#[11d]">&gt;&gt;</a>&nbsp;&nbsp;&nbsp;SIGFOX_API_test_mode
<LI><a href="#[11a]">&gt;&gt;</a>&nbsp;&nbsp;&nbsp;SIGFOX_INT_send_frame
</UL>

<P><STRONG><a name="[e9]"></a>MANUF_API_aes_128_cbc_encrypt</STRONG> (Thumb, 10 bytes, Stack size 8 bytes, st_manuf_api.o(.text))
<BR><BR>[Stack]<UL><LI>Max Depth = 96<LI>Call Chain = MANUF_API_aes_128_cbc_encrypt &rArr; ST_LOWLEVEL_Encrypt &rArr; enc_utils_encrypt &rArr; l40 &rArr; l20 &rArr; l21 &rArr; [Anonymous Symbol] &rArr;  [Anonymous Symbol] (Cycle)
</UL>
<BR>[Calls]<UL><LI><a href="#[ea]">&gt;&gt;</a>&nbsp;&nbsp;&nbsp;ST_LOWLEVEL_Encrypt
</UL>
<BR>[Called By]<UL><LI><a href="#[174]">&gt;&gt;</a>&nbsp;&nbsp;&nbsp;SIGFOX_INT_compute_channels
<LI><a href="#[173]">&gt;&gt;</a>&nbsp;&nbsp;&nbsp;SIGFOX_HMAC_compute_aes
</UL>

<P><STRONG><a name="[eb]"></a>MANUF_API_get_nv_mem</STRONG> (Thumb, 34 bytes, Stack size 8 bytes, st_manuf_api.o(.text))
<BR><BR>[Stack]<UL><LI>Max Depth = 8<LI>Call Chain = MANUF_API_get_nv_mem
</UL>
<BR>[Calls]<UL><LI><a href="#[ec]">&gt;&gt;</a>&nbsp;&nbsp;&nbsp;ST_LOWLEVEL_NVMRead
</UL>
<BR>[Called By]<UL><LI><a href="#[71]">&gt;&gt;</a>&nbsp;&nbsp;&nbsp;SIGFOX_API_open
</UL>

<P><STRONG><a name="[ed]"></a>MANUF_API_set_nv_mem</STRONG> (Thumb, 30 bytes, Stack size 8 bytes, st_manuf_api.o(.text))
<BR><BR>[Stack]<UL><LI>Max Depth = 64<LI>Call Chain = MANUF_API_set_nv_mem &rArr; ST_LOWLEVEL_NVMWrite &rArr; HAL_FLASHEx_DATAEEPROM_Program &rArr; FLASH_WaitForLastOperation
</UL>
<BR>[Calls]<UL><LI><a href="#[ee]">&gt;&gt;</a>&nbsp;&nbsp;&nbsp;ST_LOWLEVEL_NVMWrite
</UL>
<BR>[Called By]<UL><LI><a href="#[174]">&gt;&gt;</a>&nbsp;&nbsp;&nbsp;SIGFOX_INT_compute_channels
</UL>

<P><STRONG><a name="[11f]"></a>MANUF_API_get_rssi</STRONG> (Thumb, 12 bytes, Stack size 0 bytes, st_manuf_api.o(.text))
<BR><BR>[Called By]<UL><LI><a href="#[11d]">&gt;&gt;</a>&nbsp;&nbsp;&nbsp;SIGFOX_API_test_mode
<LI><a href="#[119]">&gt;&gt;</a>&nbsp;&nbsp;&nbsp;SIGFOX_INT_build_frame
</UL>

<P><STRONG><a name="[ef]"></a>MANUF_API_wait_frame</STRONG> (Thumb, 170 bytes, Stack size 32 bytes, st_manuf_api.o(.text))
<BR><BR>[Stack]<UL><LI>Max Depth = 212<LI>Call Chain = MANUF_API_wait_frame &rArr; ST_LOWLEVEL_WaitForInterrupt &rArr; ST_LOWLEVEL_SetSysClock &rArr; HAL_RCC_OscConfig &rArr; HAL_InitTick &rArr; HAL_RCC_GetHCLKFreq &rArr; HAL_RCC_GetSysClockFreq &rArr; __aeabi_uidivmod
</UL>
<BR>[Calls]<UL><LI><a href="#[f2]">&gt;&gt;</a>&nbsp;&nbsp;&nbsp;ST_LOWLEVEL_WaitForInterrupt
<LI><a href="#[8e]">&gt;&gt;</a>&nbsp;&nbsp;&nbsp;ST_LOWLEVEL_ReadRegisters
<LI><a href="#[f4]">&gt;&gt;</a>&nbsp;&nbsp;&nbsp;ST_LOWLEVEL_ReadFifo
<LI><a href="#[d9]">&gt;&gt;</a>&nbsp;&nbsp;&nbsp;ST_LOWLEVEL_GpioIRQ
<LI><a href="#[a0]">&gt;&gt;</a>&nbsp;&nbsp;&nbsp;ST_LOWLEVEL_CmdStrobe
<LI><a href="#[f1]">&gt;&gt;</a>&nbsp;&nbsp;&nbsp;S2LPGpioIrqGetStatus
<LI><a href="#[f0]">&gt;&gt;</a>&nbsp;&nbsp;&nbsp;S2LPGpioIrqConfig
<LI><a href="#[e4]">&gt;&gt;</a>&nbsp;&nbsp;&nbsp;S2LPGpioInit
<LI><a href="#[f3]">&gt;&gt;</a>&nbsp;&nbsp;&nbsp;S2LPFifoReadNumberBytesRxFifo
<LI><a href="#[e6]">&gt;&gt;</a>&nbsp;&nbsp;&nbsp;[Anonymous Symbol]
</UL>
<BR>[Called By]<UL><LI><a href="#[11d]">&gt;&gt;</a>&nbsp;&nbsp;&nbsp;SIGFOX_API_test_mode
<LI><a href="#[11b]">&gt;&gt;</a>&nbsp;&nbsp;&nbsp;SIGFOX_INT_receive_frame
</UL>

<P><STRONG><a name="[175]"></a>MANUF_API_wait_for_clear_channel</STRONG> (Thumb, 4 bytes, Stack size 0 bytes, st_manuf_api.o(.text))
<BR><BR>[Called By]<UL><LI><a href="#[11a]">&gt;&gt;</a>&nbsp;&nbsp;&nbsp;SIGFOX_INT_send_frame
</UL>

<P><STRONG><a name="[f5]"></a>MANUF_API_timer_start_carrier_sense</STRONG> (Thumb, 24 bytes, Stack size 8 bytes, st_manuf_api.o(.text))
<BR><BR>[Stack]<UL><LI>Max Depth = 180<LI>Call Chain = MANUF_API_timer_start_carrier_sense &rArr; ST_LOWLEVEL_TimerStart &rArr; Configure_RTC_Clock &rArr; HAL_RCC_OscConfig &rArr; HAL_InitTick &rArr; HAL_RCC_GetHCLKFreq &rArr; HAL_RCC_GetSysClockFreq &rArr; __aeabi_uidivmod
</UL>
<BR>[Calls]<UL><LI><a href="#[f6]">&gt;&gt;</a>&nbsp;&nbsp;&nbsp;ST_LOWLEVEL_TimerStart
</UL>
<BR>[Called By]<UL><LI><a href="#[11a]">&gt;&gt;</a>&nbsp;&nbsp;&nbsp;SIGFOX_INT_send_frame
</UL>

<P><STRONG><a name="[f7]"></a>MANUF_API_timer_start</STRONG> (Thumb, 28 bytes, Stack size 8 bytes, st_manuf_api.o(.text))
<BR><BR>[Stack]<UL><LI>Max Depth = 180<LI>Call Chain = MANUF_API_timer_start &rArr; ST_LOWLEVEL_TimerStart &rArr; Configure_RTC_Clock &rArr; HAL_RCC_OscConfig &rArr; HAL_InitTick &rArr; HAL_RCC_GetHCLKFreq &rArr; HAL_RCC_GetSysClockFreq &rArr; __aeabi_uidivmod
</UL>
<BR>[Calls]<UL><LI><a href="#[f6]">&gt;&gt;</a>&nbsp;&nbsp;&nbsp;ST_LOWLEVEL_TimerStart
</UL>
<BR>[Called By]<UL><LI><a href="#[11d]">&gt;&gt;</a>&nbsp;&nbsp;&nbsp;SIGFOX_API_test_mode
<LI><a href="#[11a]">&gt;&gt;</a>&nbsp;&nbsp;&nbsp;SIGFOX_INT_send_frame
<LI><a href="#[11b]">&gt;&gt;</a>&nbsp;&nbsp;&nbsp;SIGFOX_INT_receive_frame
</UL>

<P><STRONG><a name="[f8]"></a>MANUF_API_timer_stop</STRONG> (Thumb, 16 bytes, Stack size 8 bytes, st_manuf_api.o(.text))
<BR><BR>[Stack]<UL><LI>Max Depth = 180<LI>Call Chain = MANUF_API_timer_stop &rArr; ST_LOWLEVEL_TimerStop &rArr; Configure_RTC_Clock &rArr; HAL_RCC_OscConfig &rArr; HAL_InitTick &rArr; HAL_RCC_GetHCLKFreq &rArr; HAL_RCC_GetSysClockFreq &rArr; __aeabi_uidivmod
</UL>
<BR>[Calls]<UL><LI><a href="#[f9]">&gt;&gt;</a>&nbsp;&nbsp;&nbsp;ST_LOWLEVEL_TimerStop
</UL>
<BR>[Called By]<UL><LI><a href="#[11d]">&gt;&gt;</a>&nbsp;&nbsp;&nbsp;SIGFOX_API_test_mode
<LI><a href="#[11b]">&gt;&gt;</a>&nbsp;&nbsp;&nbsp;SIGFOX_INT_receive_frame
</UL>

<P><STRONG><a name="[fa]"></a>MANUF_API_timer_stop_carrier_sense</STRONG> (Thumb, 24 bytes, Stack size 8 bytes, st_manuf_api.o(.text))
<BR><BR>[Stack]<UL><LI>Max Depth = 180<LI>Call Chain = MANUF_API_timer_stop_carrier_sense &rArr; ST_LOWLEVEL_TimerStop &rArr; Configure_RTC_Clock &rArr; HAL_RCC_OscConfig &rArr; HAL_InitTick &rArr; HAL_RCC_GetHCLKFreq &rArr; HAL_RCC_GetSysClockFreq &rArr; __aeabi_uidivmod
</UL>
<BR>[Calls]<UL><LI><a href="#[f9]">&gt;&gt;</a>&nbsp;&nbsp;&nbsp;ST_LOWLEVEL_TimerStop
</UL>
<BR>[Called By]<UL><LI><a href="#[11a]">&gt;&gt;</a>&nbsp;&nbsp;&nbsp;SIGFOX_INT_send_frame
</UL>

<P><STRONG><a name="[fb]"></a>MANUF_API_timer_wait_for_end</STRONG> (Thumb, 20 bytes, Stack size 8 bytes, st_manuf_api.o(.text))
<BR><BR>[Stack]<UL><LI>Max Depth = 188<LI>Call Chain = MANUF_API_timer_wait_for_end &rArr; ST_LOWLEVEL_WaitForInterrupt &rArr; ST_LOWLEVEL_SetSysClock &rArr; HAL_RCC_OscConfig &rArr; HAL_InitTick &rArr; HAL_RCC_GetHCLKFreq &rArr; HAL_RCC_GetSysClockFreq &rArr; __aeabi_uidivmod
</UL>
<BR>[Calls]<UL><LI><a href="#[f2]">&gt;&gt;</a>&nbsp;&nbsp;&nbsp;ST_LOWLEVEL_WaitForInterrupt
</UL>
<BR>[Called By]<UL><LI><a href="#[11b]">&gt;&gt;</a>&nbsp;&nbsp;&nbsp;SIGFOX_INT_receive_frame
</UL>

<P><STRONG><a name="[fd]"></a>ST_MANUF_report_CB</STRONG> (Thumb, 2 bytes, Stack size 0 bytes, st_manuf_api.o(.text), UNUSED)
<BR><BR>[Called By]<UL><LI><a href="#[fc]">&gt;&gt;</a>&nbsp;&nbsp;&nbsp;MANUF_API_report_test_result
</UL>

<P><STRONG><a name="[fc]"></a>MANUF_API_report_test_result</STRONG> (Thumb, 20 bytes, Stack size 8 bytes, st_manuf_api.o(.text), UNUSED)
<BR><BR>[Calls]<UL><LI><a href="#[fd]">&gt;&gt;</a>&nbsp;&nbsp;&nbsp;ST_MANUF_report_CB
</UL>
<BR>[Called By]<UL><LI><a href="#[11d]">&gt;&gt;</a>&nbsp;&nbsp;&nbsp;SIGFOX_API_test_mode
</UL>

<P><STRONG><a name="[287]"></a>ST_MANUF_API_get_version</STRONG> (Thumb, 22 bytes, Stack size 8 bytes, st_manuf_api.o(.text), UNUSED)

<P><STRONG><a name="[fe]"></a>VENDOR_continous_wave</STRONG> (Thumb, 404 bytes, Stack size 48 bytes, st_manuf_api.o(.text), UNUSED)
<BR><BR>[Calls]<UL><LI><a href="#[a3]">&gt;&gt;</a>&nbsp;&nbsp;&nbsp;ST_LOWLEVEL_WriteRegisters
<LI><a href="#[d7]">&gt;&gt;</a>&nbsp;&nbsp;&nbsp;ST_LOWLEVEL_Shutdown
<LI><a href="#[8e]">&gt;&gt;</a>&nbsp;&nbsp;&nbsp;ST_LOWLEVEL_ReadRegisters
<LI><a href="#[d9]">&gt;&gt;</a>&nbsp;&nbsp;&nbsp;ST_LOWLEVEL_GpioIRQ
<LI><a href="#[a0]">&gt;&gt;</a>&nbsp;&nbsp;&nbsp;ST_LOWLEVEL_CmdStrobe
<LI><a href="#[d8]">&gt;&gt;</a>&nbsp;&nbsp;&nbsp;ST_LOWLEVEL_Delay
<LI><a href="#[da]">&gt;&gt;</a>&nbsp;&nbsp;&nbsp;S2LPRadioSetXtalFrequency
<LI><a href="#[db]">&gt;&gt;</a>&nbsp;&nbsp;&nbsp;S2LPPacketHandlerSetTxMode
<LI><a href="#[9f]">&gt;&gt;</a>&nbsp;&nbsp;&nbsp;S2LPRadioInit
<LI><a href="#[d6]">&gt;&gt;</a>&nbsp;&nbsp;&nbsp;S2LPRadioGetXtalFrequency
<LI><a href="#[96]">&gt;&gt;</a>&nbsp;&nbsp;&nbsp;__aeabi_idiv
</UL>

<P><STRONG><a name="[288]"></a>VENDOR_smps</STRONG> (Thumb, 6 bytes, Stack size 0 bytes, st_manuf_api.o(.text), UNUSED)

<P><STRONG><a name="[289]"></a>ST_MANUF_API_gpio_irq_pin</STRONG> (Thumb, 16 bytes, Stack size 0 bytes, st_manuf_api.o(.text), UNUSED)

<P><STRONG><a name="[28a]"></a>ST_MANUF_API_gpio_tx_rx_pin</STRONG> (Thumb, 16 bytes, Stack size 0 bytes, st_manuf_api.o(.text), UNUSED)

<P><STRONG><a name="[28b]"></a>ST_MANUF_API_gpio_rx_pin</STRONG> (Thumb, 16 bytes, Stack size 0 bytes, st_manuf_api.o(.text), UNUSED)

<P><STRONG><a name="[28c]"></a>ST_MANUF_API_gpio_tx_pin</STRONG> (Thumb, 16 bytes, Stack size 0 bytes, st_manuf_api.o(.text), UNUSED)

<P><STRONG><a name="[28d]"></a>ST_MANUF_API_reduce_output_power</STRONG> (Thumb, 98 bytes, Stack size 20 bytes, st_manuf_api.o(.text), UNUSED)

<P><STRONG><a name="[28e]"></a>ST_MANUF_API_set_xtal_freq</STRONG> (Thumb, 8 bytes, Stack size 0 bytes, st_manuf_api.o(.text), UNUSED)

<P><STRONG><a name="[276]"></a>ST_MANUF_API_set_freq_offset</STRONG> (Thumb, 8 bytes, Stack size 0 bytes, st_manuf_api.o(.text))
<BR><BR>[Called By]<UL><LI><a href="#[64]">&gt;&gt;</a>&nbsp;&nbsp;&nbsp;main
</UL>

<P><STRONG><a name="[10d]"></a>l40</STRONG> (Thumb, 106 bytes, Stack size 32 bytes, asfd32.o(.text))
<BR><BR>[Stack]<UL><LI>Max Depth = 72<LI>Call Chain = l40 &rArr; l20 &rArr; l21 &rArr; [Anonymous Symbol] &rArr;  [Anonymous Symbol] (Cycle)
</UL>
<BR>[Calls]<UL><LI><a href="#[10e]">&gt;&gt;</a>&nbsp;&nbsp;&nbsp;l4
<LI><a href="#[101]">&gt;&gt;</a>&nbsp;&nbsp;&nbsp;l36
<LI><a href="#[10f]">&gt;&gt;</a>&nbsp;&nbsp;&nbsp;l32
<LI><a href="#[107]">&gt;&gt;</a>&nbsp;&nbsp;&nbsp;l20
<LI><a href="#[110]">&gt;&gt;</a>&nbsp;&nbsp;&nbsp;__aeabi_memclr
</UL>
<BR>[Called By]<UL><LI><a href="#[115]">&gt;&gt;</a>&nbsp;&nbsp;&nbsp;enc_utils_encrypt
</UL>

<P><STRONG><a name="[111]"></a>l43</STRONG> (Thumb, 158 bytes, Stack size 48 bytes, asfd32.o(.text))
<BR><BR>[Stack]<UL><LI>Max Depth = 96<LI>Call Chain = l43 &rArr; l30 &rArr; l35
</UL>
<BR>[Calls]<UL><LI><a href="#[ff]">&gt;&gt;</a>&nbsp;&nbsp;&nbsp;l42
<LI><a href="#[10e]">&gt;&gt;</a>&nbsp;&nbsp;&nbsp;l4
<LI><a href="#[10f]">&gt;&gt;</a>&nbsp;&nbsp;&nbsp;l32
<LI><a href="#[10a]">&gt;&gt;</a>&nbsp;&nbsp;&nbsp;l30
<LI><a href="#[110]">&gt;&gt;</a>&nbsp;&nbsp;&nbsp;__aeabi_memclr
</UL>
<BR>[Called By]<UL><LI><a href="#[112]">&gt;&gt;</a>&nbsp;&nbsp;&nbsp;enc_utils_retrieve_data
</UL>

<P><STRONG><a name="[114]"></a>l38</STRONG> (Thumb, 24 bytes, Stack size 0 bytes, asfd32.o(.text))
<BR><BR>[Called By]<UL><LI><a href="#[112]">&gt;&gt;</a>&nbsp;&nbsp;&nbsp;enc_utils_retrieve_data
</UL>

<P><STRONG><a name="[112]"></a>enc_utils_retrieve_data</STRONG> (Thumb, 276 bytes, Stack size 96 bytes, asfd32.o(.text))
<BR><BR>[Stack]<UL><LI>Max Depth = 488<LI>Call Chain = enc_utils_retrieve_data &rArr; EepromRead &rArr; EepromWaitEndWriteOperation &rArr; HAL_SPI_TransmitReceive &rArr; SPI_WaitOnFlagUntilTimeout
</UL>
<BR>[Calls]<UL><LI><a href="#[113]">&gt;&gt;</a>&nbsp;&nbsp;&nbsp;EepromRead
<LI><a href="#[111]">&gt;&gt;</a>&nbsp;&nbsp;&nbsp;l43
<LI><a href="#[114]">&gt;&gt;</a>&nbsp;&nbsp;&nbsp;l38
</UL>
<BR>[Called By]<UL><LI><a href="#[64]">&gt;&gt;</a>&nbsp;&nbsp;&nbsp;main
<LI><a href="#[116]">&gt;&gt;</a>&nbsp;&nbsp;&nbsp;enc_utils_set_public_key
</UL>

<P><STRONG><a name="[115]"></a>enc_utils_encrypt</STRONG> (Thumb, 22 bytes, Stack size 8 bytes, asfd32.o(.text))
<BR><BR>[Stack]<UL><LI>Max Depth = 80<LI>Call Chain = enc_utils_encrypt &rArr; l40 &rArr; l20 &rArr; l21 &rArr; [Anonymous Symbol] &rArr;  [Anonymous Symbol] (Cycle)
</UL>
<BR>[Calls]<UL><LI><a href="#[10d]">&gt;&gt;</a>&nbsp;&nbsp;&nbsp;l40
</UL>
<BR>[Called By]<UL><LI><a href="#[ea]">&gt;&gt;</a>&nbsp;&nbsp;&nbsp;ST_LOWLEVEL_Encrypt
</UL>

<P><STRONG><a name="[116]"></a>enc_utils_set_public_key</STRONG> (Thumb, 38 bytes, Stack size 24 bytes, asfd32.o(.text), UNUSED)
<BR><BR>[Calls]<UL><LI><a href="#[112]">&gt;&gt;</a>&nbsp;&nbsp;&nbsp;enc_utils_retrieve_data
</UL>

<P><STRONG><a name="[71]"></a>SIGFOX_API_open</STRONG> (Thumb, 418 bytes, Stack size 32 bytes, sigfox_api.o(.text))
<BR><BR>[Stack]<UL><LI>Max Depth = 40<LI>Call Chain = SIGFOX_API_open &rArr; MANUF_API_get_nv_mem
</UL>
<BR>[Calls]<UL><LI><a href="#[117]">&gt;&gt;</a>&nbsp;&nbsp;&nbsp;MANUF_API_malloc
<LI><a href="#[eb]">&gt;&gt;</a>&nbsp;&nbsp;&nbsp;MANUF_API_get_nv_mem
</UL>
<BR>[Called By]<UL><LI><a href="#[70]">&gt;&gt;</a>&nbsp;&nbsp;&nbsp;ST_SIGFOX_API_open
</UL>

<P><STRONG><a name="[73]"></a>SIGFOX_API_close</STRONG> (Thumb, 60 bytes, Stack size 8 bytes, sigfox_api.o(.text), UNUSED)
<BR><BR>[Calls]<UL><LI><a href="#[e0]">&gt;&gt;</a>&nbsp;&nbsp;&nbsp;MANUF_API_rf_stop
<LI><a href="#[118]">&gt;&gt;</a>&nbsp;&nbsp;&nbsp;MANUF_API_free
</UL>
<BR>[Called By]<UL><LI><a href="#[72]">&gt;&gt;</a>&nbsp;&nbsp;&nbsp;ST_SIGFOX_API_close
</UL>

<P><STRONG><a name="[75]"></a>SIGFOX_API_send_frame</STRONG> (Thumb, 402 bytes, Stack size 56 bytes, sigfox_api.o(.text))
<BR><BR>[Stack]<UL><LI>Max Depth = 592 + Unknown Stack Size
<LI>Call Chain = SIGFOX_API_send_frame &rArr; SIGFOX_INT_send_frame &rArr; MANUF_API_rf_init &rArr; S2LPRadioInit &rArr; S2LPRadioSearchFreqDevME &rArr; S2LPRadioComputeFreqDeviation &rArr; pow &rArr; __kernel_poly &rArr; __aeabi_dmul &rArr; _double_epilogue &rArr; __aeabi_llsr
</UL>
<BR>[Calls]<UL><LI><a href="#[11a]">&gt;&gt;</a>&nbsp;&nbsp;&nbsp;SIGFOX_INT_send_frame
<LI><a href="#[11b]">&gt;&gt;</a>&nbsp;&nbsp;&nbsp;SIGFOX_INT_receive_frame
<LI><a href="#[119]">&gt;&gt;</a>&nbsp;&nbsp;&nbsp;SIGFOX_INT_build_frame
<LI><a href="#[e7]">&gt;&gt;</a>&nbsp;&nbsp;&nbsp;MANUF_API_delay
</UL>
<BR>[Called By]<UL><LI><a href="#[74]">&gt;&gt;</a>&nbsp;&nbsp;&nbsp;ST_SIGFOX_API_send_frame
<LI><a href="#[11d]">&gt;&gt;</a>&nbsp;&nbsp;&nbsp;SIGFOX_API_test_mode
<LI><a href="#[77]">&gt;&gt;</a>&nbsp;&nbsp;&nbsp;SIGFOX_API_send_bit
</UL>

<P><STRONG><a name="[77]"></a>SIGFOX_API_send_bit</STRONG> (Thumb, 36 bytes, Stack size 16 bytes, sigfox_api.o(.text), UNUSED)
<BR><BR>[Calls]<UL><LI><a href="#[75]">&gt;&gt;</a>&nbsp;&nbsp;&nbsp;SIGFOX_API_send_frame
</UL>
<BR>[Called By]<UL><LI><a href="#[76]">&gt;&gt;</a>&nbsp;&nbsp;&nbsp;ST_SIGFOX_API_send_bit
</UL>

<P><STRONG><a name="[11c]"></a>SIGFOX_API_send_outofband</STRONG> (Thumb, 148 bytes, Stack size 32 bytes, sigfox_api.o(.text), UNUSED)
<BR><BR>[Calls]<UL><LI><a href="#[11a]">&gt;&gt;</a>&nbsp;&nbsp;&nbsp;SIGFOX_INT_send_frame
<LI><a href="#[119]">&gt;&gt;</a>&nbsp;&nbsp;&nbsp;SIGFOX_INT_build_frame
</UL>
<BR>[Called By]<UL><LI><a href="#[11d]">&gt;&gt;</a>&nbsp;&nbsp;&nbsp;SIGFOX_API_test_mode
</UL>

<P><STRONG><a name="[7d]"></a>SIGFOX_API_get_version</STRONG> (Thumb, 12 bytes, Stack size 0 bytes, sigfox_api.o(.text), UNUSED)
<BR><BR>[Called By]<UL><LI><a href="#[7c]">&gt;&gt;</a>&nbsp;&nbsp;&nbsp;ST_SIGFOX_API_get_version
</UL>

<P><STRONG><a name="[79]"></a>SIGFOX_API_reset</STRONG> (Thumb, 20 bytes, Stack size 0 bytes, sigfox_api.o(.text))
<BR><BR>[Called By]<UL><LI><a href="#[78]">&gt;&gt;</a>&nbsp;&nbsp;&nbsp;ST_SIGFOX_API_reset
</UL>

<P><STRONG><a name="[7b]"></a>SIGFOX_API_set_std_config</STRONG> (Thumb, 84 bytes, Stack size 12 bytes, sigfox_api.o(.text))
<BR><BR>[Stack]<UL><LI>Max Depth = 12<LI>Call Chain = SIGFOX_API_set_std_config
</UL>
<BR>[Called By]<UL><LI><a href="#[7a]">&gt;&gt;</a>&nbsp;&nbsp;&nbsp;ST_SIGFOX_API_set_std_config
</UL>

<P><STRONG><a name="[11d]"></a>SIGFOX_API_test_mode</STRONG> (Thumb, 1460 bytes, Stack size 48 bytes, sigfox_api.o(.text), UNUSED)
<BR><BR>[Calls]<UL><LI><a href="#[11c]">&gt;&gt;</a>&nbsp;&nbsp;&nbsp;SIGFOX_API_send_outofband
<LI><a href="#[11e]">&gt;&gt;</a>&nbsp;&nbsp;&nbsp;SIGFOX_PN_next_pn
<LI><a href="#[11a]">&gt;&gt;</a>&nbsp;&nbsp;&nbsp;SIGFOX_INT_send_frame
<LI><a href="#[11b]">&gt;&gt;</a>&nbsp;&nbsp;&nbsp;SIGFOX_INT_receive_frame
<LI><a href="#[120]">&gt;&gt;</a>&nbsp;&nbsp;&nbsp;SIGFOX_INT_dc_lbt_channel_pn_min
<LI><a href="#[121]">&gt;&gt;</a>&nbsp;&nbsp;&nbsp;SIGFOX_INT_dc_lbt_channel_pn_max
<LI><a href="#[119]">&gt;&gt;</a>&nbsp;&nbsp;&nbsp;SIGFOX_INT_build_frame
<LI><a href="#[ef]">&gt;&gt;</a>&nbsp;&nbsp;&nbsp;MANUF_API_wait_frame
<LI><a href="#[f8]">&gt;&gt;</a>&nbsp;&nbsp;&nbsp;MANUF_API_timer_stop
<LI><a href="#[f7]">&gt;&gt;</a>&nbsp;&nbsp;&nbsp;MANUF_API_timer_start
<LI><a href="#[e0]">&gt;&gt;</a>&nbsp;&nbsp;&nbsp;MANUF_API_rf_stop
<LI><a href="#[e1]">&gt;&gt;</a>&nbsp;&nbsp;&nbsp;MANUF_API_rf_send
<LI><a href="#[d5]">&gt;&gt;</a>&nbsp;&nbsp;&nbsp;MANUF_API_rf_init
<LI><a href="#[fc]">&gt;&gt;</a>&nbsp;&nbsp;&nbsp;MANUF_API_report_test_result
<LI><a href="#[11f]">&gt;&gt;</a>&nbsp;&nbsp;&nbsp;MANUF_API_get_rssi
<LI><a href="#[e7]">&gt;&gt;</a>&nbsp;&nbsp;&nbsp;MANUF_API_delay
<LI><a href="#[e8]">&gt;&gt;</a>&nbsp;&nbsp;&nbsp;MANUF_API_change_frequency
<LI><a href="#[75]">&gt;&gt;</a>&nbsp;&nbsp;&nbsp;SIGFOX_API_send_frame
</UL>

<P><STRONG><a name="[7f]"></a>SIGFOX_API_get_info</STRONG> (Thumb, 156 bytes, Stack size 4 bytes, sigfox_api.o(.text), UNUSED)
<BR><BR>[Called By]<UL><LI><a href="#[7e]">&gt;&gt;</a>&nbsp;&nbsp;&nbsp;ST_SIGFOX_API_get_info
</UL>

<P><STRONG><a name="[e2]"></a>S2LPCmdStrobeCommand</STRONG> (Thumb, 28 bytes, Stack size 8 bytes, S2LP_Commands.o(.text))
<BR><BR>[Stack]<UL><LI>Max Depth = 96<LI>Call Chain = S2LPCmdStrobeCommand &rArr; ST_LOWLEVEL_CmdStrobe &rArr; SdkEvalSpiCommandStrobes &rArr; HAL_SPI_TransmitReceive_DMA &rArr; HAL_DMA_Start_IT &rArr; DMA_SetConfig
</UL>
<BR>[Calls]<UL><LI><a href="#[a0]">&gt;&gt;</a>&nbsp;&nbsp;&nbsp;ST_LOWLEVEL_CmdStrobe
</UL>
<BR>[Called By]<UL><LI><a href="#[e1]">&gt;&gt;</a>&nbsp;&nbsp;&nbsp;MANUF_API_rf_send
</UL>

<P><STRONG><a name="[f3]"></a>S2LPFifoReadNumberBytesRxFifo</STRONG> (Thumb, 12 bytes, Stack size 16 bytes, S2LP_Fifo.o(.text))
<BR><BR>[Stack]<UL><LI>Max Depth = 120<LI>Call Chain = S2LPFifoReadNumberBytesRxFifo &rArr; [Anonymous Symbol] &rArr; ST_LOWLEVEL_ReadRegisters &rArr; SdkEvalSpiReadRegisters &rArr; HAL_SPI_TransmitReceive_DMA &rArr; HAL_DMA_Start_IT &rArr; DMA_SetConfig
</UL>
<BR>[Calls]<UL><LI><a href="#[122]">&gt;&gt;</a>&nbsp;&nbsp;&nbsp;[Anonymous Symbol]
</UL>
<BR>[Called By]<UL><LI><a href="#[ef]">&gt;&gt;</a>&nbsp;&nbsp;&nbsp;MANUF_API_wait_frame
</UL>

<P><STRONG><a name="[28f]"></a>S2LPFifoReadNumberBytesTxFifo</STRONG> (Thumb, 10 bytes, Stack size 16 bytes, S2LP_Fifo.o(.text), UNUSED)

<P><STRONG><a name="[123]"></a>S2LPFifoSetAlmostFullThresholdRx</STRONG> (Thumb, 36 bytes, Stack size 16 bytes, S2LP_Fifo.o(.text), UNUSED)
<BR><BR>[Calls]<UL><LI><a href="#[8e]">&gt;&gt;</a>&nbsp;&nbsp;&nbsp;ST_LOWLEVEL_ReadRegisters
<LI><a href="#[124]">&gt;&gt;</a>&nbsp;&nbsp;&nbsp;[Anonymous Symbol]
</UL>

<P><STRONG><a name="[125]"></a>S2LPFifoGetAlmostFullThresholdRx</STRONG> (Thumb, 12 bytes, Stack size 16 bytes, S2LP_Fifo.o(.text), UNUSED)
<BR><BR>[Calls]<UL><LI><a href="#[126]">&gt;&gt;</a>&nbsp;&nbsp;&nbsp;[Anonymous Symbol]
</UL>

<P><STRONG><a name="[127]"></a>S2LPFifoSetAlmostEmptyThresholdRx</STRONG> (Thumb, 34 bytes, Stack size 16 bytes, S2LP_Fifo.o(.text), UNUSED)
<BR><BR>[Calls]<UL><LI><a href="#[8e]">&gt;&gt;</a>&nbsp;&nbsp;&nbsp;ST_LOWLEVEL_ReadRegisters
</UL>

<P><STRONG><a name="[290]"></a>S2LPFifoGetAlmostEmptyThresholdRx</STRONG> (Thumb, 10 bytes, Stack size 16 bytes, S2LP_Fifo.o(.text), UNUSED)

[...]
<LI><a href="#[a9]">&gt;&gt;</a>&nbsp;&nbsp;&nbsp;S2LPRadioSetChannel
</UL>

<P><STRONG><a name="[ad]"></a>[Anonymous Symbol]</STRONG> (Thumb, 0 bytes, Stack size unknown bytes, S2LP_Radio.o(.text))
<BR><BR>[Stack]<UL><LI>Max Depth = 88 + Unknown Stack Size
<LI>Call Chain = [Anonymous Symbol] &rArr; ST_LOWLEVEL_WriteRegisters &rArr; SdkEvalSpiWriteRegisters &rArr; HAL_SPI_TransmitReceive_DMA &rArr; HAL_DMA_Start_IT &rArr; DMA_SetConfig
</UL>
<BR>[Calls]<UL><LI><a href="#[a3]">&gt;&gt;</a>&nbsp;&nbsp;&nbsp;ST_LOWLEVEL_WriteRegisters
</UL>
<BR>[Called By]<UL><LI><a href="#[d0]">&gt;&gt;</a>&nbsp;&nbsp;&nbsp;S2LPRadioSymClkRecoverInit
<LI><a href="#[ac]">&gt;&gt;</a>&nbsp;&nbsp;&nbsp;S2LPRadioSetRefDiv
<LI><a href="#[bc]">&gt;&gt;</a>&nbsp;&nbsp;&nbsp;S2LPRadioSetPALeveldBm
<LI><a href="#[b8]">&gt;&gt;</a>&nbsp;&nbsp;&nbsp;S2LPRadioSetModulation
<LI><a href="#[ce]">&gt;&gt;</a>&nbsp;&nbsp;&nbsp;S2LPRadioSetIsiEqualizationMode
<LI><a href="#[a2]">&gt;&gt;</a>&nbsp;&nbsp;&nbsp;S2LPRadioSetDigDiv
</UL>

<P><STRONG><a name="[af]"></a>[Anonymous Symbol]</STRONG> (Thumb, 0 bytes, Stack size 16 bytes, S2LP_Radio.o(.text), UNUSED)
<BR><BR>[Called By]<UL><LI><a href="#[b4]">&gt;&gt;</a>&nbsp;&nbsp;&nbsp;S2LPRadioSetFrequencyDev
<LI><a href="#[b2]">&gt;&gt;</a>&nbsp;&nbsp;&nbsp;S2LPRadioSetDatarate
<LI><a href="#[ae]">&gt;&gt;</a>&nbsp;&nbsp;&nbsp;S2LPRadioSetChannelSpace
<LI><a href="#[b6]">&gt;&gt;</a>&nbsp;&nbsp;&nbsp;S2LPRadioSetChannelBW
</UL>

<P><STRONG><a name="[bb]"></a>[Anonymous Symbol]</STRONG> (Thumb, 0 bytes, Stack size 16 bytes, S2LP_Radio.o(.text), UNUSED)
<BR><BR>[Called By]<UL><LI><a href="#[ba]">&gt;&gt;</a>&nbsp;&nbsp;&nbsp;S2LPRadioSetMaxPALevel
</UL>

<P><STRONG><a name="[c5]"></a>[Anonymous Symbol]</STRONG> (Thumb, 0 bytes, Stack size unknown bytes, S2LP_Radio.o(.text), UNUSED)
<BR><BR>[Called By]<UL><LI><a href="#[c6]">&gt;&gt;</a>&nbsp;&nbsp;&nbsp;S2LPRadioSetManualRampingMode
<LI><a href="#[c4]">&gt;&gt;</a>&nbsp;&nbsp;&nbsp;S2LPRadioSetAutoRampingMode
</UL>

<P><STRONG><a name="[c9]"></a>[Anonymous Symbol]</STRONG> (Thumb, 0 bytes, Stack size 16 bytes, S2LP_Radio.o(.text), UNUSED)
<BR><BR>[Called By]<UL><LI><a href="#[c8]">&gt;&gt;</a>&nbsp;&nbsp;&nbsp;S2LPRadioSetTxCalibVcoAmpWord
</UL>

<P><STRONG><a name="[e6]"></a>[Anonymous Symbol]</STRONG> (Thumb, 0 bytes, Stack size 32 bytes, st_manuf_api.o(.text))
<BR><BR>[Stack]<UL><LI>Max Depth = 132<LI>Call Chain = [Anonymous Symbol] &rArr; ST_LOWLEVEL_GpioIRQ &rArr; SdkEvalM2SGpioInit &rArr; HAL_GPIO_Init
</UL>
<BR>[Calls]<UL><LI><a href="#[d9]">&gt;&gt;</a>&nbsp;&nbsp;&nbsp;ST_LOWLEVEL_GpioIRQ
</UL>
<BR>[Called By]<UL><LI><a href="#[ef]">&gt;&gt;</a>&nbsp;&nbsp;&nbsp;MANUF_API_wait_frame
</UL>

<P><STRONG><a name="[107]"></a>l20</STRONG> (Thumb, 50 bytes, Stack size 8 bytes, asfd32.o(.text))
<BR><BR>[Stack]<UL><LI>Max Depth = 40<LI>Call Chain = l20 &rArr; l21 &rArr; [Anonymous Symbol] &rArr;  [Anonymous Symbol] (Cycle)
</UL>
<BR>[Calls]<UL><LI><a href="#[104]">&gt;&gt;</a>&nbsp;&nbsp;&nbsp;l54
<LI><a href="#[109]">&gt;&gt;</a>&nbsp;&nbsp;&nbsp;l34
<LI><a href="#[108]">&gt;&gt;</a>&nbsp;&nbsp;&nbsp;l3
<LI><a href="#[102]">&gt;&gt;</a>&nbsp;&nbsp;&nbsp;l21
</UL>
<BR>[Called By]<UL><LI><a href="#[10d]">&gt;&gt;</a>&nbsp;&nbsp;&nbsp;l40
</UL>

<P><STRONG><a name="[102]"></a>l21</STRONG> (Thumb, 12 bytes, Stack size 16 bytes, asfd32.o(.text))
<BR><BR>[Stack]<UL><LI>Max Depth = 32<LI>Call Chain = l21 &rArr; [Anonymous Symbol] &rArr;  [Anonymous Symbol] (Cycle)
</UL>
<BR>[Calls]<UL><LI><a href="#[103]">&gt;&gt;</a>&nbsp;&nbsp;&nbsp;[Anonymous Symbol]
</UL>
<BR>[Called By]<UL><LI><a href="#[107]">&gt;&gt;</a>&nbsp;&nbsp;&nbsp;l20
</UL>

<P><STRONG><a name="[10c]"></a>l25</STRONG> (Thumb, 10 bytes, Stack size 16 bytes, asfd32.o(.text))
<BR><BR>[Stack]<UL><LI>Max Depth = 16<LI>Call Chain = l25
</UL>
<BR>[Called By]<UL><LI><a href="#[10a]">&gt;&gt;</a>&nbsp;&nbsp;&nbsp;l30
</UL>

<P><STRONG><a name="[108]"></a>l3</STRONG> (Thumb, 50 bytes, Stack size 24 bytes, asfd32.o(.text))
<BR><BR>[Stack]<UL><LI>Max Depth = 24<LI>Call Chain = l3
</UL>
<BR>[Called By]<UL><LI><a href="#[10a]">&gt;&gt;</a>&nbsp;&nbsp;&nbsp;l30
<LI><a href="#[107]">&gt;&gt;</a>&nbsp;&nbsp;&nbsp;l20
</UL>

<P><STRONG><a name="[10a]"></a>l30</STRONG> (Thumb, 52 bytes, Stack size 8 bytes, asfd32.o(.text))
<BR><BR>[Stack]<UL><LI>Max Depth = 48<LI>Call Chain = l30 &rArr; l35
</UL>
<BR>[Calls]<UL><LI><a href="#[106]">&gt;&gt;</a>&nbsp;&nbsp;&nbsp;l35
<LI><a href="#[10b]">&gt;&gt;</a>&nbsp;&nbsp;&nbsp;l33
<LI><a href="#[108]">&gt;&gt;</a>&nbsp;&nbsp;&nbsp;l3
<LI><a href="#[10c]">&gt;&gt;</a>&nbsp;&nbsp;&nbsp;l25
</UL>
<BR>[Called By]<UL><LI><a href="#[111]">&gt;&gt;</a>&nbsp;&nbsp;&nbsp;l43
</UL>

<P><STRONG><a name="[10f]"></a>l32</STRONG> (Thumb, 26 bytes, Stack size 12 bytes, asfd32.o(.text))
<BR><BR>[Stack]<UL><LI>Max Depth = 12<LI>Call Chain = l32
</UL>
<BR>[Called By]<UL><LI><a href="#[111]">&gt;&gt;</a>&nbsp;&nbsp;&nbsp;l43
<LI><a href="#[10d]">&gt;&gt;</a>&nbsp;&nbsp;&nbsp;l40
</UL>

<P><STRONG><a name="[10b]"></a>l33</STRONG> (Thumb, 54 bytes, Stack size 0 bytes, asfd32.o(.text))
<BR><BR>[Called By]<UL><LI><a href="#[10a]">&gt;&gt;</a>&nbsp;&nbsp;&nbsp;l30
</UL>

<P><STRONG><a name="[109]"></a>l34</STRONG> (Thumb, 54 bytes, Stack size 0 bytes, asfd32.o(.text))
<BR><BR>[Called By]<UL><LI><a href="#[107]">&gt;&gt;</a>&nbsp;&nbsp;&nbsp;l20
</UL>

<P><STRONG><a name="[106]"></a>l35</STRONG> (Thumb, 1266 bytes, Stack size 40 bytes, asfd32.o(.text))
<BR><BR>[Stack]<UL><LI>Max Depth = 40<LI>Call Chain = l35
</UL>
<BR>[Calls]<UL><LI><a href="#[105]">&gt;&gt;</a>&nbsp;&nbsp;&nbsp;la
</UL>
<BR>[Called By]<UL><LI><a href="#[10a]">&gt;&gt;</a>&nbsp;&nbsp;&nbsp;l30
</UL>

<P><STRONG><a name="[101]"></a>l36</STRONG> (Thumb, 172 bytes, Stack size 24 bytes, asfd32.o(.text))
<BR><BR>[Stack]<UL><LI>Max Depth = 24<LI>Call Chain = l36
</UL>
<BR>[Calls]<UL><LI><a href="#[100]">&gt;&gt;</a>&nbsp;&nbsp;&nbsp;__aeabi_memcpy
</UL>
<BR>[Called By]<UL><LI><a href="#[10d]">&gt;&gt;</a>&nbsp;&nbsp;&nbsp;l40
</UL>

<P><STRONG><a name="[10e]"></a>l4</STRONG> (Thumb, 14 bytes, Stack size 0 bytes, asfd32.o(.text))
<BR><BR>[Called By]<UL><LI><a href="#[111]">&gt;&gt;</a>&nbsp;&nbsp;&nbsp;l43
<LI><a href="#[10d]">&gt;&gt;</a>&nbsp;&nbsp;&nbsp;l40
</UL>

<P><STRONG><a name="[ff]"></a>l42</STRONG> (Thumb, 158 bytes, Stack size 24 bytes, asfd32.o(.text))
<BR><BR>[Stack]<UL><LI>Max Depth = 24<LI>Call Chain = l42
</UL>
<BR>[Calls]<UL><LI><a href="#[100]">&gt;&gt;</a>&nbsp;&nbsp;&nbsp;__aeabi_memcpy
</UL>
<BR>[Called By]<UL><LI><a href="#[111]">&gt;&gt;</a>&nbsp;&nbsp;&nbsp;l43
</UL>

<P><STRONG><a name="[104]"></a>l54</STRONG> (Thumb, 112 bytes, Stack size 24 bytes, asfd32.o(.text))
<BR><BR>[Stack]<UL><LI>Max Depth = 24<LI>Call Chain = l54
</UL>
<BR>[Calls]<UL><LI><a href="#[105]">&gt;&gt;</a>&nbsp;&nbsp;&nbsp;la
</UL>
<BR>[Called By]<UL><LI><a href="#[107]">&gt;&gt;</a>&nbsp;&nbsp;&nbsp;l20
</UL>

<P><STRONG><a name="[105]"></a>la</STRONG> (Thumb, 14 bytes, Stack size 0 bytes, asfd32.o(.text))
<BR><BR>[Called By]<UL><LI><a href="#[104]">&gt;&gt;</a>&nbsp;&nbsp;&nbsp;l54
<LI><a href="#[106]">&gt;&gt;</a>&nbsp;&nbsp;&nbsp;l35
</UL>

<P><STRONG><a name="[103]"></a>[Anonymous Symbol]</STRONG> (Thumb, 0 bytes, Stack size 16 bytes, asfd32.o(.text))
<BR><BR>[Stack]<UL><LI>Max Depth = 16 + In Cycle
<LI>Call Chain = [Anonymous Symbol] &rArr;  [Anonymous Symbol] (Cycle)
</UL>
<BR>[Calls]<UL><LI><a href="#[103]">&gt;&gt;</a>&nbsp;&nbsp;&nbsp;[Anonymous Symbol]
</UL>
<BR>[Called By]<UL><LI><a href="#[103]">&gt;&gt;</a>&nbsp;&nbsp;&nbsp;[Anonymous Symbol]
<LI><a href="#[102]">&gt;&gt;</a>&nbsp;&nbsp;&nbsp;l21
</UL>

<P><STRONG><a name="[122]"></a>[Anonymous Symbol]</STRONG> (Thumb, 0 bytes, Stack size 16 bytes, S2LP_Fifo.o(.text))
<BR><BR>[Stack]<UL><LI>Max Depth = 104<LI>Call Chain = [Anonymous Symbol] &rArr; ST_LOWLEVEL_ReadRegisters &rArr; SdkEvalSpiReadRegisters &rArr; HAL_SPI_TransmitReceive_DMA &rArr; HAL_DMA_Start_IT &rArr; DMA_SetConfig
</UL>
<BR>[Calls]<UL><LI><a href="#[8e]">&gt;&gt;</a>&nbsp;&nbsp;&nbsp;ST_LOWLEVEL_ReadRegisters
</UL>
<BR>[Called By]<UL><LI><a href="#[f3]">&gt;&gt;</a>&nbsp;&nbsp;&nbsp;S2LPFifoReadNumberBytesRxFifo
</UL>

<P><STRONG><a name="[124]"></a>[Anonymous Symbol]</STRONG> (Thumb, 0 bytes, Stack size 16 bytes, S2LP_Fifo.o(.text))
<BR><BR>[Stack]<UL><LI>Max Depth = 104<LI>Call Chain = [Anonymous Symbol] &rArr; ST_LOWLEVEL_WriteRegisters &rArr; SdkEvalSpiWriteRegisters &rArr; HAL_SPI_TransmitReceive_DMA &rArr; HAL_DMA_Start_IT &rArr; DMA_SetConfig
</UL>
<BR>[Calls]<UL><LI><a href="#[a3]">&gt;&gt;</a>&nbsp;&nbsp;&nbsp;ST_LOWLEVEL_WriteRegisters
</UL>
<BR>[Called By]<UL><LI><a href="#[128]">&gt;&gt;</a>&nbsp;&nbsp;&nbsp;S2LPFifoSetAlmostFullThresholdTx
<LI><a href="#[123]">&gt;&gt;</a>&nbsp;&nbsp;&nbsp;S2LPFifoSetAlmostFullThresholdRx
<LI><a href="#[12b]">&gt;&gt;</a>&nbsp;&nbsp;&nbsp;S2LPFifoMuxRxFifoIrqEnable
<LI><a href="#[dc]">&gt;&gt;</a>&nbsp;&nbsp;&nbsp;S2LPFifoSetAlmostEmptyThresholdTx
</UL>

<P><STRONG><a name="[126]"></a>[Anonymous Symbol]</STRONG> (Thumb, 0 bytes, Stack size 16 bytes, S2LP_Fifo.o(.text), UNUSED)
<BR><BR>[Calls]<UL><LI><a href="#[8e]">&gt;&gt;</a>&nbsp;&nbsp;&nbsp;ST_LOWLEVEL_ReadRegisters
</UL>
<BR>[Called By]<UL><LI><a href="#[129]">&gt;&gt;</a>&nbsp;&nbsp;&nbsp;S2LPFifoGetAlmostFullThresholdTx
<LI><a href="#[125]">&gt;&gt;</a>&nbsp;&nbsp;&nbsp;S2LPFifoGetAlmostFullThresholdRx
<LI><a href="#[12a]">&gt;&gt;</a>&nbsp;&nbsp;&nbsp;S2LPFifoGetAlmostEmptyThresholdTx
</UL>

<P><STRONG><a name="[12c]"></a>[Anonymous Symbol]</STRONG> (Thumb, 0 bytes, Stack size 16 bytes, S2LP_Gpio.o(.text))
<BR><BR>[Stack]<UL><LI>Max Depth = 104<LI>Call Chain = [Anonymous Symbol] &rArr; ST_LOWLEVEL_WriteRegisters &rArr; SdkEvalSpiWriteRegisters &rArr; HAL_SPI_TransmitReceive_DMA &rArr; HAL_DMA_Start_IT &rArr; DMA_SetConfig
</UL>
<BR>[Calls]<UL><LI><a href="#[a3]">&gt;&gt;</a>&nbsp;&nbsp;&nbsp;ST_LOWLEVEL_WriteRegisters
</UL>
<BR>[Called By]<UL><LI><a href="#[e4]">&gt;&gt;</a>&nbsp;&nbsp;&nbsp;S2LPGpioInit
</UL>

<P><STRONG><a name="[12e]"></a>[Anonymous Symbol]</STRONG> (Thumb, 0 bytes, Stack size 16 bytes, S2LP_Gpio.o(.text), UNUSED)
<BR><BR>[Called By]<UL><LI><a href="#[12d]">&gt;&gt;</a>&nbsp;&nbsp;&nbsp;S2LPGpioSetLevel
</UL>

<P><STRONG><a name="[132]"></a>[Anonymous Symbol]</STRONG> (Thumb, 0 bytes, Stack size 8 bytes, S2LP_Gpio.o(.text), UNUSED)
<BR><BR>[Called By]<UL><LI><a href="#[131]">&gt;&gt;</a>&nbsp;&nbsp;&nbsp;S2LPGpioIrqInit
</UL>

<P><STRONG><a name="[134]"></a>[Anonymous Symbol]</STRONG> (Thumb, 0 bytes, Stack size 16 bytes, S2LP_Gpio.o(.text), UNUSED)
<BR><BR>[Calls]<UL><LI><a href="#[8e]">&gt;&gt;</a>&nbsp;&nbsp;&nbsp;ST_LOWLEVEL_ReadRegisters
</UL>
<BR>[Called By]<UL><LI><a href="#[133]">&gt;&gt;</a>&nbsp;&nbsp;&nbsp;S2LPGpioIrqGetMask
</UL>

<P><STRONG><a name="[139]"></a>[Anonymous Symbol]</STRONG> (Thumb, 0 bytes, Stack size 16 bytes, S2LP_PacketHandler.o(.text), UNUSED)
<BR><BR>[Called By]<UL><LI><a href="#[137]">&gt;&gt;</a>&nbsp;&nbsp;&nbsp;S2LPGetPacketFormat
</UL>

<P><STRONG><a name="[13b]"></a>[Anonymous Symbol]</STRONG> (Thumb, 0 bytes, Stack size 16 bytes, S2LP_PacketHandler.o(.text))
<BR><BR>[Stack]<UL><LI>Max Depth = 104<LI>Call Chain = [Anonymous Symbol] &rArr; ST_LOWLEVEL_WriteRegisters &rArr; SdkEvalSpiWriteRegisters &rArr; HAL_SPI_TransmitReceive_DMA &rArr; HAL_DMA_Start_IT &rArr; DMA_SetConfig
</UL>
<BR>[Calls]<UL><LI><a href="#[a3]">&gt;&gt;</a>&nbsp;&nbsp;&nbsp;ST_LOWLEVEL_WriteRegisters
</UL>
<BR>[Called By]<UL><LI><a href="#[13d]">&gt;&gt;</a>&nbsp;&nbsp;&nbsp;S2LPSetSyncLength
<LI><a href="#[13a]">&gt;&gt;</a>&nbsp;&nbsp;&nbsp;S2LPSetPreambleLength
<LI><a href="#[147]">&gt;&gt;</a>&nbsp;&nbsp;&nbsp;S2LPPktCommonFilterOnCrc
<LI><a href="#[13f]">&gt;&gt;</a>&nbsp;&nbsp;&nbsp;S2LPPacketHandlerWhitening
<LI><a href="#[15b]">&gt;&gt;</a>&nbsp;&nbsp;&nbsp;S2LPPacketHandlerSwapPreamblePattern
<LI><a href="#[15a]">&gt;&gt;</a>&nbsp;&nbsp;&nbsp;S2LPPacketHandlerSwapFifoEndianess
<LI><a href="#[159]">&gt;&gt;</a>&nbsp;&nbsp;&nbsp;S2LPPacketHandlerSwap4FSKSymbol
<LI><a href="#[163]">&gt;&gt;</a>&nbsp;&nbsp;&nbsp;S2LPPacketHandlerSetSrcAddrFlt
<LI><a href="#[162]">&gt;&gt;</a>&nbsp;&nbsp;&nbsp;S2LPPacketHandlerSetRxPersistentMode
<LI><a href="#[154]">&gt;&gt;</a>&nbsp;&nbsp;&nbsp;S2LPPacketHandlerSetRxMode
<LI><a href="#[158]">&gt;&gt;</a>&nbsp;&nbsp;&nbsp;S2LPPacketHandlerSetExtendedLenField
<LI><a href="#[161]">&gt;&gt;</a>&nbsp;&nbsp;&nbsp;S2LPPacketHandlerSetAutoPcktFilter
<LI><a href="#[160]">&gt;&gt;</a>&nbsp;&nbsp;&nbsp;S2LPPacketHandlerSelectSecondarySync
<LI><a href="#[140]">&gt;&gt;</a>&nbsp;&nbsp;&nbsp;S2LPPacketHandlerFec
<LI><a href="#[db]">&gt;&gt;</a>&nbsp;&nbsp;&nbsp;S2LPPacketHandlerSetTxMode
</UL>

<P><STRONG><a name="[142]"></a>[Anonymous Symbol]</STRONG> (Thumb, 0 bytes, Stack size 16 bytes, S2LP_PacketHandler.o(.text), UNUSED)
<BR><BR>[Called By]<UL><LI><a href="#[141]">&gt;&gt;</a>&nbsp;&nbsp;&nbsp;S2LPPacketHandlerManchester
</UL>

<P><STRONG><a name="[145]"></a>[Anonymous Symbol]</STRONG> (Thumb, 0 bytes, Stack size 16 bytes, S2LP_PacketHandler.o(.text), UNUSED)
<BR><BR>[Called By]<UL><LI><a href="#[144]">&gt;&gt;</a>&nbsp;&nbsp;&nbsp;S2LPSetSyncWords
</UL>

<P><STRONG><a name="[149]"></a>[Anonymous Symbol]</STRONG> (Thumb, 0 bytes, Stack size 16 bytes, S2LP_PacketHandler.o(.text), UNUSED)
<BR><BR>[Calls]<UL><LI><a href="#[8e]">&gt;&gt;</a>&nbsp;&nbsp;&nbsp;ST_LOWLEVEL_ReadRegisters
</UL>
<BR>[Called By]<UL><LI><a href="#[14e]">&gt;&gt;</a>&nbsp;&nbsp;&nbsp;S2LPGetRxSourceReferenceAddress
<LI><a href="#[14d]">&gt;&gt;</a>&nbsp;&nbsp;&nbsp;S2LPGetRxSourceMask
<LI><a href="#[148]">&gt;&gt;</a>&nbsp;&nbsp;&nbsp;S2LPGetReceivedDestinationAddress
<LI><a href="#[14a]">&gt;&gt;</a>&nbsp;&nbsp;&nbsp;S2LPGetMyAddress
<LI><a href="#[14c]">&gt;&gt;</a>&nbsp;&nbsp;&nbsp;S2LPGetMulticastAddress
<LI><a href="#[14b]">&gt;&gt;</a>&nbsp;&nbsp;&nbsp;S2LPGetBroadcastAddress
</UL>

<P><STRONG><a name="[150]"></a>[Anonymous Symbol]</STRONG> (Thumb, 0 bytes, Stack size 16 bytes, S2LP_PacketHandler.o(.text), UNUSED)
<BR><BR>[Calls]<UL><LI><a href="#[a3]">&gt;&gt;</a>&nbsp;&nbsp;&nbsp;ST_LOWLEVEL_WriteRegisters
</UL>
<BR>[Called By]<UL><LI><a href="#[14f]">&gt;&gt;</a>&nbsp;&nbsp;&nbsp;S2LPSetRxSourceMask
<LI><a href="#[153]">&gt;&gt;</a>&nbsp;&nbsp;&nbsp;S2LPSetMyAddress
<LI><a href="#[152]">&gt;&gt;</a>&nbsp;&nbsp;&nbsp;S2LPSetMulticastAddress
<LI><a href="#[151]">&gt;&gt;</a>&nbsp;&nbsp;&nbsp;S2LPSetBroadcastAddress
</UL>

<P><STRONG><a name="[15d]"></a>[Anonymous Symbol]</STRONG> (Thumb, 0 bytes, Stack size unknown bytes, S2LP_PacketHandler.o(.text), UNUSED)
<BR><BR>[Called By]<UL><LI><a href="#[15c]">&gt;&gt;</a>&nbsp;&nbsp;&nbsp;S2LPPacketHandlerSetVariableLength
</UL>

<P><STRONG><a name="[16c]"></a>[Anonymous Symbol]</STRONG> (Thumb, 0 bytes, Stack size 16 bytes, S2LP_PktBasic.o(.text), UNUSED)
<BR><BR>[Calls]<UL><LI><a href="#[a3]">&gt;&gt;</a>&nbsp;&nbsp;&nbsp;ST_LOWLEVEL_WriteRegisters
</UL>
<BR>[Called By]<UL><LI><a href="#[16b]">&gt;&gt;</a>&nbsp;&nbsp;&nbsp;S2LPPktBasicAddressField
</UL>

<P><STRONG><a name="[16f]"></a>[Anonymous Symbol]</STRONG> (Thumb, 0 bytes, Stack size 16 bytes, S2LP_PktBasic.o(.text), UNUSED)
<BR><BR>[Calls]<UL><LI><a href="#[8e]">&gt;&gt;</a>&nbsp;&nbsp;&nbsp;ST_LOWLEVEL_ReadRegisters
<LI><a href="#[16d]">&gt;&gt;</a>&nbsp;&nbsp;&nbsp;S2LPPktBasicGetAddressField
</UL>
<BR>[Called By]<UL><LI><a href="#[16e]">&gt;&gt;</a>&nbsp;&nbsp;&nbsp;S2LPPktBasicGetPayloadLength
</UL>

<P><STRONG><a name="[171]"></a>SIGFOX_DECODE_dewhitening</STRONG> (Thumb, 238 bytes, Stack size 20 bytes, sigfox_decode.o(.text))
<BR><BR>[Stack]<UL><LI>Max Depth = 20<LI>Call Chain = SIGFOX_DECODE_dewhitening
</UL>
<BR>[Called By]<UL><LI><a href="#[170]">&gt;&gt;</a>&nbsp;&nbsp;&nbsp;SIGFOX_DECODE_decode_frame
</UL>

<P><STRONG><a name="[176]"></a>SIGFOX_INT_change_frequency</STRONG> (Thumb, 134 bytes, Stack size 16 bytes, sigfox_internal.o(.text))
<BR><BR>[Stack]<UL><LI>Max Depth = 216<LI>Call Chain = SIGFOX_INT_change_frequency &rArr; MANUF_API_change_frequency &rArr; S2LPRadioSetFrequencyBase &rArr; S2LPRadioComputeSynthWord &rArr; round &rArr; __aeabi_dsub &rArr; __aeabi_dadd &rArr; _double_epilogue &rArr; __aeabi_llsr
</UL>
<BR>[Calls]<UL><LI><a href="#[e8]">&gt;&gt;</a>&nbsp;&nbsp;&nbsp;MANUF_API_change_frequency
</UL>
<BR>[Called By]<UL><LI><a href="#[11a]">&gt;&gt;</a>&nbsp;&nbsp;&nbsp;SIGFOX_INT_send_frame
<LI><a href="#[11b]">&gt;&gt;</a>&nbsp;&nbsp;&nbsp;SIGFOX_INT_receive_frame
</UL>

<P><STRONG><a name="[174]"></a>SIGFOX_INT_compute_channels</STRONG> (Thumb, 780 bytes, Stack size 48 bytes, sigfox_internal.o(.text))
<BR><BR>[Stack]<UL><LI>Max Depth = 144<LI>Call Chain = SIGFOX_INT_compute_channels &rArr; MANUF_API_aes_128_cbc_encrypt &rArr; ST_LOWLEVEL_Encrypt &rArr; enc_utils_encrypt &rArr; l40 &rArr; l20 &rArr; l21 &rArr; [Anonymous Symbol] &rArr;  [Anonymous Symbol] (Cycle)
</UL>
<BR>[Calls]<UL><LI><a href="#[11e]">&gt;&gt;</a>&nbsp;&nbsp;&nbsp;SIGFOX_PN_next_pn
<LI><a href="#[ed]">&gt;&gt;</a>&nbsp;&nbsp;&nbsp;MANUF_API_set_nv_mem
<LI><a href="#[e9]">&gt;&gt;</a>&nbsp;&nbsp;&nbsp;MANUF_API_aes_128_cbc_encrypt
<LI><a href="#[96]">&gt;&gt;</a>&nbsp;&nbsp;&nbsp;__aeabi_idiv
<LI><a href="#[95]">&gt;&gt;</a>&nbsp;&nbsp;&nbsp;__aeabi_uidiv
</UL>
<BR>[Called By]<UL><LI><a href="#[11a]">&gt;&gt;</a>&nbsp;&nbsp;&nbsp;SIGFOX_INT_send_frame
</UL>

<P><STRONG><a name="[17e]"></a>[Anonymous Symbol]</STRONG> (Thumb, 0 bytes, Stack size 16 bytes, S2LP_PktWMbus.o(.text), UNUSED)
<BR><BR>[Called By]<UL><LI><a href="#[17b]">&gt;&gt;</a>&nbsp;&nbsp;&nbsp;S2LPPktWMbusSetPostamble
</UL>

<P><STRONG><a name="[26a]"></a>_fp_digits</STRONG> (Thumb, 344 bytes, Stack size 64 bytes, printfa.o(i._fp_digits), UNUSED)
<BR><BR>[Calls]<UL><LI><a href="#[84]">&gt;&gt;</a>&nbsp;&nbsp;&nbsp;__aeabi_dmul
<LI><a href="#[87]">&gt;&gt;</a>&nbsp;&nbsp;&nbsp;__aeabi_ddiv
<LI><a href="#[8a]">&gt;&gt;</a>&nbsp;&nbsp;&nbsp;__aeabi_dadd
<LI><a href="#[18f]">&gt;&gt;</a>&nbsp;&nbsp;&nbsp;__aeabi_uldivmod
<LI><a href="#[192]">&gt;&gt;</a>&nbsp;&nbsp;&nbsp;__aeabi_d2ulz
<LI><a href="#[26b]">&gt;&gt;</a>&nbsp;&nbsp;&nbsp;__aeabi_cdrcmple
</UL>
<BR>[Called By]<UL><LI><a href="#[262]">&gt;&gt;</a>&nbsp;&nbsp;&nbsp;_printf_core
</UL>

<P><STRONG><a name="[262]"></a>_printf_core</STRONG> (Thumb, 1754 bytes, Stack size 128 bytes, printfa.o(i._printf_core), UNUSED)
<BR><BR>[Calls]<UL><LI><a href="#[18f]">&gt;&gt;</a>&nbsp;&nbsp;&nbsp;__aeabi_uldivmod
<LI><a href="#[26c]">&gt;&gt;</a>&nbsp;&nbsp;&nbsp;_printf_pre_padding
<LI><a href="#[26d]">&gt;&gt;</a>&nbsp;&nbsp;&nbsp;_printf_post_padding
<LI><a href="#[26a]">&gt;&gt;</a>&nbsp;&nbsp;&nbsp;_fp_digits
<LI><a href="#[181]">&gt;&gt;</a>&nbsp;&nbsp;&nbsp;__aeabi_uidivmod
</UL>
<BR>[Called By]<UL><LI><a href="#[263]">&gt;&gt;</a>&nbsp;&nbsp;&nbsp;__0vsprintf
<LI><a href="#[261]">&gt;&gt;</a>&nbsp;&nbsp;&nbsp;__0printf
</UL>

<P><STRONG><a name="[26d]"></a>_printf_post_padding</STRONG> (Thumb, 32 bytes, Stack size 24 bytes, printfa.o(i._printf_post_padding), UNUSED)
<BR><BR>[Called By]<UL><LI><a href="#[262]">&gt;&gt;</a>&nbsp;&nbsp;&nbsp;_printf_core
</UL>

<P><STRONG><a name="[26c]"></a>_printf_pre_padding</STRONG> (Thumb, 44 bytes, Stack size 40 bytes, printfa.o(i._printf_pre_padding), UNUSED)
<BR><BR>[Called By]<UL><LI><a href="#[262]">&gt;&gt;</a>&nbsp;&nbsp;&nbsp;_printf_core
</UL>

<P><STRONG><a name="[6d]"></a>_sputc</STRONG> (Thumb, 10 bytes, Stack size 0 bytes, printfa.o(i._sputc))
<BR><BR>[Called By]<UL><LI><a href="#[263]">&gt;&gt;</a>&nbsp;&nbsp;&nbsp;__0vsprintf
</UL>
<BR>[Address Reference Count : 1]<UL><LI> printfa.o(i.__0vsprintf)
</UL><P>
<H3>
Undefined Global Symbols
</H3><HR></body></html>
