<html>
<body>
<pre>
<h1>µVision Build Log</h1>
<h2>Tool Versions:</h2>
IDE-Version: £gVision V5.23.0.0
Copyright (C) 2017 ARM Ltd and ARM Germany GmbH. All rights reserved.
License Information: k1tten TOSHIBA-USER, k1tten, LIC=YSNVG-V1PN8-7HUQU-5T3MI-62JWP-CJLZ6
 
Tool Versions:
Toolchain:       MDK-ARM Cortex-M0/M0+ 256K for ST  Version: 5.23
Toolchain Path:  C:\Keil_v5\ARM\ARMCC\Bin
C Compiler:      Armcc.exe V5.06 update 4 (build 422)
Assembler:       Armasm.exe V5.06 update 4 (build 422)
Linker/Locator:  ArmLink.exe V5.06 update 4 (build 422)
Library Manager: ArmAr.exe V5.06 update 4 (build 422)
Hex Converter:   FromElf.exe V5.06 update 4 (build 422)
CPU DLL:         SARMCM3.DLL V5.23
Dialog DLL:      DARMCM1.DLL V1.17.0.0
Target DLL:      STLink\ST-LINKIII-KEIL_SWO.dll V2.0.18.0
Dialog DLL:      TARMCM1.DLL V1.12.0.0
 
<h2>Project:</h2>
E:\S2-LP_SigFox_DK_1.1.0_UnaHack(RC1)\Projects\Projects_Cube\SigFox_Applications\L0_SigFox_Sensor_Term_Project\MDK-ARM\SigFoxSensor.uvprojx
Project File Date:  02/17/2017

<h2>Output:</h2>
*** Using Compiler 'V5.06 update 4 (build 422)', folder: 'C:\Keil_v5\ARM\ARMCC\Bin'
Rebuild target 'NUCLEO_L0_FCC'
compiling stm32l0xx_it.c...
compiling st_lowlevel_nucleo.c...
compiling main.c...
..\Source\main.c(135): warning:  #951-D: return type of function "main" must be "int"
  void main(void)
..\Source\main.c(143): warning:  #177-D: variable "cust_counter"  was declared but never referenced
    uint32_t cust_counter=0;
..\Source\main.c(147): warning:  #177-D: variable "temp"  was declared but never referenced
  	char temp;
..\Source\main.c(402): warning:  #940-D: missing return statement at end of non-void function "Humidity_Sensor_Handler" 
  }
..\Source\main.c(452): warning:  #940-D: missing return statement at end of non-void function "Temperature_Sensor_Handler" 
  }
..\Source\main.c(578): warning:  #1-D: last line of file ends without a newline
  #endif
..\Source\main.c(29): warning:  #177-D: variable "LPS22HB_T_0_handle"  was declared but never referenced
  static void *LPS22HB_T_0_handle  = NULL;
..\Source\main.c(52): warning:  #177-D: function "Pressure_Sensor_Handler"  was declared but never referenced
  static void Pressure_Sensor_Handler( void *handle );
..\Source\main.c: 8 warnings, 0 errors
compiling S2LP_SDK_Util.c...
compiling SDK_EVAL_Button.c...
compiling com.c...
compiling SDK_EVAL_Config.c...
compiling SDK_EVAL_EEPROM.c...
compiling SDK_EVAL_Gpio.c...
compiling SDK_EVAL_Led.c...
compiling SDK_EVAL_Timers.c...
compiling SDK_EVAL_Spi_Driver_DMA.c...
compiling stm32l0xx_hal.c...
compiling stm32l0xx_hal_adc_ex.c...
compiling stm32l0xx_hal_adc.c...
compiling stm32l0xx_hal_comp_ex.c...
compiling stm32l0xx_hal_comp.c...
compiling stm32l0xx_hal_cortex.c...
compiling stm32l0xx_hal_cryp.c...
compiling stm32l0xx_hal_cryp_ex.c...
compiling stm32l0xx_hal_crc.c...
compiling stm32l0xx_hal_crc_ex.c...
compiling stm32l0xx_hal_dac.c...
compiling stm32l0xx_hal_dac_ex.c...
compiling stm32l0xx_hal_firewall.c...
compiling stm32l0xx_hal_dma.c...
compiling stm32l0xx_hal_flash_ramfunc.c...
compiling stm32l0xx_hal_flash.c...
compiling stm32l0xx_hal_flash_ex.c...
compiling stm32l0xx_hal_gpio.c...
compiling stm32l0xx_hal_i2c_ex.c...
compiling stm32l0xx_hal_i2c.c...
compiling stm32l0xx_hal_iwdg.c...
compiling stm32l0xx_hal_i2s.c...
compiling stm32l0xx_hal_irda.c...
compiling stm32l0xx_hal_msp_template.c...
compiling stm32l0xx_hal_lcd.c...
compiling stm32l0xx_hal_lptim.c...
compiling stm32l0xx_hal_pcd_ex.c...
compiling stm32l0xx_hal_pwr.c...
compiling stm32l0xx_hal_pcd.c...
compiling stm32l0xx_hal_pwr_ex.c...
compiling stm32l0xx_hal_rcc_ex.c...
compiling stm32l0xx_hal_rcc.c...
compiling stm32l0xx_hal_rtc.c...
compiling stm32l0xx_hal_rng.c...
compiling stm32l0xx_hal_rtc_ex.c...
compiling stm32l0xx_hal_smartcard_ex.c...
compiling stm32l0xx_hal_smartcard.c...
compiling stm32l0xx_hal_smbus.c...
compiling stm32l0xx_hal_tim_ex.c...
compiling stm32l0xx_hal_tim.c...
compiling stm32l0xx_hal_tsc.c...
compiling stm32l0xx_hal_spi.c...
compiling stm32l0xx_hal_uart_ex.c...
compiling stm32l0xx_hal_uart.c...
compiling stm32l0xx_hal_usart.c...
compiling stm32l0xx_hal_wwdg.c...
compiling x_nucleo_iks01a2.c...
compiling x_nucleo_iks01a2_accelero.c...
compiling x_nucleo_iks01a2_gyro.c...
compiling x_nucleo_iks01a2_humidity.c...
compiling x_nucleo_iks01a2_magneto.c...
compiling x_nucleo_iks01a2_pressure.c...
compiling HTS221_Driver_HL.c...
compiling HTS221_Driver.c...
compiling LPS22HB_Driver_HL.c...
compiling LPS22HB_Driver.c...
compiling LSM6DSL_ACC_GYRO_driver_HL.c...
compiling x_nucleo_iks01a2_temperature.c...
compiling LSM6DSL_ACC_GYRO_driver.c...
compiling LSM303AGR_ACC_driver_HL.c...
compiling LSM303AGR_MAG_driver.c...
compiling LSM303AGR_MAG_driver_HL.c...
assembling startup_stm32l053xx.s...
compiling LSM303AGR_ACC_driver.c...
compiling system_stm32l0xx.c...
linking...
Program Size: Code=50324 RO-data=564 RW-data=1220 ZI-data=3516  
FromELF: creating hex file...
".\Objects\SigFox_PushButton_FCC.axf" - 0 Error(s), 8 Warning(s).

<h2>Software Packages used:</h2>

Package Vendor: ARM
                http://www.keil.com/pack/ARM.CMSIS.5.0.1.pack
                ARM::CMSIS:CORE:5.0.1
                CMSIS (Cortex Microcontroller Software Interface Standard)
   * Component: CORE Version: 5.0.1

Package Vendor: Keil
                http://www.keil.com/pack/Keil.STM32L0xx_DFP.1.6.0.pack
                Keil::Device:Startup:1.6.0
                STMicroelectronics STM32L0 Series Device Support and Examples
   * Component: Startup Version: 1.6.0

<h2>Collection of Component include folders:</h2>
  .\RTE\_NUCLEO_L0_FCC
  C:\Keil_v5\ARM\PACK\ARM\CMSIS\5.0.1\CMSIS\Include
  C:\Keil_v5\ARM\PACK\Keil\STM32L0xx_DFP\1.6.0\Device\Include

<h2>Collection of Component Files used:</h2>

   * Component: ARM::CMSIS:CORE:5.0.1

   * Component: Keil::Device:Startup:1.6.0
      Source file:   Device\Source\system_stm32l0xx.c
      Source file:   Device\Source\ARM\startup_stm32l053xx.s
      Source file:   Device\Source\ARM\STM32L0xx_OPT.s
Build Time Elapsed:  00:00:31
</pre>
</body>
</html>
